Archive member included to satisfy reference by file (symbol)

C:/ST/STM32CubeIDE_1.14.0/STM32CubeIDE/plugins/com.st.stm32cube.ide.mcu.externaltools.gnu-tools-for-stm32.13.3.rel1.win32_1.0.0.202411081344/tools/bin/../lib/gcc/arm-none-eabi/13.3.1/../../../../arm-none-eabi/lib/thumb/v7e-m+fp/hard\libc_nano.a(libc_a-exit.o)
                              C:/ST/STM32CubeIDE_1.14.0/STM32CubeIDE/plugins/com.st.stm32cube.ide.mcu.externaltools.gnu-tools-for-stm32.13.3.rel1.win32_1.0.0.202411081344/tools/bin/../lib/gcc/arm-none-eabi/13.3.1/../../../../arm-none-eabi/lib/thumb/v7e-m+fp/hard/crt0.o (exit)
C:/ST/STM32CubeIDE_1.14.0/STM32CubeIDE/plugins/com.st.stm32cube.ide.mcu.externaltools.gnu-tools-for-stm32.13.3.rel1.win32_1.0.0.202411081344/tools/bin/../lib/gcc/arm-none-eabi/13.3.1/../../../../arm-none-eabi/lib/thumb/v7e-m+fp/hard\libc_nano.a(libc_a-findfp.o)
                              C:/ST/STM32CubeIDE_1.14.0/STM32CubeIDE/plugins/com.st.stm32cube.ide.mcu.externaltools.gnu-tools-for-stm32.13.3.rel1.win32_1.0.0.202411081344/tools/bin/../lib/gcc/arm-none-eabi/13.3.1/../../../../arm-none-eabi/lib/thumb/v7e-m+fp/hard\libc_nano.a(libc_a-exit.o) (__stdio_exit_handler)
C:/ST/STM32CubeIDE_1.14.0/STM32CubeIDE/plugins/com.st.stm32cube.ide.mcu.externaltools.gnu-tools-for-stm32.13.3.rel1.win32_1.0.0.202411081344/tools/bin/../lib/gcc/arm-none-eabi/13.3.1/../../../../arm-none-eabi/lib/thumb/v7e-m+fp/hard\libc_nano.a(libc_a-fwalk.o)
                              C:/ST/STM32CubeIDE_1.14.0/STM32CubeIDE/plugins/com.st.stm32cube.ide.mcu.externaltools.gnu-tools-for-stm32.13.3.rel1.win32_1.0.0.202411081344/tools/bin/../lib/gcc/arm-none-eabi/13.3.1/../../../../arm-none-eabi/lib/thumb/v7e-m+fp/hard\libc_nano.a(libc_a-findfp.o) (_fwalk_sglue)
C:/ST/STM32CubeIDE_1.14.0/STM32CubeIDE/plugins/com.st.stm32cube.ide.mcu.externaltools.gnu-tools-for-stm32.13.3.rel1.win32_1.0.0.202411081344/tools/bin/../lib/gcc/arm-none-eabi/13.3.1/../../../../arm-none-eabi/lib/thumb/v7e-m+fp/hard\libc_nano.a(libc_a-stdio.o)
                              C:/ST/STM32CubeIDE_1.14.0/STM32CubeIDE/plugins/com.st.stm32cube.ide.mcu.externaltools.gnu-tools-for-stm32.13.3.rel1.win32_1.0.0.202411081344/tools/bin/../lib/gcc/arm-none-eabi/13.3.1/../../../../arm-none-eabi/lib/thumb/v7e-m+fp/hard\libc_nano.a(libc_a-findfp.o) (__sread)
C:/ST/STM32CubeIDE_1.14.0/STM32CubeIDE/plugins/com.st.stm32cube.ide.mcu.externaltools.gnu-tools-for-stm32.13.3.rel1.win32_1.0.0.202411081344/tools/bin/../lib/gcc/arm-none-eabi/13.3.1/../../../../arm-none-eabi/lib/thumb/v7e-m+fp/hard\libc_nano.a(libc_a-memset.o)
                              C:/ST/STM32CubeIDE_1.14.0/STM32CubeIDE/plugins/com.st.stm32cube.ide.mcu.externaltools.gnu-tools-for-stm32.13.3.rel1.win32_1.0.0.202411081344/tools/bin/../lib/gcc/arm-none-eabi/13.3.1/../../../../arm-none-eabi/lib/thumb/v7e-m+fp/hard/crt0.o (memset)
C:/ST/STM32CubeIDE_1.14.0/STM32CubeIDE/plugins/com.st.stm32cube.ide.mcu.externaltools.gnu-tools-for-stm32.13.3.rel1.win32_1.0.0.202411081344/tools/bin/../lib/gcc/arm-none-eabi/13.3.1/../../../../arm-none-eabi/lib/thumb/v7e-m+fp/hard\libc_nano.a(libc_a-closer.o)
                              C:/ST/STM32CubeIDE_1.14.0/STM32CubeIDE/plugins/com.st.stm32cube.ide.mcu.externaltools.gnu-tools-for-stm32.13.3.rel1.win32_1.0.0.202411081344/tools/bin/../lib/gcc/arm-none-eabi/13.3.1/../../../../arm-none-eabi/lib/thumb/v7e-m+fp/hard\libc_nano.a(libc_a-stdio.o) (_close_r)
C:/ST/STM32CubeIDE_1.14.0/STM32CubeIDE/plugins/com.st.stm32cube.ide.mcu.externaltools.gnu-tools-for-stm32.13.3.rel1.win32_1.0.0.202411081344/tools/bin/../lib/gcc/arm-none-eabi/13.3.1/../../../../arm-none-eabi/lib/thumb/v7e-m+fp/hard\libc_nano.a(libc_a-reent.o)
                              C:/ST/STM32CubeIDE_1.14.0/STM32CubeIDE/plugins/com.st.stm32cube.ide.mcu.externaltools.gnu-tools-for-stm32.13.3.rel1.win32_1.0.0.202411081344/tools/bin/../lib/gcc/arm-none-eabi/13.3.1/../../../../arm-none-eabi/lib/thumb/v7e-m+fp/hard\libc_nano.a(libc_a-closer.o) (errno)
C:/ST/STM32CubeIDE_1.14.0/STM32CubeIDE/plugins/com.st.stm32cube.ide.mcu.externaltools.gnu-tools-for-stm32.13.3.rel1.win32_1.0.0.202411081344/tools/bin/../lib/gcc/arm-none-eabi/13.3.1/../../../../arm-none-eabi/lib/thumb/v7e-m+fp/hard\libc_nano.a(libc_a-impure.o)
                              C:/ST/STM32CubeIDE_1.14.0/STM32CubeIDE/plugins/com.st.stm32cube.ide.mcu.externaltools.gnu-tools-for-stm32.13.3.rel1.win32_1.0.0.202411081344/tools/bin/../lib/gcc/arm-none-eabi/13.3.1/../../../../arm-none-eabi/lib/thumb/v7e-m+fp/hard\libc_nano.a(libc_a-reent.o) (_impure_ptr)
C:/ST/STM32CubeIDE_1.14.0/STM32CubeIDE/plugins/com.st.stm32cube.ide.mcu.externaltools.gnu-tools-for-stm32.13.3.rel1.win32_1.0.0.202411081344/tools/bin/../lib/gcc/arm-none-eabi/13.3.1/../../../../arm-none-eabi/lib/thumb/v7e-m+fp/hard\libc_nano.a(libc_a-lseekr.o)
[...]
Memory Configuration

Name             Origin             Length             Attributes
CCMRAM           0x10000000         0x00010000         xrw
RAM              0x20000000         0x00020000         xrw
FLASH            0x08000000         0x00100000         xr
*default*        0x00000000         0xffffffff

Linker script and memory map

LOAD C:/ST/STM32CubeIDE_1.14.0/STM32CubeIDE/plugins/com.st.stm32cube.ide.mcu.externaltools.gnu-tools-for-stm32.13.3.rel1.win32_1.0.0.202411081344/tools/bin/../lib/gcc/arm-none-eabi/13.3.1/thumb/v7e-m+fp/hard/crti.o
LOAD C:/ST/STM32CubeIDE_1.14.0/STM32CubeIDE/plugins/com.st.stm32cube.ide.mcu.externaltools.gnu-tools-for-stm32.13.3.rel1.win32_1.0.0.202411081344/tools/bin/../lib/gcc/arm-none-eabi/13.3.1/thumb/v7e-m+fp/hard/crtbegin.o
LOAD C:/ST/STM32CubeIDE_1.14.0/STM32CubeIDE/plugins/com.st.stm32cube.ide.mcu.externaltools.gnu-tools-for-stm32.13.3.rel1.win32_1.0.0.202411081344/tools/bin/../lib/gcc/arm-none-eabi/13.3.1/../../../../arm-none-eabi/lib/thumb/v7e-m+fp/hard/crt0.o
LOAD ./Core/Src/Encoder.o
LOAD ./Core/Src/LED.o
LOAD ./Core/Src/LineChase.o
LOAD ./Core/Src/VelocityCtrl.o
LOAD ./Core/Src/main.o
LOAD ./Core/Src/motor.o
LOAD ./Core/Src/stm32f4xx_hal_msp.o
LOAD ./Core/Src/stm32f4xx_it.o
LOAD ./Core/Src/switch.o
LOAD ./Core/Src/syscalls.o
LOAD ./Core/Src/sysmem.o
LOAD ./Core/Src/system_stm32f4xx.o
LOAD ./Core/Startup/startup_stm32f405rgtx.o
LOAD ./Drivers/STM32F4xx_HAL_Driver/Src/stm32f4xx_hal.o
LOAD ./Drivers/STM32F4xx_HAL_Driver/Src/stm32f4xx_hal_adc.o
LOAD ./Drivers/STM32F4xx_HAL_Driver/Src/stm32f4xx_hal_adc_ex.o
LOAD ./Drivers/STM32F4xx_HAL_Driver/Src/stm32f4xx_hal_cortex.o
LOAD ./Drivers/STM32F4xx_HAL_Driver/Src/stm32f4xx_hal_dma.o
LOAD ./Drivers/STM32F4xx_HAL_Driver/Src/stm32f4xx_hal_dma_ex.o
LOAD ./Drivers/STM32F4xx_HAL_Driver/Src/stm32f4xx_hal_exti.o
LOAD ./Drivers/STM32F4xx_HAL_Driver/Src/stm32f4xx_hal_flash.o
LOAD ./Drivers/STM32F4xx_HAL_Driver/Src/stm32f4xx_hal_flash_ex.o
LOAD ./Drivers/STM32F4xx_HAL_Driver/Src/stm32f4xx_hal_flash_ramfunc.o
LOAD ./Drivers/STM32F4xx_HAL_Driver/Src/stm32f4xx_hal_gpio.o
LOAD ./Drivers/STM32F4xx_HAL_Driver/Src/stm32f4xx_hal_pwr.o
LOAD ./Drivers/STM32F4xx_HAL_Driver/Src/stm32f4xx_hal_pwr_ex.o
LOAD ./Drivers/STM32F4xx_HAL_Driver/Src/stm32f4xx_hal_rcc.o
LOAD ./Drivers/STM32F4xx_HAL_Driver/Src/stm32f4xx_hal_rcc_ex.o
LOAD ./Drivers/STM32F4xx_HAL_Driver/Src/stm32f4xx_hal_tim.o
LOAD ./Drivers/STM32F4xx_HAL_Driver/Src/stm32f4xx_hal_tim_ex.o
LOAD ./Drivers/STM32F4xx_HAL_Driver/Src/stm32f4xx_hal_uart.o
LOAD ./Drivers/STM32F4xx_HAL_Driver/Src/stm32f4xx_ll_adc.o
START GROUP
LOAD C:/ST/STM32CubeIDE_1.14.0/STM32CubeIDE/plugins/com.st.stm32cube.ide.mcu.externaltools.gnu-tools-for-stm32.13.3.rel1.win32_1.0.0.202411081344/tools/bin/../lib/gcc/arm-none-eabi/13.3.1/../../../../arm-none-eabi/lib/thumb/v7e-m+fp/hard\libc_nano.a
LOAD C:/ST/STM32CubeIDE_1.14.0/STM32CubeIDE/plugins/com.st.stm32cube.ide.mcu.externaltools.gnu-tools-for-stm32.13.3.rel1.win32_1.0.0.202411081344/tools/bin/../lib/gcc/arm-none-eabi/13.3.1/../../../../arm-none-eabi/lib/thumb/v7e-m+fp/hard\libm.a
END GROUP
START GROUP
LOAD C:/ST/STM32CubeIDE_1.14.0/STM32CubeIDE/plugins/com.st.stm32cube.ide.mcu.externaltools.gnu-tools-for-stm32.13.3.rel1.win32_1.0.0.202411081344/tools/bin/../lib/gcc/arm-none-eabi/13.3.1/thumb/v7e-m+fp/hard\libgcc.a
LOAD C:/ST/STM32CubeIDE_1.14.0/STM32CubeIDE/plugins/com.st.stm32cube.ide.mcu.externaltools.gnu-tools-for-stm32.13.3.rel1.win32_1.0.0.202411081344/tools/bin/../lib/gcc/arm-none-eabi/13.3.1/../../../../arm-none-eabi/lib/thumb/v7e-m+fp/hard\libc_nano.a
END GROUP
START GROUP
LOAD C:/ST/STM32CubeIDE_1.14.0/STM32CubeIDE/plugins/com.st.stm32cube.ide.mcu.externaltools.gnu-tools-for-stm32.13.3.rel1.win32_1.0.0.202411081344/tools/bin/../lib/gcc/arm-none-eabi/13.3.1/thumb/v7e-m+fp/hard\libgcc.a
LOAD C:/ST/STM32CubeIDE_1.14.0/STM32CubeIDE/plugins/com.st.stm32cube.ide.mcu.externaltools.gnu-tools-for-stm32.13.3.rel1.win32_1.0.0.202411081344/tools/bin/../lib/gcc/arm-none-eabi/13.3.1/../../../../arm-none-eabi/lib/thumb/v7e-m+fp/hard\libc_nano.a
LOAD C:/ST/STM32CubeIDE_1.14.0/STM32CubeIDE/plugins/com.st.stm32cube.ide.mcu.externaltools.gnu-tools-for-stm32.13.3.rel1.win32_1.0.0.202411081344/tools/bin/../lib/gcc/arm-none-eabi/13.3.1/../../../../arm-none-eabi/lib/thumb/v7e-m+fp/hard\libnosys.a
END GROUP
START GROUP
LOAD C:/ST/STM32CubeIDE_1.14.0/STM32CubeIDE/plugins/com.st.stm32cube.ide.mcu.externaltools.gnu-tools-for-stm32.13.3.rel1.win32_1.0.0.202411081344/tools/bin/../lib/gcc/arm-none-eabi/13.3.1/thumb/v7e-m+fp/hard\libgcc.a
LOAD C:/ST/STM32CubeIDE_1.14.0/STM32CubeIDE/plugins/com.st.stm32cube.ide.mcu.externaltools.gnu-tools-for-stm32.13.3.rel1.win32_1.0.0.202411081344/tools/bin/../lib/gcc/arm-none-eabi/13.3.1/../../../../arm-none-eabi/lib/thumb/v7e-m+fp/hard\libc_nano.a
LOAD C:/ST/STM32CubeIDE_1.14.0/STM32CubeIDE/plugins/com.st.stm32cube.ide.mcu.externaltools.gnu-tools-for-stm32.13.3.rel1.win32_1.0.0.202411081344/tools/bin/../lib/gcc/arm-none-eabi/13.3.1/../../../../arm-none-eabi/lib/thumb/v7e-m+fp/hard\libnosys.a
END GROUP
LOAD C:/ST/STM32CubeIDE_1.14.0/STM32CubeIDE/plugins/com.st.stm32cube.ide.mcu.externaltools.gnu-tools-for-stm32.13.3.rel1.win32_1.0.0.202411081344/tools/bin/../lib/gcc/arm-none-eabi/13.3.1/thumb/v7e-m+fp/hard/crtend.o
LOAD C:/ST/STM32CubeIDE_1.14.0/STM32CubeIDE/plugins/com.st.stm32cube.ide.mcu.externaltools.gnu-tools-for-stm32.13.3.rel1.win32_1.0.0.202411081344/tools/bin/../lib/gcc/arm-none-eabi/13.3.1/thumb/v7e-m+fp/hard/crtn.o
                0x20020000                        _estack = (ORIGIN (RAM) + LENGTH (RAM))
                0x00000200                        _Min_Heap_Size = 0x200
                0x00000400                        _Min_Stack_Size = 0x400

.isr_vector     0x08000000      0x188
                0x08000000                        . = ALIGN (0x4)
 *(.isr_vector)
 .isr_vector    0x08000000      0x188 ./Core/Startup/startup_stm32f405rgtx.o
                0x08000000                g_pfnVectors
                0x08000188                        . = ALIGN (0x4)

.text           0x08000188     0x60a4
                0x08000188                        . = ALIGN (0x4)
 *(.text)
 .text          0x08000188       0x40 C:/ST/STM32CubeIDE_1.14.0/STM32CubeIDE/plugins/com.st.stm32cube.ide.mcu.externaltools.gnu-tools-for-stm32.13.3.rel1.win32_1.0.0.202411081344/tools/bin/../lib/gcc/arm-none-eabi/13.3.1/thumb/v7e-m+fp/hard/crtbegin.o
 .text          0x080001c8      0x378 C:/ST/STM32CubeIDE_1.14.0/STM32CubeIDE/plugins/com.st.stm32cube.ide.mcu.externaltools.gnu-tools-for-stm32.13.3.rel1.win32_1.0.0.202411081344/tools/bin/../lib/gcc/arm-none-eabi/13.3.1/thumb/v7e-m+fp/hard\libgcc.a(_arm_addsubdf3.o)
                0x080001c8                __aeabi_drsub
                0x080001d0                __aeabi_dsub
                0x080001d0                __subdf3
                0x080001d4                __aeabi_dadd
                0x080001d4                __adddf3
                0x0800044c                __floatunsidf
                0x0800044c                __aeabi_ui2d
                0x0800046c                __floatsidf
                0x0800046c                __aeabi_i2d
                0x08000490                __aeabi_f2d
                0x08000490                __extendsfdf2
                0x080004d4                __floatundidf
                0x080004d4                __aeabi_ul2d
                0x080004e4                __floatdidf
                0x080004e4                __aeabi_l2d
 .text          0x08000540      0x424 C:/ST/STM32CubeIDE_1.14.0/STM32CubeIDE/plugins/com.st.stm32cube.ide.mcu.externaltools.gnu-tools-for-stm32.13.3.rel1.win32_1.0.0.202411081344/tools/bin/../lib/gcc/arm-none-eabi/13.3.1/thumb/v7e-m+fp/hard\libgcc.a(_arm_muldivdf3.o)
                0x08000540                __aeabi_dmul
                0x08000540                __muldf3
                0x08000794                __divdf3
                0x08000794                __aeabi_ddiv
 .text          0x08000964       0xa0 C:/ST/STM32CubeIDE_1.14.0/STM32CubeIDE/plugins/com.st.stm32cube.ide.mcu.externaltools.gnu-tools-for-stm32.13.3.rel1.win32_1.0.0.202411081344/tools/bin/../lib/gcc/arm-none-eabi/13.3.1/thumb/v7e-m+fp/hard\libgcc.a(_arm_truncdfsf2.o)
                0x08000964                __truncdfsf2
                0x08000964                __aeabi_d2f
 .text          0x08000a04       0x30 C:/ST/STM32CubeIDE_1.14.0/STM32CubeIDE/plugins/com.st.stm32cube.ide.mcu.externaltools.gnu-tools-for-stm32.13.3.rel1.win32_1.0.0.202411081344/tools/bin/../lib/gcc/arm-none-eabi/13.3.1/thumb/v7e-m+fp/hard\libgcc.a(_aeabi_uldivmod.o)
                0x08000a04                __aeabi_uldivmod
 .text          0x08000a34      0x2f8 C:/ST/STM32CubeIDE_1.14.0/STM32CubeIDE/plugins/com.st.stm32cube.ide.mcu.externaltools.gnu-tools-for-stm32.13.3.rel1.win32_1.0.0.202411081344/tools/bin/../lib/gcc/arm-none-eabi/13.3.1/thumb/v7e-m+fp/hard\libgcc.a(_udivmoddi4.o)
                0x08000a34                __udivmoddi4
 .text          0x08000d2c        0x4 C:/ST/STM32CubeIDE_1.14.0/STM32CubeIDE/plugins/com.st.stm32cube.ide.mcu.externaltools.gnu-tools-for-stm32.13.3.rel1.win32_1.0.0.202411081344/tools/bin/../lib/gcc/arm-none-eabi/13.3.1/thumb/v7e-m+fp/hard\libgcc.a(_dvmd_tls.o)
                0x08000d2c                __aeabi_idiv0
                0x08000d2c                __aeabi_ldiv0
 *(.text*)
 .text.updateEncoderCnt
                0x08000d30      0x198 ./Core/Src/Encoder.o
                0x08000d30                updateEncoderCnt
 .text.getEncoderCnt
                0x08000ec8       0x34 ./Core/Src/Encoder.o
                0x08000ec8                getEncoderCnt
 .text.clearspeedcount
                0x08000efc       0x1c ./Core/Src/Encoder.o
                0x08000efc                clearspeedcount
 .text.setLED   0x08000f18      0x18c ./Core/Src/LED.o
                0x08000f18                setLED
 *fill*         0x080010a4        0x4 
 .text.calculateLineFollowingTermFlip
                0x080010a8      0x178 ./Core/Src/LineChase.o
                0x080010a8                calculateLineFollowingTermFlip
 .text.lineTraceFlip
                0x08001220      0x168 ./Core/Src/LineChase.o
                0x08001220                lineTraceFlip
 .text.startLineTrace
                0x08001388       0x24 ./Core/Src/LineChase.o
                0x08001388                startLineTrace
 *fill*         0x080013ac        0x4 
 .text.calculateVelocityControlFlip
                0x080013b0      0x16c ./Core/Src/VelocityCtrl.o
                0x080013b0                calculateVelocityControlFlip
 .text.getVelocityControlTerm
                0x0800151c       0x1c ./Core/Src/VelocityCtrl.o
                0x0800151c                getVelocityControlTerm
 .text.setTargetVelocity
                0x08001538       0x20 ./Core/Src/VelocityCtrl.o
                0x08001538                setTargetVelocity
 .text.getCurrentVelocity
                0x08001558       0x84 ./Core/Src/VelocityCtrl.o
                0x08001558                getCurrentVelocity
 .text.startVelocityControl
                0x080015dc       0x24 ./Core/Src/VelocityCtrl.o
                0x080015dc                startVelocityControl
 .text.setrunmode
                0x08001600       0x20 ./Core/Src/VelocityCtrl.o
                0x08001600                setrunmode
 .text.sensorCalibration
                0x08001620      0x1d8 ./Core/Src/main.o
                0x08001620                sensorCalibration
 .text.updateLineSensor
                0x080017f8      0x404 ./Core/Src/main.o
                0x080017f8                updateLineSensor
 .text.debugEncoder
                0x08001bfc       0x2c ./Core/Src/main.o
                0x08001bfc                debugEncoder
 .text.HAL_TIM_PeriodElapsedCallback
                0x08001c28       0x6c ./Core/Src/main.o
                0x08001c28                HAL_TIM_PeriodElapsedCallback
 .text.init     0x08001c94       0x70 ./Core/Src/main.o
                0x08001c94                init
 .text.main     0x08001d04       0x34 ./Core/Src/main.o
                0x08001d04                main
 .text.SystemClock_Config
                0x08001d38       0xd4 ./Core/Src/main.o
                0x08001d38                SystemClock_Config
 .text.MX_ADC1_Init
                0x08001e0c      0x250 ./Core/Src/main.o
 .text.MX_TIM3_Init
                0x0800205c       0xa8 ./Core/Src/main.o
 .text.MX_TIM4_Init
                0x08002104       0xa8 ./Core/Src/main.o
 .text.MX_TIM6_Init
                0x080021ac       0x6c ./Core/Src/main.o
 .text.MX_TIM8_Init
                0x08002218      0x134 ./Core/Src/main.o
 .text.MX_USART1_UART_Init
                0x0800234c       0x54 ./Core/Src/main.o
 .text.MX_DMA_Init
                0x080023a0       0x40 ./Core/Src/main.o
 .text.MX_GPIO_Init
                0x080023e0      0x210 ./Core/Src/main.o
 .text.Error_Handler
                0x080025f0        0xc ./Core/Src/main.o
                0x080025f0                Error_Handler
 .text.initMotor
                0x080025fc       0x24 ./Core/Src/motor.o
                0x080025fc                initMotor
 .text.motorCtrlFlip
                0x08002620       0xd0 ./Core/Src/motor.o
                0x08002620                motorCtrlFlip
 .text.setMotor
                0x080026f0       0x7c ./Core/Src/motor.o
                0x080026f0                setMotor
 .text.HAL_MspInit
                0x0800276c       0x50 ./Core/Src/stm32f4xx_hal_msp.o
                0x0800276c                HAL_MspInit
 .text.HAL_ADC_MspInit
                0x080027bc      0x160 ./Core/Src/stm32f4xx_hal_msp.o
                0x080027bc                HAL_ADC_MspInit
 .text.HAL_TIM_Encoder_MspInit
                0x0800291c       0xf8 ./Core/Src/stm32f4xx_hal_msp.o
                0x0800291c                HAL_TIM_Encoder_MspInit
 .text.HAL_TIM_Base_MspInit
                0x08002a14       0x50 ./Core/Src/stm32f4xx_hal_msp.o
                0x08002a14                HAL_TIM_Base_MspInit
 .text.HAL_TIM_PWM_MspInit
                0x08002a64       0x44 ./Core/Src/stm32f4xx_hal_msp.o
                0x08002a64                HAL_TIM_PWM_MspInit
 .text.HAL_TIM_MspPostInit
                0x08002aa8       0x74 ./Core/Src/stm32f4xx_hal_msp.o
                0x08002aa8                HAL_TIM_MspPostInit
 .text.HAL_UART_MspInit
                0x08002b1c       0x90 ./Core/Src/stm32f4xx_hal_msp.o
                0x08002b1c                HAL_UART_MspInit
 .text.NMI_Handler
                0x08002bac        0x8 ./Core/Src/stm32f4xx_it.o
                0x08002bac                NMI_Handler
 .text.HardFault_Handler
                0x08002bb4        0x8 ./Core/Src/stm32f4xx_it.o
                0x08002bb4                HardFault_Handler
 .text.MemManage_Handler
                0x08002bbc        0x8 ./Core/Src/stm32f4xx_it.o
                0x08002bbc                MemManage_Handler
 .text.BusFault_Handler
                0x08002bc4        0x8 ./Core/Src/stm32f4xx_it.o
                0x08002bc4                BusFault_Handler
 .text.UsageFault_Handler
                0x08002bcc        0x8 ./Core/Src/stm32f4xx_it.o
                0x08002bcc                UsageFault_Handler
 .text.SVC_Handler
                0x08002bd4        0xe ./Core/Src/stm32f4xx_it.o
                0x08002bd4                SVC_Handler
 .text.DebugMon_Handler
                0x08002be2        0xe ./Core/Src/stm32f4xx_it.o
                0x08002be2                DebugMon_Handler
 .text.PendSV_Handler
                0x08002bf0        0xe ./Core/Src/stm32f4xx_it.o
                0x08002bf0                PendSV_Handler
 .text.SysTick_Handler
                0x08002bfe        0xc ./Core/Src/stm32f4xx_it.o
                0x08002bfe                SysTick_Handler
 *fill*         0x08002c0a        0x2 
 .text.TIM6_DAC_IRQHandler
                0x08002c0c       0x14 ./Core/Src/stm32f4xx_it.o
                0x08002c0c                TIM6_DAC_IRQHandler
 .text.DMA2_Stream0_IRQHandler
                0x08002c20       0x14 ./Core/Src/stm32f4xx_it.o
                0x08002c20                DMA2_Stream0_IRQHandler
 .text.getSwitchStatus
                0x08002c34       0x58 ./Core/Src/switch.o
                0x08002c34                getSwitchStatus
 .text.SystemInit
                0x08002c8c       0x24 ./Core/Src/system_stm32f4xx.o
                0x08002c8c                SystemInit
 .text.Reset_Handler
                0x08002cb0       0x50 ./Core/Startup/startup_stm32f405rgtx.o
                0x08002cb0                Reset_Handler
 .text.Default_Handler
                0x08002d00        0x2 ./Core/Startup/startup_stm32f405rgtx.o
                0x08002d00                RTC_Alarm_IRQHandler
                0x08002d00                HASH_RNG_IRQHandler
                0x08002d00                EXTI2_IRQHandler
                0x08002d00                TIM8_CC_IRQHandler
                0x08002d00                TIM1_CC_IRQHandler
                0x08002d00                DMA2_Stream5_IRQHandler
                0x08002d00                DMA1_Stream5_IRQHandler
                0x08002d00                PVD_IRQHandler
                0x08002d00                SDIO_IRQHandler
                0x08002d00                TAMP_STAMP_IRQHandler
                0x08002d00                CAN2_RX1_IRQHandler
                0x08002d00                EXTI3_IRQHandler
                0x08002d00                TIM8_TRG_COM_TIM14_IRQHandler
                0x08002d00                TIM1_UP_TIM10_IRQHandler
                0x08002d00                TIM8_UP_TIM13_IRQHandler
                0x08002d00                I2C3_ER_IRQHandler
                0x08002d00                EXTI0_IRQHandler
                0x08002d00                I2C2_EV_IRQHandler
                0x08002d00                DMA1_Stream2_IRQHandler
                0x08002d00                CAN1_RX0_IRQHandler
                0x08002d00                FPU_IRQHandler
                0x08002d00                OTG_HS_WKUP_IRQHandler
                0x08002d00                CAN2_SCE_IRQHandler
                0x08002d00                DMA2_Stream2_IRQHandler
                0x08002d00                SPI1_IRQHandler
                0x08002d00                TIM1_BRK_TIM9_IRQHandler
                0x08002d00                CAN2_RX0_IRQHandler
                0x08002d00                DMA2_Stream3_IRQHandler
                0x08002d00                USART6_IRQHandler
                0x08002d00                USART3_IRQHandler
                0x08002d00                CAN1_RX1_IRQHandler
                0x08002d00                UART5_IRQHandler
                0x08002d00                TIM4_IRQHandler
                0x08002d00                I2C1_EV_IRQHandler
                0x08002d00                DMA1_Stream6_IRQHandler
                0x08002d00                DMA1_Stream1_IRQHandler
                0x08002d00                UART4_IRQHandler
                0x08002d00                TIM3_IRQHandler
                0x08002d00                RCC_IRQHandler
                0x08002d00                TIM8_BRK_TIM12_IRQHandler
                0x08002d00                Default_Handler
                0x08002d00                EXTI15_10_IRQHandler
                0x08002d00                ADC_IRQHandler
                0x08002d00                DMA1_Stream7_IRQHandler
                0x08002d00                TIM7_IRQHandler
                0x08002d00                CAN2_TX_IRQHandler
                0x08002d00                TIM5_IRQHandler
                0x08002d00                DMA2_Stream7_IRQHandler
                0x08002d00                I2C3_EV_IRQHandler
                0x08002d00                EXTI9_5_IRQHandler
                0x08002d00                RTC_WKUP_IRQHandler
                0x08002d00                SPI2_IRQHandler
                0x08002d00                OTG_HS_EP1_IN_IRQHandler
                0x08002d00                DMA1_Stream0_IRQHandler
                0x08002d00                CAN1_TX_IRQHandler
                0x08002d00                EXTI4_IRQHandler
                0x08002d00                FSMC_IRQHandler
                0x08002d00                OTG_HS_EP1_OUT_IRQHandler
                0x08002d00                WWDG_IRQHandler
                0x08002d00                TIM2_IRQHandler
                0x08002d00                OTG_FS_WKUP_IRQHandler
                0x08002d00                TIM1_TRG_COM_TIM11_IRQHandler
                0x08002d00                OTG_HS_IRQHandler
                0x08002d00                EXTI1_IRQHandler
                0x08002d00                USART2_IRQHandler
                0x08002d00                I2C2_ER_IRQHandler
                0x08002d00                DMA2_Stream1_IRQHandler
                0x08002d00                CAN1_SCE_IRQHandler
                0x08002d00                FLASH_IRQHandler
                0x08002d00                DMA2_Stream4_IRQHandler
                0x08002d00                USART1_IRQHandler
                0x08002d00                OTG_FS_IRQHandler
                0x08002d00                SPI3_IRQHandler
                0x08002d00                DMA1_Stream4_IRQHandler
                0x08002d00                I2C1_ER_IRQHandler
                0x08002d00                DMA2_Stream6_IRQHandler
                0x08002d00                DMA1_Stream3_IRQHandler
 *fill*         0x08002d02        0x2 
 .text.HAL_Init
                0x08002d04       0x44 ./Drivers/STM32F4xx_HAL_Driver/Src/stm32f4xx_hal.o
                0x08002d04                HAL_Init
 .text.HAL_InitTick
                0x08002d48       0x60 ./Drivers/STM32F4xx_HAL_Driver/Src/stm32f4xx_hal.o
                0x08002d48                HAL_InitTick
 .text.HAL_IncTick
                0x08002da8       0x28 ./Drivers/STM32F4xx_HAL_Driver/Src/stm32f4xx_hal.o
                0x08002da8                HAL_IncTick
 .text.HAL_GetTick
                0x08002dd0       0x18 ./Drivers/STM32F4xx_HAL_Driver/Src/stm32f4xx_hal.o
                0x08002dd0                HAL_GetTick
 .text.HAL_Delay
                0x08002de8       0x48 ./Drivers/STM32F4xx_HAL_Driver/Src/stm32f4xx_hal.o
                0x08002de8                HAL_Delay
 .text.HAL_ADC_Init
                0x08002e30       0x86 ./Drivers/STM32F4xx_HAL_Driver/Src/stm32f4xx_hal_adc.o
                0x08002e30                HAL_ADC_Init
 *fill*         0x08002eb6        0x2 
 .text.HAL_ADC_Start_DMA
                0x08002eb8      0x228 ./Drivers/STM32F4xx_HAL_Driver/Src/stm32f4xx_hal_adc.o
                0x08002eb8                HAL_ADC_Start_DMA
 .text.HAL_ADC_ConvCpltCallback
                0x080030e0       0x14 ./Drivers/STM32F4xx_HAL_Driver/Src/stm32f4xx_hal_adc.o
                0x080030e0                HAL_ADC_ConvCpltCallback
 .text.HAL_ADC_ConvHalfCpltCallback
                0x080030f4       0x14 ./Drivers/STM32F4xx_HAL_Driver/Src/stm32f4xx_hal_adc.o
                0x080030f4                HAL_ADC_ConvHalfCpltCallback
 .text.HAL_ADC_ErrorCallback
                0x08003108       0x14 ./Drivers/STM32F4xx_HAL_Driver/Src/stm32f4xx_hal_adc.o
                0x08003108                HAL_ADC_ErrorCallback
 .text.HAL_ADC_ConfigChannel
                0x0800311c      0x244 ./Drivers/STM32F4xx_HAL_Driver/Src/stm32f4xx_hal_adc.o
                0x0800311c                HAL_ADC_ConfigChannel
 .text.ADC_Init
                0x08003360      0x1f8 ./Drivers/STM32F4xx_HAL_Driver/Src/stm32f4xx_hal_adc.o
 .text.ADC_DMAConvCplt
                0x08003558       0xba ./Drivers/STM32F4xx_HAL_Driver/Src/stm32f4xx_hal_adc.o
 .text.ADC_DMAHalfConvCplt
                0x08003612       0x1c ./Drivers/STM32F4xx_HAL_Driver/Src/stm32f4xx_hal_adc.o
 .text.ADC_DMAError
                0x0800362e       0x2e ./Drivers/STM32F4xx_HAL_Driver/Src/stm32f4xx_hal_adc.o
 .text.__NVIC_SetPriorityGrouping
                0x0800365c       0x48 ./Drivers/STM32F4xx_HAL_Driver/Src/stm32f4xx_hal_cortex.o
 .text.__NVIC_GetPriorityGrouping
                0x080036a4       0x1c ./Drivers/STM32F4xx_HAL_Driver/Src/stm32f4xx_hal_cortex.o
 .text.__NVIC_EnableIRQ
                0x080036c0       0x3c ./Drivers/STM32F4xx_HAL_Driver/Src/stm32f4xx_hal_cortex.o
 .text.__NVIC_SetPriority
                0x080036fc       0x54 ./Drivers/STM32F4xx_HAL_Driver/Src/stm32f4xx_hal_cortex.o
 .text.NVIC_EncodePriority
                0x08003750       0x66 ./Drivers/STM32F4xx_HAL_Driver/Src/stm32f4xx_hal_cortex.o
 *fill*         0x080037b6        0x2 
 .text.SysTick_Config
                0x080037b8       0x44 ./Drivers/STM32F4xx_HAL_Driver/Src/stm32f4xx_hal_cortex.o
 .text.HAL_NVIC_SetPriorityGrouping
                0x080037fc       0x16 ./Drivers/STM32F4xx_HAL_Driver/Src/stm32f4xx_hal_cortex.o
                0x080037fc                HAL_NVIC_SetPriorityGrouping
 .text.HAL_NVIC_SetPriority
                0x08003812       0x38 ./Drivers/STM32F4xx_HAL_Driver/Src/stm32f4xx_hal_cortex.o
                0x08003812                HAL_NVIC_SetPriority
 .text.HAL_NVIC_EnableIRQ
                0x0800384a       0x1c ./Drivers/STM32F4xx_HAL_Driver/Src/stm32f4xx_hal_cortex.o
                0x0800384a                HAL_NVIC_EnableIRQ
 .text.HAL_SYSTICK_Config
                0x08003866       0x18 ./Drivers/STM32F4xx_HAL_Driver/Src/stm32f4xx_hal_cortex.o
                0x08003866                HAL_SYSTICK_Config
 *fill*         0x0800387e        0x2 
 .text.HAL_DMA_Init
                0x08003880      0x15c ./Drivers/STM32F4xx_HAL_Driver/Src/stm32f4xx_hal_dma.o
                0x08003880                HAL_DMA_Init
 .text.HAL_DMA_Start_IT
                0x080039dc       0xb0 ./Drivers/STM32F4xx_HAL_Driver/Src/stm32f4xx_hal_dma.o
                0x080039dc                HAL_DMA_Start_IT
 .text.HAL_DMA_IRQHandler
                0x08003a8c      0x314 ./Drivers/STM32F4xx_HAL_Driver/Src/stm32f4xx_hal_dma.o
                0x08003a8c                HAL_DMA_IRQHandler
 .text.DMA_SetConfig
                0x08003da0       0x5c ./Drivers/STM32F4xx_HAL_Driver/Src/stm32f4xx_hal_dma.o
 .text.DMA_CalcBaseAndBitshift
                0x08003dfc       0x6c ./Drivers/STM32F4xx_HAL_Driver/Src/stm32f4xx_hal_dma.o
 .text.DMA_CheckFifoParam
                0x08003e68       0xf8 ./Drivers/STM32F4xx_HAL_Driver/Src/stm32f4xx_hal_dma.o
 .text.HAL_GPIO_Init
                0x08003f60      0x338 ./Drivers/STM32F4xx_HAL_Driver/Src/stm32f4xx_hal_gpio.o
                0x08003f60                HAL_GPIO_Init
 .text.HAL_GPIO_ReadPin
                0x08004298       0x30 ./Drivers/STM32F4xx_HAL_Driver/Src/stm32f4xx_hal_gpio.o
                0x08004298                HAL_GPIO_ReadPin
 .text.HAL_GPIO_WritePin
                0x080042c8       0x32 ./Drivers/STM32F4xx_HAL_Driver/Src/stm32f4xx_hal_gpio.o
                0x080042c8                HAL_GPIO_WritePin
 *fill*         0x080042fa        0x2 
 .text.HAL_RCC_OscConfig
                0x080042fc      0x4f0 ./Drivers/STM32F4xx_HAL_Driver/Src/stm32f4xx_hal_rcc.o
                0x080042fc                HAL_RCC_OscConfig
 .text.HAL_RCC_ClockConfig
                0x080047ec      0x1cc ./Drivers/STM32F4xx_HAL_Driver/Src/stm32f4xx_hal_rcc.o
                0x080047ec                HAL_RCC_ClockConfig
 .text.HAL_RCC_GetSysClockFreq
                0x080049b8      0x18c ./Drivers/STM32F4xx_HAL_Driver/Src/stm32f4xx_hal_rcc.o
                0x080049b8                HAL_RCC_GetSysClockFreq
 .text.HAL_RCC_GetHCLKFreq
                0x08004b44       0x18 ./Drivers/STM32F4xx_HAL_Driver/Src/stm32f4xx_hal_rcc.o
                0x08004b44                HAL_RCC_GetHCLKFreq
 .text.HAL_RCC_GetPCLK1Freq
                0x08004b5c       0x28 ./Drivers/STM32F4xx_HAL_Driver/Src/stm32f4xx_hal_rcc.o
                0x08004b5c                HAL_RCC_GetPCLK1Freq
 .text.HAL_RCC_GetPCLK2Freq
                0x08004b84       0x28 ./Drivers/STM32F4xx_HAL_Driver/Src/stm32f4xx_hal_rcc.o
                0x08004b84                HAL_RCC_GetPCLK2Freq
 .text.HAL_TIM_Base_Init
                0x08004bac       0x9e ./Drivers/STM32F4xx_HAL_Driver/Src/stm32f4xx_hal_tim.o
                0x08004bac                HAL_TIM_Base_Init
 *fill*         0x08004c4a        0x2 
 .text.HAL_TIM_Base_Start_IT
                0x08004c4c       0xe0 ./Drivers/STM32F4xx_HAL_Driver/Src/stm32f4xx_hal_tim.o
                0x08004c4c                HAL_TIM_Base_Start_IT
 .text.HAL_TIM_PWM_Init
                0x08004d2c       0x9e ./Drivers/STM32F4xx_HAL_Driver/Src/stm32f4xx_hal_tim.o
                0x08004d2c                HAL_TIM_PWM_Init
 *fill*         0x08004dca        0x2 
 .text.HAL_TIM_PWM_Start
                0x08004dcc      0x190 ./Drivers/STM32F4xx_HAL_Driver/Src/stm32f4xx_hal_tim.o
                0x08004dcc                HAL_TIM_PWM_Start
 .text.HAL_TIM_Encoder_Init
                0x08004f5c      0x14c ./Drivers/STM32F4xx_HAL_Driver/Src/stm32f4xx_hal_tim.o
                0x08004f5c                HAL_TIM_Encoder_Init
 .text.HAL_TIM_Encoder_Start
                0x080050a8      0x11c ./Drivers/STM32F4xx_HAL_Driver/Src/stm32f4xx_hal_tim.o
                0x080050a8                HAL_TIM_Encoder_Start
 .text.HAL_TIM_IRQHandler
                0x080051c4      0x1e0 ./Drivers/STM32F4xx_HAL_Driver/Src/stm32f4xx_hal_tim.o
                0x080051c4                HAL_TIM_IRQHandler
 .text.HAL_TIM_PWM_ConfigChannel
                0x080053a4      0x184 ./Drivers/STM32F4xx_HAL_Driver/Src/stm32f4xx_hal_tim.o
                0x080053a4                HAL_TIM_PWM_ConfigChannel
 .text.HAL_TIM_OC_DelayElapsedCallback
                0x08005528       0x14 ./Drivers/STM32F4xx_HAL_Driver/Src/stm32f4xx_hal_tim.o
                0x08005528                HAL_TIM_OC_DelayElapsedCallback
 .text.HAL_TIM_IC_CaptureCallback
                0x0800553c       0x14 ./Drivers/STM32F4xx_HAL_Driver/Src/stm32f4xx_hal_tim.o
                0x0800553c                HAL_TIM_IC_CaptureCallback
 .text.HAL_TIM_PWM_PulseFinishedCallback
                0x08005550       0x14 ./Drivers/STM32F4xx_HAL_Driver/Src/stm32f4xx_hal_tim.o
                0x08005550                HAL_TIM_PWM_PulseFinishedCallback
 .text.HAL_TIM_TriggerCallback
                0x08005564       0x14 ./Drivers/STM32F4xx_HAL_Driver/Src/stm32f4xx_hal_tim.o
                0x08005564                HAL_TIM_TriggerCallback
 .text.TIM_Base_SetConfig
                0x08005578      0x14c ./Drivers/STM32F4xx_HAL_Driver/Src/stm32f4xx_hal_tim.o
                0x08005578                TIM_Base_SetConfig
 .text.TIM_OC1_SetConfig
                0x080056c4       0xe0 ./Drivers/STM32F4xx_HAL_Driver/Src/stm32f4xx_hal_tim.o
 .text.TIM_OC2_SetConfig
                0x080057a4       0xec ./Drivers/STM32F4xx_HAL_Driver/Src/stm32f4xx_hal_tim.o
                0x080057a4                TIM_OC2_SetConfig
 .text.TIM_OC3_SetConfig
                0x08005890       0xe8 ./Drivers/STM32F4xx_HAL_Driver/Src/stm32f4xx_hal_tim.o
 .text.TIM_OC4_SetConfig
                0x08005978       0xac ./Drivers/STM32F4xx_HAL_Driver/Src/stm32f4xx_hal_tim.o
 .text.TIM_CCxChannelCmd
                0x08005a24       0x4a ./Drivers/STM32F4xx_HAL_Driver/Src/stm32f4xx_hal_tim.o
                0x08005a24                TIM_CCxChannelCmd
 *fill*         0x08005a6e        0x2 
 .text.HAL_TIMEx_MasterConfigSynchronization
                0x08005a70       0xf8 ./Drivers/STM32F4xx_HAL_Driver/Src/stm32f4xx_hal_tim_ex.o
                0x08005a70                HAL_TIMEx_MasterConfigSynchronization
 .text.HAL_TIMEx_ConfigBreakDeadTime
                0x08005b68       0xa4 ./Drivers/STM32F4xx_HAL_Driver/Src/stm32f4xx_hal_tim_ex.o
                0x08005b68                HAL_TIMEx_ConfigBreakDeadTime
 .text.HAL_TIMEx_CommutCallback
                0x08005c0c       0x14 ./Drivers/STM32F4xx_HAL_Driver/Src/stm32f4xx_hal_tim_ex.o
                0x08005c0c                HAL_TIMEx_CommutCallback
 .text.HAL_TIMEx_BreakCallback
                0x08005c20       0x14 ./Drivers/STM32F4xx_HAL_Driver/Src/stm32f4xx_hal_tim_ex.o
                0x08005c20                HAL_TIMEx_BreakCallback
 .text.HAL_UART_Init
                0x08005c34       0xa0 ./Drivers/STM32F4xx_HAL_Driver/Src/stm32f4xx_hal_uart.o
                0x08005c34                HAL_UART_Init
 .text.UART_SetConfig
                0x08005cd4      0x4e8 ./Drivers/STM32F4xx_HAL_Driver/Src/stm32f4xx_hal_uart.o
 .text.memset   0x080061bc       0x10 C:/ST/STM32CubeIDE_1.14.0/STM32CubeIDE/plugins/com.st.stm32cube.ide.mcu.externaltools.gnu-tools-for-stm32.13.3.rel1.win32_1.0.0.202411081344/tools/bin/../lib/gcc/arm-none-eabi/13.3.1/../../../../arm-none-eabi/lib/thumb/v7e-m+fp/hard\libc_nano.a(libc_a-memset.o)
                0x080061bc                memset
 .text.__libc_init_array
                0x080061cc       0x48 C:/ST/STM32CubeIDE_1.14.0/STM32CubeIDE/plugins/com.st.stm32cube.ide.mcu.externaltools.gnu-tools-for-stm32.13.3.rel1.win32_1.0.0.202411081344/tools/bin/../lib/gcc/arm-none-eabi/13.3.1/../../../../arm-none-eabi/lib/thumb/v7e-m+fp/hard\libc_nano.a(libc_a-init.o)
                0x080061cc                __libc_init_array
 *(.glue_7)
 .glue_7        0x08006214        0x0 linker stubs
 *(.glue_7t)
 .glue_7t       0x08006214        0x0 linker stubs
 *(.eh_frame)
 .eh_frame      0x08006214        0x0 C:/ST/STM32CubeIDE_1.14.0/STM32CubeIDE/plugins/com.st.stm32cube.ide.mcu.externaltools.gnu-tools-for-stm32.13.3.rel1.win32_1.0.0.202411081344/tools/bin/../lib/gcc/arm-none-eabi/13.3.1/thumb/v7e-m+fp/hard/crtbegin.o
 *(.init)
 .init          0x08006214        0x4 C:/ST/STM32CubeIDE_1.14.0/STM32CubeIDE/plugins/com.st.stm32cube.ide.mcu.externaltools.gnu-tools-for-stm32.13.3.rel1.win32_1.0.0.202411081344/tools/bin/../lib/gcc/arm-none-eabi/13.3.1/thumb/v7e-m+fp/hard/crti.o
                0x08006214                _init
 .init          0x08006218        0x8 C:/ST/STM32CubeIDE_1.14.0/STM32CubeIDE/plugins/com.st.stm32cube.ide.mcu.externaltools.gnu-tools-for-stm32.13.3.rel1.win32_1.0.0.202411081344/tools/bin/../lib/gcc/arm-none-eabi/13.3.1/thumb/v7e-m+fp/hard/crtn.o
 *(.fini)
 .fini          0x08006220        0x4 C:/ST/STM32CubeIDE_1.14.0/STM32CubeIDE/plugins/com.st.stm32cube.ide.mcu.externaltools.gnu-tools-for-stm32.13.3.rel1.win32_1.0.0.202411081344/tools/bin/../lib/gcc/arm-none-eabi/13.3.1/thumb/v7e-m+fp/hard/crti.o
                0x08006220                _fini
 .fini          0x08006224        0x8 C:/ST/STM32CubeIDE_1.14.0/STM32CubeIDE/plugins/com.st.stm32cube.ide.mcu.externaltools.gnu-tools-for-stm32.13.3.rel1.win32_1.0.0.202411081344/tools/bin/../lib/gcc/arm-none-eabi/13.3.1/thumb/v7e-m+fp/hard/crtn.o
                0x0800622c                        . = ALIGN (0x4)
                0x0800622c                        _etext = .

.vfp11_veneer   0x0800622c        0x0
 .vfp11_veneer  0x0800622c        0x0 linker stubs

.v4_bx          0x0800622c        0x0
 .v4_bx         0x0800622c        0x0 linker stubs

.iplt           0x0800622c        0x0
 .iplt          0x0800622c        0x0 C:/ST/STM32CubeIDE_1.14.0/STM32CubeIDE/plugins/com.st.stm32cube.ide.mcu.externaltools.gnu-tools-for-stm32.13.3.rel1.win32_1.0.0.202411081344/tools/bin/../lib/gcc/arm-none-eabi/13.3.1/thumb/v7e-m+fp/hard/crtbegin.o

.rodata         0x0800622c       0x20
                0x0800622c                        . = ALIGN (0x4)
 *(.rodata)
 *(.rodata*)
 .rodata.AHBPrescTable
                0x0800622c       0x10 ./Core/Src/system_stm32f4xx.o
                0x0800622c                AHBPrescTable
 .rodata.APBPrescTable
                0x0800623c        0x8 ./Core/Src/system_stm32f4xx.o
                0x0800623c                APBPrescTable
 .rodata.flagBitshiftOffset.0
                0x08006244        0x8 ./Drivers/STM32F4xx_HAL_Driver/Src/stm32f4xx_hal_dma.o
                0x0800624c                        . = ALIGN (0x4)

.ARM.extab      0x0800624c        0x0
                0x0800624c                        . = ALIGN (0x4)
 *(.ARM.extab* .gnu.linkonce.armextab.*)
                0x0800624c                        . = ALIGN (0x4)

.ARM            0x0800624c        0x8
                0x0800624c                        . = ALIGN (0x4)
                0x0800624c                        __exidx_start = .
 *(.ARM.exidx*)
 .ARM.exidx     0x0800624c        0x8 C:/ST/STM32CubeIDE_1.14.0/STM32CubeIDE/plugins/com.st.stm32cube.ide.mcu.externaltools.gnu-tools-for-stm32.13.3.rel1.win32_1.0.0.202411081344/tools/bin/../lib/gcc/arm-none-eabi/13.3.1/thumb/v7e-m+fp/hard\libgcc.a(_udivmoddi4.o)
                0x08006254                        __exidx_end = .
                0x08006254                        . = ALIGN (0x4)

.preinit_array  0x08006254        0x0
                0x08006254                        . = ALIGN (0x4)
                0x08006254                        PROVIDE (__preinit_array_start = .)
 *(.preinit_array*)
                0x08006254                        PROVIDE (__preinit_array_end = .)
                0x08006254                        . = ALIGN (0x4)

.init_array     0x08006254        0x4
                0x08006254                        . = ALIGN (0x4)
                0x08006254                        PROVIDE (__init_array_start = .)
 *(SORT_BY_NAME(.init_array.*))
 *(.init_array*)
 .init_array    0x08006254        0x4 C:/ST/STM32CubeIDE_1.14.0/STM32CubeIDE/plugins/com.st.stm32cube.ide.mcu.externaltools.gnu-tools-for-stm32.13.3.rel1.win32_1.0.0.202411081344/tools/bin/../lib/gcc/arm-none-eabi/13.3.1/thumb/v7e-m+fp/hard/crtbegin.o
                0x08006258                        PROVIDE (__init_array_end = .)
                0x08006258                        . = ALIGN (0x4)

.fini_array     0x08006258        0x4
                0x08006258                        . = ALIGN (0x4)
                [!provide]                        PROVIDE (__fini_array_start = .)
 *(SORT_BY_NAME(.fini_array.*))
 *(.fini_array*)
 .fini_array    0x08006258        0x4 C:/ST/STM32CubeIDE_1.14.0/STM32CubeIDE/plugins/com.st.stm32cube.ide.mcu.externaltools.gnu-tools-for-stm32.13.3.rel1.win32_1.0.0.202411081344/tools/bin/../lib/gcc/arm-none-eabi/13.3.1/thumb/v7e-m+fp/hard/crtbegin.o
                [!provide]                        PROVIDE (__fini_array_end = .)
                0x0800625c                        . = ALIGN (0x4)
                0x0800625c                        _sidata = LOADADDR (.data)

.rel.dyn        0x0800625c        0x0
 .rel.iplt      0x0800625c        0x0 C:/ST/STM32CubeIDE_1.14.0/STM32CubeIDE/plugins/com.st.stm32cube.ide.mcu.externaltools.gnu-tools-for-stm32.13.3.rel1.win32_1.0.0.202411081344/tools/bin/../lib/gcc/arm-none-eabi/13.3.1/thumb/v7e-m+fp/hard/crtbegin.o

.data           0x20000000       0x10 load address 0x0800625c
                0x20000000                        . = ALIGN (0x4)
                0x20000000                        _sdata = .
 *(.data)
 *(.data*)
 .data.running  0x20000000        0x1 ./Core/Src/main.o
                0x20000000                running
 *fill*         0x20000001        0x3 
 .data.SystemCoreClock
                0x20000004        0x4 ./Core/Src/system_stm32f4xx.o
                0x20000004                SystemCoreClock
 .data.uwTickPrio
                0x20000008        0x4 ./Drivers/STM32F4xx_HAL_Driver/Src/stm32f4xx_hal.o
                0x20000008                uwTickPrio
 .data.uwTickFreq
                0x2000000c        0x1 ./Drivers/STM32F4xx_HAL_Driver/Src/stm32f4xx_hal.o
                0x2000000c                uwTickFreq
 *(.RamFunc)
 *(.RamFunc*)
                0x20000010                        . = ALIGN (0x4)
 *fill*         0x2000000d        0x3 
                0x20000010                        _edata = .
                0x0800626c                        _siccmram = LOADADDR (.ccmram)

.igot.plt       0x20000010        0x0 load address 0x0800626c
 .igot.plt      0x20000010        0x0 C:/ST/STM32CubeIDE_1.14.0/STM32CubeIDE/plugins/com.st.stm32cube.ide.mcu.externaltools.gnu-tools-for-stm32.13.3.rel1.win32_1.0.0.202411081344/tools/bin/../lib/gcc/arm-none-eabi/13.3.1/thumb/v7e-m+fp/hard/crtbegin.o

.ccmram         0x10000000        0x0 load address 0x0800626c
                0x10000000                        . = ALIGN (0x4)
                0x10000000                        _sccmram = .
 *(.ccmram)
 *(.ccmram*)
                0x10000000                        . = ALIGN (0x4)
                0x10000000                        _eccmram = .
                0x10000000                        . = ALIGN (0x4)

.bss            0x20000010      0x3f0
                0x20000010                        _sbss = .
                0x20000010                        __bss_start__ = _sbss
 *(.bss)
 .bss           0x20000010       0x1c C:/ST/STM32CubeIDE_1.14.0/STM32CubeIDE/plugins/com.st.stm32cube.ide.mcu.externaltools.gnu-tools-for-stm32.13.3.rel1.win32_1.0.0.202411081344/tools/bin/../lib/gcc/arm-none-eabi/13.3.1/thumb/v7e-m+fp/hard/crtbegin.o
 *(.bss*)
 .bss.enc_l_cnt
                0x2000002c        0x2 ./Core/Src/Encoder.o
 .bss.enc_r_cnt
                0x2000002e        0x2 ./Core/Src/Encoder.o
 .bss.enc_l_total
                0x20000030        0x2 ./Core/Src/Encoder.o
 .bss.enc_r_total
                0x20000032        0x2 ./Core/Src/Encoder.o
 .bss.distance_1ms
                0x20000034        0x4 ./Core/Src/Encoder.o
 .bss.distance_10mm
                0x20000038        0x4 ./Core/Src/Encoder.o
 .bss.sab_distance_10mm
                0x2000003c        0x4 ./Core/Src/Encoder.o
 .bss.total_distance
                0x20000040        0x4 ./Core/Src/Encoder.o
 .bss.goal_judge_distance
                0x20000044        0x4 ./Core/Src/Encoder.o
 .bss.side_line_judge_distance
                0x20000048        0x4 ./Core/Src/Encoder.o
 .bss.distance_cross_line_ignore
                0x2000004c        0x4 ./Core/Src/Encoder.o
 .bss.distance_side_line_ignore
                0x20000050        0x4 ./Core/Src/Encoder.o
 .bss.speed_cnt
                0x20000054        0x4 ./Core/Src/Encoder.o
 .bss.line_trace_enable_flag
                0x20000058        0x1 ./Core/Src/LineChase.o
 .bss.i_clear_flag
                0x20000059        0x1 ./Core/Src/LineChase.o
 *fill*         0x2000005a        0x2 
 .bss.line_following_term
                0x2000005c        0x4 ./Core/Src/LineChase.o
 .bss.pre_diff  0x20000060        0x4 ./Core/Src/LineChase.o
 .bss.mon_velo_term
                0x20000064        0x4 ./Core/Src/LineChase.o
                0x20000064                mon_velo_term
 .bss.i.1       0x20000068        0x4 ./Core/Src/LineChase.o
 .bss.velocity_control_enable_flag
                0x2000006c        0x1 ./Core/Src/VelocityCtrl.o
 .bss.i_clear_flag
                0x2000006d        0x1 ./Core/Src/VelocityCtrl.o
 .bss.mode      0x2000006e        0x2 ./Core/Src/VelocityCtrl.o
                0x2000006e                mode
 .bss.velocity_control_term
                0x20000070        0x4 ./Core/Src/VelocityCtrl.o
 .bss.target_velocity
                0x20000074        0x4 ./Core/Src/VelocityCtrl.o
 .bss.target_acceleration
                0x20000078        0x4 ./Core/Src/VelocityCtrl.o
 .bss.pid_plus  0x2000007c        0x4 ./Core/Src/VelocityCtrl.o
 .bss.mon_p     0x20000080        0x4 ./Core/Src/VelocityCtrl.o
                0x20000080                mon_p
 .bss.mon_i     0x20000084        0x4 ./Core/Src/VelocityCtrl.o
                0x20000084                mon_i
 .bss.mon_current_velocity
                0x20000088        0x4 ./Core/Src/VelocityCtrl.o
                0x20000088                mon_current_velocity
 .bss.i.1       0x2000008c        0x4 ./Core/Src/VelocityCtrl.o
 .bss.pre_diff.0
                0x20000090        0x4 ./Core/Src/VelocityCtrl.o
 .bss.hadc1     0x20000094       0x48 ./Core/Src/main.o
                0x20000094                hadc1
 .bss.hdma_adc1
                0x200000dc       0x60 ./Core/Src/main.o
                0x200000dc                hdma_adc1
 .bss.htim3     0x2000013c       0x48 ./Core/Src/main.o
                0x2000013c                htim3
 .bss.htim4     0x20000184       0x48 ./Core/Src/main.o
                0x20000184                htim4
 .bss.htim6     0x200001cc       0x48 ./Core/Src/main.o
                0x200001cc                htim6
 .bss.htim8     0x20000214       0x48 ./Core/Src/main.o
                0x20000214                htim8
 .bss.huart1    0x2000025c       0x48 ./Core/Src/main.o
                0x2000025c                huart1
 .bss.systemTime
                0x200002a4        0x4 ./Core/Src/main.o
                0x200002a4                systemTime
 .bss.runningTime
                0x200002a8        0x4 ./Core/Src/main.o
                0x200002a8                runningTime
 .bss.analog    0x200002ac       0x20 ./Core/Src/main.o
                0x200002ac                analog
 .bss.max_values
                0x200002cc       0x40 ./Core/Src/main.o
                0x200002cc                max_values
 .bss.min_values
                0x2000030c       0x40 ./Core/Src/main.o
                0x2000030c                min_values
 .bss.sensor_coefficient
                0x2000034c       0x40 ./Core/Src/main.o
                0x2000034c                sensor_coefficient
 .bss.black_values
                0x2000038c       0x40 ./Core/Src/main.o
                0x2000038c                black_values
 .bss.Linesensor
                0x200003cc       0x20 ./Core/Src/main.o
                0x200003cc                Linesensor
 .bss.debug_encoder_l
                0x200003ec        0x2 ./Core/Src/main.o
                0x200003ec                debug_encoder_l
 .bss.debug_encoder_r
                0x200003ee        0x2 ./Core/Src/main.o
                0x200003ee                debug_encoder_r
 .bss.debug_velocity
                0x200003f0        0x4 ./Core/Src/main.o
                0x200003f0                debug_velocity
 .bss.motor_l   0x200003f4        0x2 ./Core/Src/motor.o
 .bss.motor_r   0x200003f6        0x2 ./Core/Src/motor.o
 .bss.mon_rev_l
                0x200003f8        0x2 ./Core/Src/motor.o
                0x200003f8                mon_rev_l
 .bss.mon_rev_r
                0x200003fa        0x2 ./Core/Src/motor.o
                0x200003fa                mon_rev_r
 .bss.uwTick    0x200003fc        0x4 ./Drivers/STM32F4xx_HAL_Driver/Src/stm32f4xx_hal.o
                0x200003fc                uwTick
 *(COMMON)
                0x20000400                        . = ALIGN (0x4)
                0x20000400                        _ebss = .
                0x20000400                        __bss_end__ = _ebss

._user_heap_stack
                0x20000400      0x600
                0x20000400                        . = ALIGN (0x8)
                [!provide]                        PROVIDE (end = .)
                0x20000400                        PROVIDE (_end = .)
                0x20000600                        . = (. + _Min_Heap_Size)
 *fill*         0x20000400      0x200 
                0x20000a00                        . = (. + _Min_Stack_Size)
 *fill*         0x20000600      0x400 
                0x20000a00                        . = ALIGN (0x8)

/DISCARD/
 libc.a(*)
 libm.a(*)
 libgcc.a(*)

.ARM.attributes
                0x00000000       0x30
 *(.ARM.attributes)
 .ARM.attributes
                0x00000000       0x22 C:/ST/STM32CubeIDE_1.14.0/STM32CubeIDE/plugins/com.st.stm32cube.ide.mcu.externaltools.gnu-tools-for-stm32.13.3.rel1.win32_1.0.0.202411081344/tools/bin/../lib/gcc/arm-none-eabi/13.3.1/thumb/v7e-m+fp/hard/crti.o
 .ARM.attributes
                0x00000022       0x34 C:/ST/STM32CubeIDE_1.14.0/STM32CubeIDE/plugins/com.st.stm32cube.ide.mcu.externaltools.gnu-tools-for-stm32.13.3.rel1.win32_1.0.0.202411081344/tools/bin/../lib/gcc/arm-none-eabi/13.3.1/thumb/v7e-m+fp/hard/crtbegin.o
 .ARM.attributes
                0x00000056       0x34 ./Core/Src/Encoder.o
 .ARM.attributes
                0x0000008a       0x34 ./Core/Src/LED.o
 .ARM.attributes
                0x000000be       0x34 ./Core/Src/LineChase.o
 .ARM.attributes
                0x000000f2       0x34 ./Core/Src/VelocityCtrl.o
 .ARM.attributes
                0x00000126       0x34 ./Core/Src/main.o
 .ARM.attributes
                0x0000015a       0x34 ./Core/Src/motor.o
 .ARM.attributes
                0x0000018e       0x34 ./Core/Src/stm32f4xx_hal_msp.o
 .ARM.attributes
                0x000001c2       0x34 ./Core/Src/stm32f4xx_it.o
 .ARM.attributes
                0x000001f6       0x34 ./Core/Src/switch.o
 .ARM.attributes
                0x0000022a       0x34 ./Core/Src/system_stm32f4xx.o
 .ARM.attributes
                0x0000025e       0x21 ./Core/Startup/startup_stm32f405rgtx.o
 .ARM.attributes
                0x0000027f       0x34 ./Drivers/STM32F4xx_HAL_Driver/Src/stm32f4xx_hal.o
 .ARM.attributes
                0x000002b3       0x34 ./Drivers/STM32F4xx_HAL_Driver/Src/stm32f4xx_hal_adc.o
 .ARM.attributes
                0x000002e7       0x34 ./Drivers/STM32F4xx_HAL_Driver/Src/stm32f4xx_hal_cortex.o
 .ARM.attributes
                0x0000031b       0x34 ./Drivers/STM32F4xx_HAL_Driver/Src/stm32f4xx_hal_dma.o
 .ARM.attributes
                0x0000034f       0x34 ./Drivers/STM32F4xx_HAL_Driver/Src/stm32f4xx_hal_gpio.o
 .ARM.attributes
                0x00000383       0x34 ./Drivers/STM32F4xx_HAL_Driver/Src/stm32f4xx_hal_rcc.o
 .ARM.attributes
                0x000003b7       0x34 ./Drivers/STM32F4xx_HAL_Driver/Src/stm32f4xx_hal_tim.o
 .ARM.attributes
                0x000003eb       0x34 ./Drivers/STM32F4xx_HAL_Driver/Src/stm32f4xx_hal_tim_ex.o
 .ARM.attributes
                0x0000041f       0x34 ./Drivers/STM32F4xx_HAL_Driver/Src/stm32f4xx_hal_uart.o
 .ARM.attributes
                0x00000453       0x34 C:/ST/STM32CubeIDE_1.14.0/STM32CubeIDE/plugins/com.st.stm32cube.ide.mcu.externaltools.gnu-tools-for-stm32.13.3.rel1.win32_1.0.0.202411081344/tools/bin/../lib/gcc/arm-none-eabi/13.3.1/../../../../arm-none-eabi/lib/thumb/v7e-m+fp/hard\libc_nano.a(libc_a-memset.o)
 .ARM.attributes
                0x00000487       0x34 C:/ST/STM32CubeIDE_1.14.0/STM32CubeIDE/plugins/com.st.stm32cube.ide.mcu.externaltools.gnu-tools-for-stm32.13.3.rel1.win32_1.0.0.202411081344/tools/bin/../lib/gcc/arm-none-eabi/13.3.1/../../../../arm-none-eabi/lib/thumb/v7e-m+fp/hard\libc_nano.a(libc_a-init.o)
 .ARM.attributes
                0x000004bb       0x22 C:/ST/STM32CubeIDE_1.14.0/STM32CubeIDE/plugins/com.st.stm32cube.ide.mcu.externaltools.gnu-tools-for-stm32.13.3.rel1.win32_1.0.0.202411081344/tools/bin/../lib/gcc/arm-none-eabi/13.3.1/thumb/v7e-m+fp/hard\libgcc.a(_arm_addsubdf3.o)
 .ARM.attributes
                0x000004dd       0x22 C:/ST/STM32CubeIDE_1.14.0/STM32CubeIDE/plugins/com.st.stm32cube.ide.mcu.externaltools.gnu-tools-for-stm32.13.3.rel1.win32_1.0.0.202411081344/tools/bin/../lib/gcc/arm-none-eabi/13.3.1/thumb/v7e-m+fp/hard\libgcc.a(_arm_muldivdf3.o)
 .ARM.attributes
                0x000004ff       0x22 C:/ST/STM32CubeIDE_1.14.0/STM32CubeIDE/plugins/com.st.stm32cube.ide.mcu.externaltools.gnu-tools-for-stm32.13.3.rel1.win32_1.0.0.202411081344/tools/bin/../lib/gcc/arm-none-eabi/13.3.1/thumb/v7e-m+fp/hard\libgcc.a(_arm_truncdfsf2.o)
 .ARM.attributes
                0x00000521       0x22 C:/ST/STM32CubeIDE_1.14.0/STM32CubeIDE/plugins/com.st.stm32cube.ide.mcu.externaltools.gnu-tools-for-stm32.13.3.rel1.win32_1.0.0.202411081344/tools/bin/../lib/gcc/arm-none-eabi/13.3.1/thumb/v7e-m+fp/hard\libgcc.a(_aeabi_uldivmod.o)
 .ARM.attributes
                0x00000543       0x34 C:/ST/STM32CubeIDE_1.14.0/STM32CubeIDE/plugins/com.st.stm32cube.ide.mcu.externaltools.gnu-tools-for-stm32.13.3.rel1.win32_1.0.0.202411081344/tools/bin/../lib/gcc/arm-none-eabi/13.3.1/thumb/v7e-m+fp/hard\libgcc.a(_udivmoddi4.o)
 .ARM.attributes
                0x00000577       0x22 C:/ST/STM32CubeIDE_1.14.0/STM32CubeIDE/plugins/com.st.stm32cube.ide.mcu.externaltools.gnu-tools-for-stm32.13.3.rel1.win32_1.0.0.202411081344/tools/bin/../lib/gcc/arm-none-eabi/13.3.1/thumb/v7e-m+fp/hard\libgcc.a(_dvmd_tls.o)
 .ARM.attributes
                0x00000599       0x22 C:/ST/STM32CubeIDE_1.14.0/STM32CubeIDE/plugins/com.st.stm32cube.ide.mcu.externaltools.gnu-tools-for-stm32.13.3.rel1.win32_1.0.0.202411081344/tools/bin/../lib/gcc/arm-none-eabi/13.3.1/thumb/v7e-m+fp/hard/crtn.o
OUTPUT(Lily.elf elf32-littlearm)
LOAD linker stubs
LOAD C:/ST/STM32CubeIDE_1.14.0/STM32CubeIDE/plugins/com.st.stm32cube.ide.mcu.externaltools.gnu-tools-for-stm32.13.3.rel1.win32_1.0.0.202411081344/tools/bin/../lib/gcc/arm-none-eabi/13.3.1/../../../../arm-none-eabi/lib/thumb/v7e-m+fp/hard\libc.a
LOAD C:/ST/STM32CubeIDE_1.14.0/STM32CubeIDE/plugins/com.st.stm32cube.ide.mcu.externaltools.gnu-tools-for-stm32.13.3.rel1.win32_1.0.0.202411081344/tools/bin/../lib/gcc/arm-none-eabi/13.3.1/../../../../arm-none-eabi/lib/thumb/v7e-m+fp/hard\libm.a
LOAD C:/ST/STM32CubeIDE_1.14.0/STM32CubeIDE/plugins/com.st.stm32cube.ide.mcu.externaltools.gnu-tools-for-stm32.13.3.rel1.win32_1.0.0.202411081344/tools/bin/../lib/gcc/arm-none-eabi/13.3.1/thumb/v7e-m+fp/hard\libgcc.a

.debug_info     0x00000000    0x102ef
 .debug_info    0x00000000      0x8fd ./Core/Src/Encoder.o
 .debug_info    0x000008fd      0x1c9 ./Core/Src/LED.o
 .debug_info    0x00000ac6      0x31c ./Core/Src/LineChase.o
 .debug_info    0x00000de2      0x3b4 ./Core/Src/VelocityCtrl.o
 .debug_info    0x00001196     0x1cd1 ./Core/Src/main.o
 .debug_info    0x00002e67      0x874 ./Core/Src/motor.o
 .debug_info    0x000036db     0x1428 ./Core/Src/stm32f4xx_hal_msp.o
 .debug_info    0x00004b03      0x70c ./Core/Src/stm32f4xx_it.o
 .debug_info    0x0000520f      0x1db ./Core/Src/switch.o
 .debug_info    0x000053ea      0x512 ./Core/Src/system_stm32f4xx.o
 .debug_info    0x000058fc       0x30 ./Core/Startup/startup_stm32f405rgtx.o
 .debug_info    0x0000592c      0x932 ./Drivers/STM32F4xx_HAL_Driver/Src/stm32f4xx_hal.o
 .debug_info    0x0000625e      0xce3 ./Drivers/STM32F4xx_HAL_Driver/Src/stm32f4xx_hal_adc.o
 .debug_info    0x00006f41      0xd7a ./Drivers/STM32F4xx_HAL_Driver/Src/stm32f4xx_hal_cortex.o
 .debug_info    0x00007cbb      0x8e7 ./Drivers/STM32F4xx_HAL_Driver/Src/stm32f4xx_hal_dma.o
 .debug_info    0x000085a2      0x6c3 ./Drivers/STM32F4xx_HAL_Driver/Src/stm32f4xx_hal_gpio.o
 .debug_info    0x00008c65      0x8c3 ./Drivers/STM32F4xx_HAL_Driver/Src/stm32f4xx_hal_rcc.o
 .debug_info    0x00009528     0x299d ./Drivers/STM32F4xx_HAL_Driver/Src/stm32f4xx_hal_tim.o
 .debug_info    0x0000bec5     0x14db ./Drivers/STM32F4xx_HAL_Driver/Src/stm32f4xx_hal_tim_ex.o
 .debug_info    0x0000d3a0     0x2f4f ./Drivers/STM32F4xx_HAL_Driver/Src/stm32f4xx_hal_uart.o

.debug_abbrev   0x00000000     0x28a9
 .debug_abbrev  0x00000000      0x230 ./Core/Src/Encoder.o
 .debug_abbrev  0x00000230      0x103 ./Core/Src/LED.o
 .debug_abbrev  0x00000333      0x16f ./Core/Src/LineChase.o
 .debug_abbrev  0x000004a2      0x17b ./Core/Src/VelocityCtrl.o
 .debug_abbrev  0x0000061d      0x3c4 ./Core/Src/main.o
 .debug_abbrev  0x000009e1      0x1e8 ./Core/Src/motor.o
 .debug_abbrev  0x00000bc9      0x27b ./Core/Src/stm32f4xx_hal_msp.o
 .debug_abbrev  0x00000e44      0x194 ./Core/Src/stm32f4xx_it.o
 .debug_abbrev  0x00000fd8      0x118 ./Core/Src/switch.o
 .debug_abbrev  0x000010f0      0x11a ./Core/Src/system_stm32f4xx.o
 .debug_abbrev  0x0000120a       0x24 ./Core/Startup/startup_stm32f405rgtx.o
 .debug_abbrev  0x0000122e      0x214 ./Drivers/STM32F4xx_HAL_Driver/Src/stm32f4xx_hal.o
 .debug_abbrev  0x00001442      0x252 ./Drivers/STM32F4xx_HAL_Driver/Src/stm32f4xx_hal_adc.o
 .debug_abbrev  0x00001694      0x31d ./Drivers/STM32F4xx_HAL_Driver/Src/stm32f4xx_hal_cortex.o
 .debug_abbrev  0x000019b1      0x264 ./Drivers/STM32F4xx_HAL_Driver/Src/stm32f4xx_hal_dma.o
 .debug_abbrev  0x00001c15      0x1d4 ./Drivers/STM32F4xx_HAL_Driver/Src/stm32f4xx_hal_gpio.o
 .debug_abbrev  0x00001de9      0x2b7 ./Drivers/STM32F4xx_HAL_Driver/Src/stm32f4xx_hal_rcc.o
 .debug_abbrev  0x000020a0      0x278 ./Drivers/STM32F4xx_HAL_Driver/Src/stm32f4xx_hal_tim.o
 .debug_abbrev  0x00002318      0x283 ./Drivers/STM32F4xx_HAL_Driver/Src/stm32f4xx_hal_tim_ex.o
 .debug_abbrev  0x0000259b      0x30e ./Drivers/STM32F4xx_HAL_Driver/Src/stm32f4xx_hal_uart.o

.debug_aranges  0x00000000      0xf80
 .debug_aranges
                0x00000000       0xb0 ./Core/Src/Encoder.o
 .debug_aranges
                0x000000b0       0x20 ./Core/Src/LED.o
 .debug_aranges
                0x000000d0       0x50 ./Core/Src/LineChase.o
 .debug_aranges
                0x00000120       0x80 ./Core/Src/VelocityCtrl.o
 .debug_aranges
                0x000001a0       0xa0 ./Core/Src/main.o
 .debug_aranges
                0x00000240       0x30 ./Core/Src/motor.o
 .debug_aranges
                0x00000270       0x78 ./Core/Src/stm32f4xx_hal_msp.o
 .debug_aranges
                0x000002e8       0x70 ./Core/Src/stm32f4xx_it.o
 .debug_aranges
                0x00000358       0x20 ./Core/Src/switch.o
 .debug_aranges
                0x00000378       0x28 ./Core/Src/system_stm32f4xx.o
 .debug_aranges
                0x000003a0       0x28 ./Core/Startup/startup_stm32f405rgtx.o
 .debug_aranges
                0x000003c8       0xf0 ./Drivers/STM32F4xx_HAL_Driver/Src/stm32f4xx_hal.o
 .debug_aranges
                0x000004b8       0xe8 ./Drivers/STM32F4xx_HAL_Driver/Src/stm32f4xx_hal_adc.o
 .debug_aranges
                0x000005a0      0x130 ./Drivers/STM32F4xx_HAL_Driver/Src/stm32f4xx_hal_cortex.o
 .debug_aranges
                0x000006d0       0x90 ./Drivers/STM32F4xx_HAL_Driver/Src/stm32f4xx_hal_dma.o
 .debug_aranges
                0x00000760       0x58 ./Drivers/STM32F4xx_HAL_Driver/Src/stm32f4xx_hal_gpio.o
 .debug_aranges
                0x000007b8       0x88 ./Drivers/STM32F4xx_HAL_Driver/Src/stm32f4xx_hal_rcc.o
 .debug_aranges
                0x00000840      0x3d0 ./Drivers/STM32F4xx_HAL_Driver/Src/stm32f4xx_hal_tim.o
 .debug_aranges
                0x00000c10      0x168 ./Drivers/STM32F4xx_HAL_Driver/Src/stm32f4xx_hal_tim_ex.o
 .debug_aranges
                0x00000d78      0x208 ./Drivers/STM32F4xx_HAL_Driver/Src/stm32f4xx_hal_uart.o

.debug_rnglists
                0x00000000      0xc07
 .debug_rnglists
                0x00000000       0x80 ./Core/Src/Encoder.o
 .debug_rnglists
                0x00000080       0x14 ./Core/Src/LED.o
 .debug_rnglists
                0x00000094       0x3a ./Core/Src/LineChase.o
 .debug_rnglists
                0x000000ce       0x5d ./Core/Src/VelocityCtrl.o
 .debug_rnglists
                0x0000012b       0x7b ./Core/Src/main.o
 .debug_rnglists
                0x000001a6       0x20 ./Core/Src/motor.o
 .debug_rnglists
                0x000001c6       0x58 ./Core/Src/stm32f4xx_hal_msp.o
 .debug_rnglists
                0x0000021e       0x4f ./Core/Src/stm32f4xx_it.o
 .debug_rnglists
                0x0000026d       0x13 ./Core/Src/switch.o
 .debug_rnglists
                0x00000280       0x1a ./Core/Src/system_stm32f4xx.o
 .debug_rnglists
                0x0000029a       0x19 ./Core/Startup/startup_stm32f405rgtx.o
 .debug_rnglists
                0x000002b3       0xaf ./Drivers/STM32F4xx_HAL_Driver/Src/stm32f4xx_hal.o
 .debug_rnglists
                0x00000362       0xb5 ./Drivers/STM32F4xx_HAL_Driver/Src/stm32f4xx_hal_adc.o
 .debug_rnglists
                0x00000417       0xe0 ./Drivers/STM32F4xx_HAL_Driver/Src/stm32f4xx_hal_cortex.o
 .debug_rnglists
                0x000004f7       0x70 ./Drivers/STM32F4xx_HAL_Driver/Src/stm32f4xx_hal_dma.o
 .debug_rnglists
                0x00000567       0x3f ./Drivers/STM32F4xx_HAL_Driver/Src/stm32f4xx_hal_gpio.o
 .debug_rnglists
                0x000005a6       0x66 ./Drivers/STM32F4xx_HAL_Driver/Src/stm32f4xx_hal_rcc.o
 .debug_rnglists
                0x0000060c      0x31a ./Drivers/STM32F4xx_HAL_Driver/Src/stm32f4xx_hal_tim.o
 .debug_rnglists
                0x00000926      0x125 ./Drivers/STM32F4xx_HAL_Driver/Src/stm32f4xx_hal_tim_ex.o
 .debug_rnglists
                0x00000a4b      0x1bc ./Drivers/STM32F4xx_HAL_Driver/Src/stm32f4xx_hal_uart.o

.debug_macro    0x00000000    0x20c0b
 .debug_macro   0x00000000      0x22a ./Core/Src/Encoder.o
 .debug_macro   0x0000022a      0xad8 ./Core/Src/Encoder.o
 .debug_macro   0x00000d02      0x2a1 ./Core/Src/Encoder.o
 .debug_macro   0x00000fa3       0x2e ./Core/Src/Encoder.o
 .debug_macro   0x00000fd1       0x2f ./Core/Src/Encoder.o
 .debug_macro   0x00001000       0x22 ./Core/Src/Encoder.o
 .debug_macro   0x00001022       0x8e ./Core/Src/Encoder.o
 .debug_macro   0x000010b0       0x51 ./Core/Src/Encoder.o
 .debug_macro   0x00001101      0x103 ./Core/Src/Encoder.o
 .debug_macro   0x00001204       0x6a ./Core/Src/Encoder.o
 .debug_macro   0x0000126e      0x1df ./Core/Src/Encoder.o
 .debug_macro   0x0000144d       0x1c ./Core/Src/Encoder.o
 .debug_macro   0x00001469       0x22 ./Core/Src/Encoder.o
 .debug_macro   0x0000148b       0xfb ./Core/Src/Encoder.o
 .debug_macro   0x00001586     0x1011 ./Core/Src/Encoder.o
 .debug_macro   0x00002597      0x11f ./Core/Src/Encoder.o
 .debug_macro   0x000026b6    0x1427b ./Core/Src/Encoder.o
 .debug_macro   0x00016931       0x6d ./Core/Src/Encoder.o
 .debug_macro   0x0001699e     0x3693 ./Core/Src/Encoder.o
 .debug_macro   0x0001a031      0x190 ./Core/Src/Encoder.o
 .debug_macro   0x0001a1c1       0x5c ./Core/Src/Encoder.o
 .debug_macro   0x0001a21d      0x8bc ./Core/Src/Encoder.o
 .debug_macro   0x0001aad9      0x9e9 ./Core/Src/Encoder.o
 .debug_macro   0x0001b4c2      0x115 ./Core/Src/Encoder.o
 .debug_macro   0x0001b5d7      0x130 ./Core/Src/Encoder.o
 .debug_macro   0x0001b707       0xa5 ./Core/Src/Encoder.o
 .debug_macro   0x0001b7ac      0x174 ./Core/Src/Encoder.o
 .debug_macro   0x0001b920      0x287 ./Core/Src/Encoder.o
 .debug_macro   0x0001bba7       0x5f ./Core/Src/Encoder.o
 .debug_macro   0x0001bc06      0x236 ./Core/Src/Encoder.o
 .debug_macro   0x0001be3c      0xb5b ./Core/Src/Encoder.o
 .debug_macro   0x0001c997      0x38b ./Core/Src/Encoder.o
 .debug_macro   0x0001cd22      0x176 ./Core/Src/Encoder.o
 .debug_macro   0x0001ce98       0xf9 ./Core/Src/Encoder.o
 .debug_macro   0x0001cf91      0x12c ./Core/Src/Encoder.o
 .debug_macro   0x0001d0bd      0x21e ./Core/Src/Encoder.o
 .debug_macro   0x0001d2db       0x2e ./Core/Src/Encoder.o
 .debug_macro   0x0001d309      0x127 ./Core/Src/Encoder.o
 .debug_macro   0x0001d430       0x7e ./Core/Src/Encoder.o
 .debug_macro   0x0001d4ae       0x89 ./Core/Src/Encoder.o
 .debug_macro   0x0001d537      0x8ed ./Core/Src/Encoder.o
 .debug_macro   0x0001de24       0x4d ./Core/Src/Encoder.o
 .debug_macro   0x0001de71      0x2aa ./Core/Src/Encoder.o
 .debug_macro   0x0001e11b      0x12d ./Core/Src/Encoder.o
 .debug_macro   0x0001e248      0x200 ./Core/Src/LED.o
 .debug_macro   0x0001e448      0x230 ./Core/Src/LineChase.o
 .debug_macro   0x0001e678       0x10 ./Core/Src/LineChase.o
 .debug_macro   0x0001e688       0x22 ./Core/Src/LineChase.o
 .debug_macro   0x0001e6aa      0x214 ./Core/Src/LineChase.o
 .debug_macro   0x0001e8be       0x22 ./Core/Src/LineChase.o
 .debug_macro   0x0001e8e0      0x237 ./Core/Src/VelocityCtrl.o
 .debug_macro   0x0001eb17      0x260 ./Core/Src/main.o
 .debug_macro   0x0001ed77      0x20e ./Core/Src/main.o
 .debug_macro   0x0001ef85       0x22 ./Core/Src/main.o
 .debug_macro   0x0001efa7      0x205 ./Core/Src/motor.o
 .debug_macro   0x0001f1ac       0x1c ./Core/Src/motor.o
 .debug_macro   0x0001f1c8      0x205 ./Core/Src/stm32f4xx_hal_msp.o
 .debug_macro   0x0001f3cd      0x20f ./Core/Src/stm32f4xx_it.o
 .debug_macro   0x0001f5dc      0x200 ./Core/Src/switch.o
 .debug_macro   0x0001f7dc      0x1f6 ./Core/Src/system_stm32f4xx.o
 .debug_macro   0x0001f9d2      0x256 ./Drivers/STM32F4xx_HAL_Driver/Src/stm32f4xx_hal.o
 .debug_macro   0x0001fc28      0x1f7 ./Drivers/STM32F4xx_HAL_Driver/Src/stm32f4xx_hal_adc.o
 .debug_macro   0x0001fe1f      0x1f6 ./Drivers/STM32F4xx_HAL_Driver/Src/stm32f4xx_hal_cortex.o
 .debug_macro   0x00020015      0x1fc ./Drivers/STM32F4xx_HAL_Driver/Src/stm32f4xx_hal_dma.o
 .debug_macro   0x00020211      0x1fc ./Drivers/STM32F4xx_HAL_Driver/Src/stm32f4xx_hal_gpio.o
 .debug_macro   0x0002040d      0x21a ./Drivers/STM32F4xx_HAL_Driver/Src/stm32f4xx_hal_rcc.o
 .debug_macro   0x00020627      0x1f7 ./Drivers/STM32F4xx_HAL_Driver/Src/stm32f4xx_hal_tim.o
 .debug_macro   0x0002081e      0x1f6 ./Drivers/STM32F4xx_HAL_Driver/Src/stm32f4xx_hal_tim_ex.o
 .debug_macro   0x00020a14      0x1f7 ./Drivers/STM32F4xx_HAL_Driver/Src/stm32f4xx_hal_uart.o

.debug_line     0x00000000    0x12b71
 .debug_line    0x00000000      0x9c9 ./Core/Src/Encoder.o
 .debug_line    0x000009c9      0x7f3 ./Core/Src/LED.o
 .debug_line    0x000011bc      0x9e9 ./Core/Src/LineChase.o
 .debug_line    0x00001ba5      0x999 ./Core/Src/VelocityCtrl.o
 .debug_line    0x0000253e      0xfc2 ./Core/Src/main.o
 .debug_line    0x00003500      0x804 ./Core/Src/motor.o
 .debug_line    0x00003d04      0x98a ./Core/Src/stm32f4xx_hal_msp.o
 .debug_line    0x0000468e      0x86c ./Core/Src/stm32f4xx_it.o
 .debug_line    0x00004efa      0x7ae ./Core/Src/switch.o
 .debug_line    0x000056a8      0x803 ./Core/Src/system_stm32f4xx.o
 .debug_line    0x00005eab       0x7a ./Core/Startup/startup_stm32f405rgtx.o
 .debug_line    0x00005f25      0xa7f ./Drivers/STM32F4xx_HAL_Driver/Src/stm32f4xx_hal.o
 .debug_line    0x000069a4     0x1296 ./Drivers/STM32F4xx_HAL_Driver/Src/stm32f4xx_hal_adc.o
 .debug_line    0x00007c3a      0xd4f ./Drivers/STM32F4xx_HAL_Driver/Src/stm32f4xx_hal_cortex.o
 .debug_line    0x00008989      0xfeb ./Drivers/STM32F4xx_HAL_Driver/Src/stm32f4xx_hal_dma.o
 .debug_line    0x00009974      0xbd7 ./Drivers/STM32F4xx_HAL_Driver/Src/stm32f4xx_hal_gpio.o
 .debug_line    0x0000a54b      0xe8c ./Drivers/STM32F4xx_HAL_Driver/Src/stm32f4xx_hal_rcc.o
 .debug_line    0x0000b3d7     0x37f4 ./Drivers/STM32F4xx_HAL_Driver/Src/stm32f4xx_hal_tim.o
 .debug_line    0x0000ebcb     0x19df ./Drivers/STM32F4xx_HAL_Driver/Src/stm32f4xx_hal_tim_ex.o
 .debug_line    0x000105aa     0x25c7 ./Drivers/STM32F4xx_HAL_Driver/Src/stm32f4xx_hal_uart.o

.debug_str      0x00000000    0xca676
 .debug_str     0x00000000    0xca676 ./Core/Src/Encoder.o
                              0xc5f0f (size before relaxing)
 .debug_str     0x000ca676    0xc56df ./Core/Src/LED.o
 .debug_str     0x000ca676    0xc6164 ./Core/Src/LineChase.o
 .debug_str     0x000ca676    0xc59ca ./Core/Src/VelocityCtrl.o
 .debug_str     0x000ca676    0xc7777 ./Core/Src/main.o
 .debug_str     0x000ca676    0xc5d24 ./Core/Src/motor.o
 .debug_str     0x000ca676    0xc6f9b ./Core/Src/stm32f4xx_hal_msp.o
 .debug_str     0x000ca676    0xc64d7 ./Core/Src/stm32f4xx_it.o
 .debug_str     0x000ca676    0xc56f0 ./Core/Src/switch.o
 .debug_str     0x000ca676    0xc5809 ./Core/Src/system_stm32f4xx.o
 .debug_str     0x000ca676       0x7c ./Core/Startup/startup_stm32f405rgtx.o
 .debug_str     0x000ca676    0xc636c ./Drivers/STM32F4xx_HAL_Driver/Src/stm32f4xx_hal.o
 .debug_str     0x000ca676    0xc5df6 ./Drivers/STM32F4xx_HAL_Driver/Src/stm32f4xx_hal_adc.o
 .debug_str     0x000ca676    0xc60e8 ./Drivers/STM32F4xx_HAL_Driver/Src/stm32f4xx_hal_cortex.o
 .debug_str     0x000ca676    0xc5c23 ./Drivers/STM32F4xx_HAL_Driver/Src/stm32f4xx_hal_dma.o
 .debug_str     0x000ca676    0xc5984 ./Drivers/STM32F4xx_HAL_Driver/Src/stm32f4xx_hal_gpio.o
 .debug_str     0x000ca676    0xc5c3d ./Drivers/STM32F4xx_HAL_Driver/Src/stm32f4xx_hal_rcc.o
 .debug_str     0x000ca676    0xc6b93 ./Drivers/STM32F4xx_HAL_Driver/Src/stm32f4xx_hal_tim.o
 .debug_str     0x000ca676    0xc639f ./Drivers/STM32F4xx_HAL_Driver/Src/stm32f4xx_hal_tim_ex.o
 .debug_str     0x000ca676    0xc621e ./Drivers/STM32F4xx_HAL_Driver/Src/stm32f4xx_hal_uart.o

.comment        0x00000000       0x43
 .comment       0x00000000       0x43 ./Core/Src/Encoder.o
                                 0x44 (size before relaxing)
 .comment       0x00000043       0x44 ./Core/Src/LED.o
 .comment       0x00000043       0x44 ./Core/Src/LineChase.o
 .comment       0x00000043       0x44 ./Core/Src/VelocityCtrl.o
 .comment       0x00000043       0x44 ./Core/Src/main.o
 .comment       0x00000043       0x44 ./Core/Src/motor.o
 .comment       0x00000043       0x44 ./Core/Src/stm32f4xx_hal_msp.o
 .comment       0x00000043       0x44 ./Core/Src/stm32f4xx_it.o
 .comment       0x00000043       0x44 ./Core/Src/switch.o
 .comment       0x00000043       0x44 ./Core/Src/system_stm32f4xx.o
 .comment       0x00000043       0x44 ./Drivers/STM32F4xx_HAL_Driver/Src/stm32f4xx_hal.o
 .comment       0x00000043       0x44 ./Drivers/STM32F4xx_HAL_Driver/Src/stm32f4xx_hal_adc.o
 .comment       0x00000043       0x44 ./Drivers/STM32F4xx_HAL_Driver/Src/stm32f4xx_hal_cortex.o
 .comment       0x00000043       0x44 ./Drivers/STM32F4xx_HAL_Driver/Src/stm32f4xx_hal_dma.o
 .comment       0x00000043       0x44 ./Drivers/STM32F4xx_HAL_Driver/Src/stm32f4xx_hal_gpio.o
 .comment       0x00000043       0x44 ./Drivers/STM32F4xx_HAL_Driver/Src/stm32f4xx_hal_rcc.o
 .comment       0x00000043       0x44 ./Drivers/STM32F4xx_HAL_Driver/Src/stm32f4xx_hal_tim.o
 .comment       0x00000043       0x44 ./Drivers/STM32F4xx_HAL_Driver/Src/stm32f4xx_hal_tim_ex.o
 .comment       0x00000043       0x44 ./Drivers/STM32F4xx_HAL_Driver/Src/stm32f4xx_hal_uart.o

.debug_frame    0x00000000     0x40fc
 .debug_frame   0x00000000      0x274 ./Core/Src/Encoder.o
 .debug_frame   0x00000274       0x34 ./Core/Src/LED.o
 .debug_frame   0x000002a8      0x108 ./Core/Src/LineChase.o
 .debug_frame   0x000003b0      0x1d0 ./Core/Src/VelocityCtrl.o
 .debug_frame   0x00000580      0x250 ./Core/Src/main.o
 .debug_frame   0x000007d0       0x78 ./Core/Src/motor.o
 .debug_frame   0x00000848      0x1cc ./Core/Src/stm32f4xx_hal_msp.o
 .debug_frame   0x00000a14      0x13c ./Core/Src/stm32f4xx_it.o
 .debug_frame   0x00000b50       0x34 ./Core/Src/switch.o
 .debug_frame   0x00000b84       0x58 ./Core/Src/system_stm32f4xx.o
 .debug_frame   0x00000bdc      0x374 ./Drivers/STM32F4xx_HAL_Driver/Src/stm32f4xx_hal.o
 .debug_frame   0x00000f50      0x3fc ./Drivers/STM32F4xx_HAL_Driver/Src/stm32f4xx_hal_adc.o
 .debug_frame   0x0000134c      0x508 ./Drivers/STM32F4xx_HAL_Driver/Src/stm32f4xx_hal_cortex.o
 .debug_frame   0x00001854      0x250 ./Drivers/STM32F4xx_HAL_Driver/Src/stm32f4xx_hal_dma.o
 .debug_frame   0x00001aa4      0x14c ./Drivers/STM32F4xx_HAL_Driver/Src/stm32f4xx_hal_gpio.o
 .debug_frame   0x00001bf0      0x1f4 ./Drivers/STM32F4xx_HAL_Driver/Src/stm32f4xx_hal_rcc.o
 .debug_frame   0x00001de4     0x11c0 ./Drivers/STM32F4xx_HAL_Driver/Src/stm32f4xx_hal_tim.o
 .debug_frame   0x00002fa4      0x638 ./Drivers/STM32F4xx_HAL_Driver/Src/stm32f4xx_hal_tim_ex.o
 .debug_frame   0x000035dc      0x954 ./Drivers/STM32F4xx_HAL_Driver/Src/stm32f4xx_hal_uart.o
 .debug_frame   0x00003f30       0x20 C:/ST/STM32CubeIDE_1.14.0/STM32CubeIDE/plugins/com.st.stm32cube.ide.mcu.externaltools.gnu-tools-for-stm32.13.3.rel1.win32_1.0.0.202411081344/tools/bin/../lib/gcc/arm-none-eabi/13.3.1/../../../../arm-none-eabi/lib/thumb/v7e-m+fp/hard\libc_nano.a(libc_a-memset.o)
 .debug_frame   0x00003f50       0x2c C:/ST/STM32CubeIDE_1.14.0/STM32CubeIDE/plugins/com.st.stm32cube.ide.mcu.externaltools.gnu-tools-for-stm32.13.3.rel1.win32_1.0.0.202411081344/tools/bin/../lib/gcc/arm-none-eabi/13.3.1/../../../../arm-none-eabi/lib/thumb/v7e-m+fp/hard\libc_nano.a(libc_a-init.o)
 .debug_frame   0x00003f7c       0xac C:/ST/STM32CubeIDE_1.14.0/STM32CubeIDE/plugins/com.st.stm32cube.ide.mcu.externaltools.gnu-tools-for-stm32.13.3.rel1.win32_1.0.0.202411081344/tools/bin/../lib/gcc/arm-none-eabi/13.3.1/thumb/v7e-m+fp/hard\libgcc.a(_arm_addsubdf3.o)
 .debug_frame   0x00004028       0x50 C:/ST/STM32CubeIDE_1.14.0/STM32CubeIDE/plugins/com.st.stm32cube.ide.mcu.externaltools.gnu-tools-for-stm32.13.3.rel1.win32_1.0.0.202411081344/tools/bin/../lib/gcc/arm-none-eabi/13.3.1/thumb/v7e-m+fp/hard\libgcc.a(_arm_muldivdf3.o)
 .debug_frame   0x00004078       0x24 C:/ST/STM32CubeIDE_1.14.0/STM32CubeIDE/plugins/com.st.stm32cube.ide.mcu.externaltools.gnu-tools-for-stm32.13.3.rel1.win32_1.0.0.202411081344/tools/bin/../lib/gcc/arm-none-eabi/13.3.1/thumb/v7e-m+fp/hard\libgcc.a(_arm_truncdfsf2.o)
 .debug_frame   0x0000409c       0x2c C:/ST/STM32CubeIDE_1.14.0/STM32CubeIDE/plugins/com.st.stm32cube.ide.mcu.externaltools.gnu-tools-for-stm32.13.3.rel1.win32_1.0.0.202411081344/tools/bin/../lib/gcc/arm-none-eabi/13.3.1/thumb/v7e-m+fp/hard\libgcc.a(_aeabi_uldivmod.o)
 .debug_frame   0x000040c8       0x34 C:/ST/STM32CubeIDE_1.14.0/STM32CubeIDE/plugins/com.st.stm32cube.ide.mcu.externaltools.gnu-tools-for-stm32.13.3.rel1.win32_1.0.0.202411081344/tools/bin/../lib/gcc/arm-none-eabi/13.3.1/thumb/v7e-m+fp/hard\libgcc.a(_udivmoddi4.o)

.debug_line_str
                0x00000000       0x60
 .debug_line_str
                0x00000000       0x60 ./Core/Startup/startup_stm32f405rgtx.o
