Archive member included to satisfy reference by file (symbol)

C:/ST/STM32CubeIDE_1.14.0/STM32CubeIDE/plugins/com.st.stm32cube.ide.mcu.externaltools.gnu-tools-for-stm32.13.3.rel1.win32_1.0.0.202411081344/tools/bin/../lib/gcc/arm-none-eabi/13.3.1/../../../../arm-none-eabi/lib/thumb/v7e-m+fp/hard\libc_nano.a(libc_a-exit.o)
                              C:/ST/STM32CubeIDE_1.14.0/STM32CubeIDE/plugins/com.st.stm32cube.ide.mcu.externaltools.gnu-tools-for-stm32.13.3.rel1.win32_1.0.0.202411081344/tools/bin/../lib/gcc/arm-none-eabi/13.3.1/../../../../arm-none-eabi/lib/thumb/v7e-m+fp/hard/crt0.o (exit)
C:/ST/STM32CubeIDE_1.14.0/STM32CubeIDE/plugins/com.st.stm32cube.ide.mcu.externaltools.gnu-tools-for-stm32.13.3.rel1.win32_1.0.0.202411081344/tools/bin/../lib/gcc/arm-none-eabi/13.3.1/../../../../arm-none-eabi/lib/thumb/v7e-m+fp/hard\libc_nano.a(libc_a-findfp.o)
                              C:/ST/STM32CubeIDE_1.14.0/STM32CubeIDE/plugins/com.st.stm32cube.ide.mcu.externaltools.gnu-tools-for-stm32.13.3.rel1.win32_1.0.0.202411081344/tools/bin/../lib/gcc/arm-none-eabi/13.3.1/../../../../arm-none-eabi/lib/thumb/v7e-m+fp/hard\libc_nano.a(libc_a-exit.o) (__stdio_exit_handler)
C:/ST/STM32CubeIDE_1.14.0/STM32CubeIDE/plugins/com.st.stm32cube.ide.mcu.externaltools.gnu-tools-for-stm32.13.3.rel1.win32_1.0.0.202411081344/tools/bin/../lib/gcc/arm-none-eabi/13.3.1/../../../../arm-none-eabi/lib/thumb/v7e-m+fp/hard\libc_nano.a(libc_a-fwalk.o)
                              C:/ST/STM32CubeIDE_1.14.0/STM32CubeIDE/plugins/com.st.stm32cube.ide.mcu.externaltools.gnu-tools-for-stm32.13.3.rel1.win32_1.0.0.202411081344/tools/bin/../lib/gcc/arm-none-eabi/13.3.1/../../../../arm-none-eabi/lib/thumb/v7e-m+fp/hard\libc_nano.a(libc_a-findfp.o) (_fwalk_sglue)
C:/ST/STM32CubeIDE_1.14.0/STM32CubeIDE/plugins/com.st.stm32cube.ide.mcu.externaltools.gnu-tools-for-stm32.13.3.rel1.win32_1.0.0.202411081344/tools/bin/../lib/gcc/arm-none-eabi/13.3.1/../../../../arm-none-eabi/lib/thumb/v7e-m+fp/hard\libc_nano.a(libc_a-stdio.o)
                              C:/ST/STM32CubeIDE_1.14.0/STM32CubeIDE/plugins/com.st.stm32cube.ide.mcu.externaltools.gnu-tools-for-stm32.13.3.rel1.win32_1.0.0.202411081344/tools/bin/../lib/gcc/arm-none-eabi/13.3.1/../../../../arm-none-eabi/lib/thumb/v7e-m+fp/hard\libc_nano.a(libc_a-findfp.o) (__sread)
C:/ST/STM32CubeIDE_1.14.0/STM32CubeIDE/plugins/com.st.stm32cube.ide.mcu.externaltools.gnu-tools-for-stm32.13.3.rel1.win32_1.0.0.202411081344/tools/bin/../lib/gcc/arm-none-eabi/13.3.1/../../../../arm-none-eabi/lib/thumb/v7e-m+fp/hard\libc_nano.a(libc_a-memset.o)
                              C:/ST/STM32CubeIDE_1.14.0/STM32CubeIDE/plugins/com.st.stm32cube.ide.mcu.externaltools.gnu-tools-for-stm32.13.3.rel1.win32_1.0.0.202411081344/tools/bin/../lib/gcc/arm-none-eabi/13.3.1/../../../../arm-none-eabi/lib/thumb/v7e-m+fp/hard/crt0.o (memset)
C:/ST/STM32CubeIDE_1.14.0/STM32CubeIDE/plugins/com.st.stm32cube.ide.mcu.externaltools.gnu-tools-for-stm32.13.3.rel1.win32_1.0.0.202411081344/tools/bin/../lib/gcc/arm-none-eabi/13.3.1/../../../../arm-none-eabi/lib/thumb/v7e-m+fp/hard\libc_nano.a(libc_a-closer.o)
                              C:/ST/STM32CubeIDE_1.14.0/STM32CubeIDE/plugins/com.st.stm32cube.ide.mcu.externaltools.gnu-tools-for-stm32.13.3.rel1.win32_1.0.0.202411081344/tools/bin/../lib/gcc/arm-none-eabi/13.3.1/../../../../arm-none-eabi/lib/thumb/v7e-m+fp/hard\libc_nano.a(libc_a-stdio.o) (_close_r)
C:/ST/STM32CubeIDE_1.14.0/STM32CubeIDE/plugins/com.st.stm32cube.ide.mcu.externaltools.gnu-tools-for-stm32.13.3.rel1.win32_1.0.0.202411081344/tools/bin/../lib/gcc/arm-none-eabi/13.3.1/../../../../arm-none-eabi/lib/thumb/v7e-m+fp/hard\libc_nano.a(libc_a-reent.o)
                              C:/ST/STM32CubeIDE_1.14.0/STM32CubeIDE/plugins/com.st.stm32cube.ide.mcu.externaltools.gnu-tools-for-stm32.13.3.rel1.win32_1.0.0.202411081344/tools/bin/../lib/gcc/arm-none-eabi/13.3.1/../../../../arm-none-eabi/lib/thumb/v7e-m+fp/hard\libc_nano.a(libc_a-closer.o) (errno)
C:/ST/STM32CubeIDE_1.14.0/STM32CubeIDE/plugins/com.st.stm32cube.ide.mcu.externaltools.gnu-tools-for-stm32.13.3.rel1.win32_1.0.0.202411081344/tools/bin/../lib/gcc/arm-none-eabi/13.3.1/../../../../arm-none-eabi/lib/thumb/v7e-m+fp/hard\libc_nano.a(libc_a-impure.o)
                              C:/ST/STM32CubeIDE_1.14.0/STM32CubeIDE/plugins/com.st.stm32cube.ide.mcu.externaltools.gnu-tools-for-stm32.13.3.rel1.win32_1.0.0.202411081344/tools/bin/../lib/gcc/arm-none-eabi/13.3.1/../../../../arm-none-eabi/lib/thumb/v7e-m+fp/hard\libc_nano.a(libc_a-reent.o) (_impure_ptr)
C:/ST/STM32CubeIDE_1.14.0/STM32CubeIDE/plugins/com.st.stm32cube.ide.mcu.externaltools.gnu-tools-for-stm32.13.3.rel1.win32_1.0.0.202411081344/tools/bin/../lib/gcc/arm-none-eabi/13.3.1/../../../../arm-none-eabi/lib/thumb/v7e-m+fp/hard\libc_nano.a(libc_a-lseekr.o)
[...]
Memory Configuration

Name             Origin             Length             Attributes
CCMRAM           0x10000000         0x00010000         xrw
RAM              0x20000000         0x00020000         xrw
FLASH            0x08000000         0x00100000         xr
*default*        0x00000000         0xffffffff

Linker script and memory map

LOAD C:/ST/STM32CubeIDE_1.14.0/STM32CubeIDE/plugins/com.st.stm32cube.ide.mcu.externaltools.gnu-tools-for-stm32.13.3.rel1.win32_1.0.0.202411081344/tools/bin/../lib/gcc/arm-none-eabi/13.3.1/thumb/v7e-m+fp/hard/crti.o
LOAD C:/ST/STM32CubeIDE_1.14.0/STM32CubeIDE/plugins/com.st.stm32cube.ide.mcu.externaltools.gnu-tools-for-stm32.13.3.rel1.win32_1.0.0.202411081344/tools/bin/../lib/gcc/arm-none-eabi/13.3.1/thumb/v7e-m+fp/hard/crtbegin.o
LOAD C:/ST/STM32CubeIDE_1.14.0/STM32CubeIDE/plugins/com.st.stm32cube.ide.mcu.externaltools.gnu-tools-for-stm32.13.3.rel1.win32_1.0.0.202411081344/tools/bin/../lib/gcc/arm-none-eabi/13.3.1/../../../../arm-none-eabi/lib/thumb/v7e-m+fp/hard/crt0.o
LOAD ./Core/Src/Encoder.o
LOAD ./Core/Src/LED.o
LOAD ./Core/Src/LineChase.o
LOAD ./Core/Src/VelocityCtrl.o
LOAD ./Core/Src/main.o
LOAD ./Core/Src/motor.o
LOAD ./Core/Src/stm32f4xx_hal_msp.o
LOAD ./Core/Src/stm32f4xx_it.o
LOAD ./Core/Src/switch.o
LOAD ./Core/Src/syscalls.o
LOAD ./Core/Src/sysmem.o
LOAD ./Core/Src/system_stm32f4xx.o
LOAD ./Core/Startup/startup_stm32f405rgtx.o
LOAD ./Drivers/STM32F4xx_HAL_Driver/Src/stm32f4xx_hal.o
LOAD ./Drivers/STM32F4xx_HAL_Driver/Src/stm32f4xx_hal_adc.o
LOAD ./Drivers/STM32F4xx_HAL_Driver/Src/stm32f4xx_hal_adc_ex.o
LOAD ./Drivers/STM32F4xx_HAL_Driver/Src/stm32f4xx_hal_cortex.o
LOAD ./Drivers/STM32F4xx_HAL_Driver/Src/stm32f4xx_hal_dma.o
LOAD ./Drivers/STM32F4xx_HAL_Driver/Src/stm32f4xx_hal_dma_ex.o
LOAD ./Drivers/STM32F4xx_HAL_Driver/Src/stm32f4xx_hal_exti.o
LOAD ./Drivers/STM32F4xx_HAL_Driver/Src/stm32f4xx_hal_flash.o
LOAD ./Drivers/STM32F4xx_HAL_Driver/Src/stm32f4xx_hal_flash_ex.o
LOAD ./Drivers/STM32F4xx_HAL_Driver/Src/stm32f4xx_hal_flash_ramfunc.o
LOAD ./Drivers/STM32F4xx_HAL_Driver/Src/stm32f4xx_hal_gpio.o
LOAD ./Drivers/STM32F4xx_HAL_Driver/Src/stm32f4xx_hal_pwr.o
LOAD ./Drivers/STM32F4xx_HAL_Driver/Src/stm32f4xx_hal_pwr_ex.o
LOAD ./Drivers/STM32F4xx_HAL_Driver/Src/stm32f4xx_hal_rcc.o
LOAD ./Drivers/STM32F4xx_HAL_Driver/Src/stm32f4xx_hal_rcc_ex.o
LOAD ./Drivers/STM32F4xx_HAL_Driver/Src/stm32f4xx_hal_tim.o
LOAD ./Drivers/STM32F4xx_HAL_Driver/Src/stm32f4xx_hal_tim_ex.o
LOAD ./Drivers/STM32F4xx_HAL_Driver/Src/stm32f4xx_hal_uart.o
LOAD ./Drivers/STM32F4xx_HAL_Driver/Src/stm32f4xx_ll_adc.o
START GROUP
LOAD C:/ST/STM32CubeIDE_1.14.0/STM32CubeIDE/plugins/com.st.stm32cube.ide.mcu.externaltools.gnu-tools-for-stm32.13.3.rel1.win32_1.0.0.202411081344/tools/bin/../lib/gcc/arm-none-eabi/13.3.1/../../../../arm-none-eabi/lib/thumb/v7e-m+fp/hard\libc_nano.a
LOAD C:/ST/STM32CubeIDE_1.14.0/STM32CubeIDE/plugins/com.st.stm32cube.ide.mcu.externaltools.gnu-tools-for-stm32.13.3.rel1.win32_1.0.0.202411081344/tools/bin/../lib/gcc/arm-none-eabi/13.3.1/../../../../arm-none-eabi/lib/thumb/v7e-m+fp/hard\libm.a
END GROUP
START GROUP
LOAD C:/ST/STM32CubeIDE_1.14.0/STM32CubeIDE/plugins/com.st.stm32cube.ide.mcu.externaltools.gnu-tools-for-stm32.13.3.rel1.win32_1.0.0.202411081344/tools/bin/../lib/gcc/arm-none-eabi/13.3.1/thumb/v7e-m+fp/hard\libgcc.a
LOAD C:/ST/STM32CubeIDE_1.14.0/STM32CubeIDE/plugins/com.st.stm32cube.ide.mcu.externaltools.gnu-tools-for-stm32.13.3.rel1.win32_1.0.0.202411081344/tools/bin/../lib/gcc/arm-none-eabi/13.3.1/../../../../arm-none-eabi/lib/thumb/v7e-m+fp/hard\libc_nano.a
END GROUP
START GROUP
LOAD C:/ST/STM32CubeIDE_1.14.0/STM32CubeIDE/plugins/com.st.stm32cube.ide.mcu.externaltools.gnu-tools-for-stm32.13.3.rel1.win32_1.0.0.202411081344/tools/bin/../lib/gcc/arm-none-eabi/13.3.1/thumb/v7e-m+fp/hard\libgcc.a
LOAD C:/ST/STM32CubeIDE_1.14.0/STM32CubeIDE/plugins/com.st.stm32cube.ide.mcu.externaltools.gnu-tools-for-stm32.13.3.rel1.win32_1.0.0.202411081344/tools/bin/../lib/gcc/arm-none-eabi/13.3.1/../../../../arm-none-eabi/lib/thumb/v7e-m+fp/hard\libc_nano.a
LOAD C:/ST/STM32CubeIDE_1.14.0/STM32CubeIDE/plugins/com.st.stm32cube.ide.mcu.externaltools.gnu-tools-for-stm32.13.3.rel1.win32_1.0.0.202411081344/tools/bin/../lib/gcc/arm-none-eabi/13.3.1/../../../../arm-none-eabi/lib/thumb/v7e-m+fp/hard\libnosys.a
END GROUP
START GROUP
LOAD C:/ST/STM32CubeIDE_1.14.0/STM32CubeIDE/plugins/com.st.stm32cube.ide.mcu.externaltools.gnu-tools-for-stm32.13.3.rel1.win32_1.0.0.202411081344/tools/bin/../lib/gcc/arm-none-eabi/13.3.1/thumb/v7e-m+fp/hard\libgcc.a
LOAD C:/ST/STM32CubeIDE_1.14.0/STM32CubeIDE/plugins/com.st.stm32cube.ide.mcu.externaltools.gnu-tools-for-stm32.13.3.rel1.win32_1.0.0.202411081344/tools/bin/../lib/gcc/arm-none-eabi/13.3.1/../../../../arm-none-eabi/lib/thumb/v7e-m+fp/hard\libc_nano.a
LOAD C:/ST/STM32CubeIDE_1.14.0/STM32CubeIDE/plugins/com.st.stm32cube.ide.mcu.externaltools.gnu-tools-for-stm32.13.3.rel1.win32_1.0.0.202411081344/tools/bin/../lib/gcc/arm-none-eabi/13.3.1/../../../../arm-none-eabi/lib/thumb/v7e-m+fp/hard\libnosys.a
END GROUP
LOAD C:/ST/STM32CubeIDE_1.14.0/STM32CubeIDE/plugins/com.st.stm32cube.ide.mcu.externaltools.gnu-tools-for-stm32.13.3.rel1.win32_1.0.0.202411081344/tools/bin/../lib/gcc/arm-none-eabi/13.3.1/thumb/v7e-m+fp/hard/crtend.o
LOAD C:/ST/STM32CubeIDE_1.14.0/STM32CubeIDE/plugins/com.st.stm32cube.ide.mcu.externaltools.gnu-tools-for-stm32.13.3.rel1.win32_1.0.0.202411081344/tools/bin/../lib/gcc/arm-none-eabi/13.3.1/thumb/v7e-m+fp/hard/crtn.o
                0x20020000                        _estack = (ORIGIN (RAM) + LENGTH (RAM))
                0x00000200                        _Min_Heap_Size = 0x200
                0x00000400                        _Min_Stack_Size = 0x400

.isr_vector     0x08000000      0x188
                0x08000000                        . = ALIGN (0x4)
 *(.isr_vector)
 .isr_vector    0x08000000      0x188 ./Core/Startup/startup_stm32f405rgtx.o
                0x08000000                g_pfnVectors
                0x08000188                        . = ALIGN (0x4)

.text           0x08000188     0x60ec
                0x08000188                        . = ALIGN (0x4)
 *(.text)
 .text          0x08000188       0x40 C:/ST/STM32CubeIDE_1.14.0/STM32CubeIDE/plugins/com.st.stm32cube.ide.mcu.externaltools.gnu-tools-for-stm32.13.3.rel1.win32_1.0.0.202411081344/tools/bin/../lib/gcc/arm-none-eabi/13.3.1/thumb/v7e-m+fp/hard/crtbegin.o
 .text          0x080001c8      0x378 C:/ST/STM32CubeIDE_1.14.0/STM32CubeIDE/plugins/com.st.stm32cube.ide.mcu.externaltools.gnu-tools-for-stm32.13.3.rel1.win32_1.0.0.202411081344/tools/bin/../lib/gcc/arm-none-eabi/13.3.1/thumb/v7e-m+fp/hard\libgcc.a(_arm_addsubdf3.o)
                0x080001c8                __aeabi_drsub
                0x080001d0                __aeabi_dsub
                0x080001d0                __subdf3
                0x080001d4                __aeabi_dadd
                0x080001d4                __adddf3
                0x0800044c                __floatunsidf
                0x0800044c                __aeabi_ui2d
                0x0800046c                __floatsidf
                0x0800046c                __aeabi_i2d
                0x08000490                __aeabi_f2d
                0x08000490                __extendsfdf2
                0x080004d4                __floatundidf
                0x080004d4                __aeabi_ul2d
                0x080004e4                __floatdidf
                0x080004e4                __aeabi_l2d
 .text          0x08000540      0x424 C:/ST/STM32CubeIDE_1.14.0/STM32CubeIDE/plugins/com.st.stm32cube.ide.mcu.externaltools.gnu-tools-for-stm32.13.3.rel1.win32_1.0.0.202411081344/tools/bin/../lib/gcc/arm-none-eabi/13.3.1/thumb/v7e-m+fp/hard\libgcc.a(_arm_muldivdf3.o)
                0x08000540                __aeabi_dmul
                0x08000540                __muldf3
                0x08000794                __divdf3
                0x08000794                __aeabi_ddiv
 .text          0x08000964       0xa0 C:/ST/STM32CubeIDE_1.14.0/STM32CubeIDE/plugins/com.st.stm32cube.ide.mcu.externaltools.gnu-tools-for-stm32.13.3.rel1.win32_1.0.0.202411081344/tools/bin/../lib/gcc/arm-none-eabi/13.3.1/thumb/v7e-m+fp/hard\libgcc.a(_arm_truncdfsf2.o)
                0x08000964                __truncdfsf2
                0x08000964                __aeabi_d2f
 .text          0x08000a04       0x30 C:/ST/STM32CubeIDE_1.14.0/STM32CubeIDE/plugins/com.st.stm32cube.ide.mcu.externaltools.gnu-tools-for-stm32.13.3.rel1.win32_1.0.0.202411081344/tools/bin/../lib/gcc/arm-none-eabi/13.3.1/thumb/v7e-m+fp/hard\libgcc.a(_aeabi_uldivmod.o)
                0x08000a04                __aeabi_uldivmod
 .text          0x08000a34      0x2f8 C:/ST/STM32CubeIDE_1.14.0/STM32CubeIDE/plugins/com.st.stm32cube.ide.mcu.externaltools.gnu-tools-for-stm32.13.3.rel1.win32_1.0.0.202411081344/tools/bin/../lib/gcc/arm-none-eabi/13.3.1/thumb/v7e-m+fp/hard\libgcc.a(_udivmoddi4.o)
                0x08000a34                __udivmoddi4
 .text          0x08000d2c        0x4 C:/ST/STM32CubeIDE_1.14.0/STM32CubeIDE/plugins/com.st.stm32cube.ide.mcu.externaltools.gnu-tools-for-stm32.13.3.rel1.win32_1.0.0.202411081344/tools/bin/../lib/gcc/arm-none-eabi/13.3.1/thumb/v7e-m+fp/hard\libgcc.a(_dvmd_tls.o)
                0x08000d2c                __aeabi_idiv0
                0x08000d2c                __aeabi_ldiv0
 *(.text*)
 .text.updateEncoderCnt
                0x08000d30      0x198 ./Core/Src/Encoder.o
                0x08000d30                updateEncoderCnt
 .text.getEncoderCnt
                0x08000ec8       0x34 ./Core/Src/Encoder.o
                0x08000ec8                getEncoderCnt
 *fill*         0x08000efc        0x4 
 .text.getspeedcount
                0x08000f00       0x68 ./Core/Src/Encoder.o
                0x08000f00                getspeedcount
 .text.setLED   0x08000f68      0x18c ./Core/Src/LED.o
                0x08000f68                setLED
 *fill*         0x080010f4        0x4 
 .text.calculateLineFollowingTermFlip
                0x080010f8      0x178 ./Core/Src/LineChase.o
                0x080010f8                calculateLineFollowingTermFlip
 .text.lineTraceFlip
                0x08001270      0x168 ./Core/Src/LineChase.o
                0x08001270                lineTraceFlip
 .text.startLineTrace
                0x080013d8       0x24 ./Core/Src/LineChase.o
                0x080013d8                startLineTrace
 *fill*         0x080013fc        0x4 
 .text.calculateVelocityControlFlip
                0x08001400      0x168 ./Core/Src/VelocityCtrl.o
                0x08001400                calculateVelocityControlFlip
 .text.getVelocityControlTerm
                0x08001568       0x1c ./Core/Src/VelocityCtrl.o
                0x08001568                getVelocityControlTerm
 .text.setTargetVelocity
                0x08001584       0x20 ./Core/Src/VelocityCtrl.o
                0x08001584                setTargetVelocity
 .text.setvariablespeed
                0x080015a4       0x64 ./Core/Src/VelocityCtrl.o
                0x080015a4                setvariablespeed
 .text.getCurrentVelocity
                0x08001608       0x7c ./Core/Src/VelocityCtrl.o
                0x08001608                getCurrentVelocity
 .text.startVelocityControl
                0x08001684       0x24 ./Core/Src/VelocityCtrl.o
                0x08001684                startVelocityControl
 .text.sensorCalibration
                0x080016a8      0x1d8 ./Core/Src/main.o
                0x080016a8                sensorCalibration
 .text.updateLineSensor
                0x08001880      0x404 ./Core/Src/main.o
                0x08001880                updateLineSensor
 .text.HAL_TIM_PeriodElapsedCallback
                0x08001c84       0x6c ./Core/Src/main.o
                0x08001c84                HAL_TIM_PeriodElapsedCallback
 .text.init     0x08001cf0       0x64 ./Core/Src/main.o
                0x08001cf0                init
 .text.main     0x08001d54       0x34 ./Core/Src/main.o
                0x08001d54                main
 .text.SystemClock_Config
                0x08001d88       0xd4 ./Core/Src/main.o
                0x08001d88                SystemClock_Config
 .text.MX_ADC1_Init
                0x08001e5c      0x250 ./Core/Src/main.o
 .text.MX_TIM3_Init
                0x080020ac       0xa8 ./Core/Src/main.o
 .text.MX_TIM4_Init
                0x08002154       0xa8 ./Core/Src/main.o
 .text.MX_TIM6_Init
                0x080021fc       0x6c ./Core/Src/main.o
 .text.MX_TIM8_Init
                0x08002268      0x134 ./Core/Src/main.o
 .text.MX_USART1_UART_Init
                0x0800239c       0x54 ./Core/Src/main.o
 .text.MX_DMA_Init
                0x080023f0       0x40 ./Core/Src/main.o
 .text.MX_GPIO_Init
                0x08002430      0x210 ./Core/Src/main.o
 .text.Error_Handler
                0x08002640        0xc ./Core/Src/main.o
                0x08002640                Error_Handler
 .text.initMotor
                0x0800264c       0x24 ./Core/Src/motor.o
                0x0800264c                initMotor
 .text.motorCtrlFlip
                0x08002670       0xc8 ./Core/Src/motor.o
                0x08002670                motorCtrlFlip
 .text.setMotor
                0x08002738       0x7c ./Core/Src/motor.o
                0x08002738                setMotor
 .text.HAL_MspInit
                0x080027b4       0x50 ./Core/Src/stm32f4xx_hal_msp.o
                0x080027b4                HAL_MspInit
 .text.HAL_ADC_MspInit
                0x08002804      0x160 ./Core/Src/stm32f4xx_hal_msp.o
                0x08002804                HAL_ADC_MspInit
 .text.HAL_TIM_Encoder_MspInit
                0x08002964       0xf8 ./Core/Src/stm32f4xx_hal_msp.o
                0x08002964                HAL_TIM_Encoder_MspInit
 .text.HAL_TIM_Base_MspInit
                0x08002a5c       0x50 ./Core/Src/stm32f4xx_hal_msp.o
                0x08002a5c                HAL_TIM_Base_MspInit
 .text.HAL_TIM_PWM_MspInit
                0x08002aac       0x44 ./Core/Src/stm32f4xx_hal_msp.o
                0x08002aac                HAL_TIM_PWM_MspInit
 .text.HAL_TIM_MspPostInit
                0x08002af0       0x74 ./Core/Src/stm32f4xx_hal_msp.o
                0x08002af0                HAL_TIM_MspPostInit
 .text.HAL_UART_MspInit
                0x08002b64       0x90 ./Core/Src/stm32f4xx_hal_msp.o
                0x08002b64                HAL_UART_MspInit
 .text.NMI_Handler
                0x08002bf4        0x8 ./Core/Src/stm32f4xx_it.o
                0x08002bf4                NMI_Handler
 .text.HardFault_Handler
                0x08002bfc        0x8 ./Core/Src/stm32f4xx_it.o
                0x08002bfc                HardFault_Handler
 .text.MemManage_Handler
                0x08002c04        0x8 ./Core/Src/stm32f4xx_it.o
                0x08002c04                MemManage_Handler
 .text.BusFault_Handler
                0x08002c0c        0x8 ./Core/Src/stm32f4xx_it.o
                0x08002c0c                BusFault_Handler
 .text.UsageFault_Handler
                0x08002c14        0x8 ./Core/Src/stm32f4xx_it.o
                0x08002c14                UsageFault_Handler
 .text.SVC_Handler
                0x08002c1c        0xe ./Core/Src/stm32f4xx_it.o
                0x08002c1c                SVC_Handler
 .text.DebugMon_Handler
                0x08002c2a        0xe ./Core/Src/stm32f4xx_it.o
                0x08002c2a                DebugMon_Handler
 .text.PendSV_Handler
                0x08002c38        0xe ./Core/Src/stm32f4xx_it.o
                0x08002c38                PendSV_Handler
 .text.SysTick_Handler
                0x08002c46        0xc ./Core/Src/stm32f4xx_it.o
                0x08002c46                SysTick_Handler
 *fill*         0x08002c52        0x2 
 .text.TIM6_DAC_IRQHandler
                0x08002c54       0x14 ./Core/Src/stm32f4xx_it.o
                0x08002c54                TIM6_DAC_IRQHandler
 .text.DMA2_Stream0_IRQHandler
                0x08002c68       0x14 ./Core/Src/stm32f4xx_it.o
                0x08002c68                DMA2_Stream0_IRQHandler
 .text.getSwitchStatus
                0x08002c7c       0x58 ./Core/Src/switch.o
                0x08002c7c                getSwitchStatus
 .text.SystemInit
                0x08002cd4       0x24 ./Core/Src/system_stm32f4xx.o
                0x08002cd4                SystemInit
 .text.Reset_Handler
                0x08002cf8       0x50 ./Core/Startup/startup_stm32f405rgtx.o
                0x08002cf8                Reset_Handler
 .text.Default_Handler
                0x08002d48        0x2 ./Core/Startup/startup_stm32f405rgtx.o
                0x08002d48                RTC_Alarm_IRQHandler
                0x08002d48                HASH_RNG_IRQHandler
                0x08002d48                EXTI2_IRQHandler
                0x08002d48                TIM8_CC_IRQHandler
                0x08002d48                TIM1_CC_IRQHandler
                0x08002d48                DMA2_Stream5_IRQHandler
                0x08002d48                DMA1_Stream5_IRQHandler
                0x08002d48                PVD_IRQHandler
                0x08002d48                SDIO_IRQHandler
                0x08002d48                TAMP_STAMP_IRQHandler
                0x08002d48                CAN2_RX1_IRQHandler
                0x08002d48                EXTI3_IRQHandler
                0x08002d48                TIM8_TRG_COM_TIM14_IRQHandler
                0x08002d48                TIM1_UP_TIM10_IRQHandler
                0x08002d48                TIM8_UP_TIM13_IRQHandler
                0x08002d48                I2C3_ER_IRQHandler
                0x08002d48                EXTI0_IRQHandler
                0x08002d48                I2C2_EV_IRQHandler
                0x08002d48                DMA1_Stream2_IRQHandler
                0x08002d48                CAN1_RX0_IRQHandler
                0x08002d48                FPU_IRQHandler
                0x08002d48                OTG_HS_WKUP_IRQHandler
                0x08002d48                CAN2_SCE_IRQHandler
                0x08002d48                DMA2_Stream2_IRQHandler
                0x08002d48                SPI1_IRQHandler
                0x08002d48                TIM1_BRK_TIM9_IRQHandler
                0x08002d48                CAN2_RX0_IRQHandler
                0x08002d48                DMA2_Stream3_IRQHandler
                0x08002d48                USART6_IRQHandler
                0x08002d48                USART3_IRQHandler
                0x08002d48                CAN1_RX1_IRQHandler
                0x08002d48                UART5_IRQHandler
                0x08002d48                TIM4_IRQHandler
                0x08002d48                I2C1_EV_IRQHandler
                0x08002d48                DMA1_Stream6_IRQHandler
                0x08002d48                DMA1_Stream1_IRQHandler
                0x08002d48                UART4_IRQHandler
                0x08002d48                TIM3_IRQHandler
                0x08002d48                RCC_IRQHandler
                0x08002d48                TIM8_BRK_TIM12_IRQHandler
                0x08002d48                Default_Handler
                0x08002d48                EXTI15_10_IRQHandler
                0x08002d48                ADC_IRQHandler
                0x08002d48                DMA1_Stream7_IRQHandler
                0x08002d48                TIM7_IRQHandler
                0x08002d48                CAN2_TX_IRQHandler
                0x08002d48                TIM5_IRQHandler
                0x08002d48                DMA2_Stream7_IRQHandler
                0x08002d48                I2C3_EV_IRQHandler
                0x08002d48                EXTI9_5_IRQHandler
                0x08002d48                RTC_WKUP_IRQHandler
                0x08002d48                SPI2_IRQHandler
                0x08002d48                OTG_HS_EP1_IN_IRQHandler
                0x08002d48                DMA1_Stream0_IRQHandler
                0x08002d48                CAN1_TX_IRQHandler
                0x08002d48                EXTI4_IRQHandler
                0x08002d48                FSMC_IRQHandler
                0x08002d48                OTG_HS_EP1_OUT_IRQHandler
                0x08002d48                WWDG_IRQHandler
                0x08002d48                TIM2_IRQHandler
                0x08002d48                OTG_FS_WKUP_IRQHandler
                0x08002d48                TIM1_TRG_COM_TIM11_IRQHandler
                0x08002d48                OTG_HS_IRQHandler
                0x08002d48                EXTI1_IRQHandler
                0x08002d48                USART2_IRQHandler
                0x08002d48                I2C2_ER_IRQHandler
                0x08002d48                DMA2_Stream1_IRQHandler
                0x08002d48                CAN1_SCE_IRQHandler
                0x08002d48                FLASH_IRQHandler
                0x08002d48                DMA2_Stream4_IRQHandler
                0x08002d48                USART1_IRQHandler
                0x08002d48                OTG_FS_IRQHandler
                0x08002d48                SPI3_IRQHandler
                0x08002d48                DMA1_Stream4_IRQHandler
                0x08002d48                I2C1_ER_IRQHandler
                0x08002d48                DMA2_Stream6_IRQHandler
                0x08002d48                DMA1_Stream3_IRQHandler
 *fill*         0x08002d4a        0x2 
 .text.HAL_Init
                0x08002d4c       0x44 ./Drivers/STM32F4xx_HAL_Driver/Src/stm32f4xx_hal.o
                0x08002d4c                HAL_Init
 .text.HAL_InitTick
                0x08002d90       0x60 ./Drivers/STM32F4xx_HAL_Driver/Src/stm32f4xx_hal.o
                0x08002d90                HAL_InitTick
 .text.HAL_IncTick
                0x08002df0       0x28 ./Drivers/STM32F4xx_HAL_Driver/Src/stm32f4xx_hal.o
                0x08002df0                HAL_IncTick
 .text.HAL_GetTick
                0x08002e18       0x18 ./Drivers/STM32F4xx_HAL_Driver/Src/stm32f4xx_hal.o
                0x08002e18                HAL_GetTick
 .text.HAL_Delay
                0x08002e30       0x48 ./Drivers/STM32F4xx_HAL_Driver/Src/stm32f4xx_hal.o
                0x08002e30                HAL_Delay
 .text.HAL_ADC_Init
                0x08002e78       0x86 ./Drivers/STM32F4xx_HAL_Driver/Src/stm32f4xx_hal_adc.o
                0x08002e78                HAL_ADC_Init
 *fill*         0x08002efe        0x2 
 .text.HAL_ADC_Start_DMA
                0x08002f00      0x228 ./Drivers/STM32F4xx_HAL_Driver/Src/stm32f4xx_hal_adc.o
                0x08002f00                HAL_ADC_Start_DMA
 .text.HAL_ADC_ConvCpltCallback
                0x08003128       0x14 ./Drivers/STM32F4xx_HAL_Driver/Src/stm32f4xx_hal_adc.o
                0x08003128                HAL_ADC_ConvCpltCallback
 .text.HAL_ADC_ConvHalfCpltCallback
                0x0800313c       0x14 ./Drivers/STM32F4xx_HAL_Driver/Src/stm32f4xx_hal_adc.o
                0x0800313c                HAL_ADC_ConvHalfCpltCallback
 .text.HAL_ADC_ErrorCallback
                0x08003150       0x14 ./Drivers/STM32F4xx_HAL_Driver/Src/stm32f4xx_hal_adc.o
                0x08003150                HAL_ADC_ErrorCallback
 .text.HAL_ADC_ConfigChannel
                0x08003164      0x244 ./Drivers/STM32F4xx_HAL_Driver/Src/stm32f4xx_hal_adc.o
                0x08003164                HAL_ADC_ConfigChannel
 .text.ADC_Init
                0x080033a8      0x1f8 ./Drivers/STM32F4xx_HAL_Driver/Src/stm32f4xx_hal_adc.o
 .text.ADC_DMAConvCplt
                0x080035a0       0xba ./Drivers/STM32F4xx_HAL_Driver/Src/stm32f4xx_hal_adc.o
 .text.ADC_DMAHalfConvCplt
                0x0800365a       0x1c ./Drivers/STM32F4xx_HAL_Driver/Src/stm32f4xx_hal_adc.o
 .text.ADC_DMAError
                0x08003676       0x2e ./Drivers/STM32F4xx_HAL_Driver/Src/stm32f4xx_hal_adc.o
 .text.__NVIC_SetPriorityGrouping
                0x080036a4       0x48 ./Drivers/STM32F4xx_HAL_Driver/Src/stm32f4xx_hal_cortex.o
 .text.__NVIC_GetPriorityGrouping
                0x080036ec       0x1c ./Drivers/STM32F4xx_HAL_Driver/Src/stm32f4xx_hal_cortex.o
 .text.__NVIC_EnableIRQ
                0x08003708       0x3c ./Drivers/STM32F4xx_HAL_Driver/Src/stm32f4xx_hal_cortex.o
 .text.__NVIC_SetPriority
                0x08003744       0x54 ./Drivers/STM32F4xx_HAL_Driver/Src/stm32f4xx_hal_cortex.o
 .text.NVIC_EncodePriority
                0x08003798       0x66 ./Drivers/STM32F4xx_HAL_Driver/Src/stm32f4xx_hal_cortex.o
 *fill*         0x080037fe        0x2 
 .text.SysTick_Config
                0x08003800       0x44 ./Drivers/STM32F4xx_HAL_Driver/Src/stm32f4xx_hal_cortex.o
 .text.HAL_NVIC_SetPriorityGrouping
                0x08003844       0x16 ./Drivers/STM32F4xx_HAL_Driver/Src/stm32f4xx_hal_cortex.o
                0x08003844                HAL_NVIC_SetPriorityGrouping
 .text.HAL_NVIC_SetPriority
                0x0800385a       0x38 ./Drivers/STM32F4xx_HAL_Driver/Src/stm32f4xx_hal_cortex.o
                0x0800385a                HAL_NVIC_SetPriority
 .text.HAL_NVIC_EnableIRQ
                0x08003892       0x1c ./Drivers/STM32F4xx_HAL_Driver/Src/stm32f4xx_hal_cortex.o
                0x08003892                HAL_NVIC_EnableIRQ
 .text.HAL_SYSTICK_Config
                0x080038ae       0x18 ./Drivers/STM32F4xx_HAL_Driver/Src/stm32f4xx_hal_cortex.o
                0x080038ae                HAL_SYSTICK_Config
 *fill*         0x080038c6        0x2 
 .text.HAL_DMA_Init
                0x080038c8      0x15c ./Drivers/STM32F4xx_HAL_Driver/Src/stm32f4xx_hal_dma.o
                0x080038c8                HAL_DMA_Init
 .text.HAL_DMA_Start_IT
                0x08003a24       0xb0 ./Drivers/STM32F4xx_HAL_Driver/Src/stm32f4xx_hal_dma.o
                0x08003a24                HAL_DMA_Start_IT
 .text.HAL_DMA_IRQHandler
                0x08003ad4      0x314 ./Drivers/STM32F4xx_HAL_Driver/Src/stm32f4xx_hal_dma.o
                0x08003ad4                HAL_DMA_IRQHandler
 .text.DMA_SetConfig
                0x08003de8       0x5c ./Drivers/STM32F4xx_HAL_Driver/Src/stm32f4xx_hal_dma.o
 .text.DMA_CalcBaseAndBitshift
                0x08003e44       0x6c ./Drivers/STM32F4xx_HAL_Driver/Src/stm32f4xx_hal_dma.o
 .text.DMA_CheckFifoParam
                0x08003eb0       0xf8 ./Drivers/STM32F4xx_HAL_Driver/Src/stm32f4xx_hal_dma.o
 .text.HAL_GPIO_Init
                0x08003fa8      0x338 ./Drivers/STM32F4xx_HAL_Driver/Src/stm32f4xx_hal_gpio.o
                0x08003fa8                HAL_GPIO_Init
 .text.HAL_GPIO_ReadPin
                0x080042e0       0x30 ./Drivers/STM32F4xx_HAL_Driver/Src/stm32f4xx_hal_gpio.o
                0x080042e0                HAL_GPIO_ReadPin
 .text.HAL_GPIO_WritePin
                0x08004310       0x32 ./Drivers/STM32F4xx_HAL_Driver/Src/stm32f4xx_hal_gpio.o
                0x08004310                HAL_GPIO_WritePin
 *fill*         0x08004342        0x2 
 .text.HAL_RCC_OscConfig
                0x08004344      0x4f0 ./Drivers/STM32F4xx_HAL_Driver/Src/stm32f4xx_hal_rcc.o
                0x08004344                HAL_RCC_OscConfig
 .text.HAL_RCC_ClockConfig
                0x08004834      0x1cc ./Drivers/STM32F4xx_HAL_Driver/Src/stm32f4xx_hal_rcc.o
                0x08004834                HAL_RCC_ClockConfig
 .text.HAL_RCC_GetSysClockFreq
                0x08004a00      0x18c ./Drivers/STM32F4xx_HAL_Driver/Src/stm32f4xx_hal_rcc.o
                0x08004a00                HAL_RCC_GetSysClockFreq
 .text.HAL_RCC_GetHCLKFreq
                0x08004b8c       0x18 ./Drivers/STM32F4xx_HAL_Driver/Src/stm32f4xx_hal_rcc.o
                0x08004b8c                HAL_RCC_GetHCLKFreq
 .text.HAL_RCC_GetPCLK1Freq
                0x08004ba4       0x28 ./Drivers/STM32F4xx_HAL_Driver/Src/stm32f4xx_hal_rcc.o
                0x08004ba4                HAL_RCC_GetPCLK1Freq
 .text.HAL_RCC_GetPCLK2Freq
                0x08004bcc       0x28 ./Drivers/STM32F4xx_HAL_Driver/Src/stm32f4xx_hal_rcc.o
                0x08004bcc                HAL_RCC_GetPCLK2Freq
 .text.HAL_TIM_Base_Init
                0x08004bf4       0x9e ./Drivers/STM32F4xx_HAL_Driver/Src/stm32f4xx_hal_tim.o
                0x08004bf4                HAL_TIM_Base_Init
 *fill*         0x08004c92        0x2 
 .text.HAL_TIM_Base_Start_IT
                0x08004c94       0xe0 ./Drivers/STM32F4xx_HAL_Driver/Src/stm32f4xx_hal_tim.o
                0x08004c94                HAL_TIM_Base_Start_IT
 .text.HAL_TIM_PWM_Init
                0x08004d74       0x9e ./Drivers/STM32F4xx_HAL_Driver/Src/stm32f4xx_hal_tim.o
                0x08004d74                HAL_TIM_PWM_Init
 *fill*         0x08004e12        0x2 
 .text.HAL_TIM_PWM_Start
                0x08004e14      0x190 ./Drivers/STM32F4xx_HAL_Driver/Src/stm32f4xx_hal_tim.o
                0x08004e14                HAL_TIM_PWM_Start
 .text.HAL_TIM_Encoder_Init
                0x08004fa4      0x14c ./Drivers/STM32F4xx_HAL_Driver/Src/stm32f4xx_hal_tim.o
                0x08004fa4                HAL_TIM_Encoder_Init
 .text.HAL_TIM_Encoder_Start
                0x080050f0      0x11c ./Drivers/STM32F4xx_HAL_Driver/Src/stm32f4xx_hal_tim.o
                0x080050f0                HAL_TIM_Encoder_Start
 .text.HAL_TIM_IRQHandler
                0x0800520c      0x1e0 ./Drivers/STM32F4xx_HAL_Driver/Src/stm32f4xx_hal_tim.o
                0x0800520c                HAL_TIM_IRQHandler
 .text.HAL_TIM_PWM_ConfigChannel
                0x080053ec      0x184 ./Drivers/STM32F4xx_HAL_Driver/Src/stm32f4xx_hal_tim.o
                0x080053ec                HAL_TIM_PWM_ConfigChannel
 .text.HAL_TIM_OC_DelayElapsedCallback
                0x08005570       0x14 ./Drivers/STM32F4xx_HAL_Driver/Src/stm32f4xx_hal_tim.o
                0x08005570                HAL_TIM_OC_DelayElapsedCallback
 .text.HAL_TIM_IC_CaptureCallback
                0x08005584       0x14 ./Drivers/STM32F4xx_HAL_Driver/Src/stm32f4xx_hal_tim.o
                0x08005584                HAL_TIM_IC_CaptureCallback
 .text.HAL_TIM_PWM_PulseFinishedCallback
                0x08005598       0x14 ./Drivers/STM32F4xx_HAL_Driver/Src/stm32f4xx_hal_tim.o
                0x08005598                HAL_TIM_PWM_PulseFinishedCallback
 .text.HAL_TIM_TriggerCallback
                0x080055ac       0x14 ./Drivers/STM32F4xx_HAL_Driver/Src/stm32f4xx_hal_tim.o
                0x080055ac                HAL_TIM_TriggerCallback
 .text.TIM_Base_SetConfig
                0x080055c0      0x14c ./Drivers/STM32F4xx_HAL_Driver/Src/stm32f4xx_hal_tim.o
                0x080055c0                TIM_Base_SetConfig
 .text.TIM_OC1_SetConfig
                0x0800570c       0xe0 ./Drivers/STM32F4xx_HAL_Driver/Src/stm32f4xx_hal_tim.o
 .text.TIM_OC2_SetConfig
                0x080057ec       0xec ./Drivers/STM32F4xx_HAL_Driver/Src/stm32f4xx_hal_tim.o
                0x080057ec                TIM_OC2_SetConfig
 .text.TIM_OC3_SetConfig
                0x080058d8       0xe8 ./Drivers/STM32F4xx_HAL_Driver/Src/stm32f4xx_hal_tim.o
 .text.TIM_OC4_SetConfig
                0x080059c0       0xac ./Drivers/STM32F4xx_HAL_Driver/Src/stm32f4xx_hal_tim.o
 .text.TIM_CCxChannelCmd
                0x08005a6c       0x4a ./Drivers/STM32F4xx_HAL_Driver/Src/stm32f4xx_hal_tim.o
                0x08005a6c                TIM_CCxChannelCmd
 *fill*         0x08005ab6        0x2 
 .text.HAL_TIMEx_MasterConfigSynchronization
                0x08005ab8       0xf8 ./Drivers/STM32F4xx_HAL_Driver/Src/stm32f4xx_hal_tim_ex.o
                0x08005ab8                HAL_TIMEx_MasterConfigSynchronization
 .text.HAL_TIMEx_ConfigBreakDeadTime
                0x08005bb0       0xa4 ./Drivers/STM32F4xx_HAL_Driver/Src/stm32f4xx_hal_tim_ex.o
                0x08005bb0                HAL_TIMEx_ConfigBreakDeadTime
 .text.HAL_TIMEx_CommutCallback
                0x08005c54       0x14 ./Drivers/STM32F4xx_HAL_Driver/Src/stm32f4xx_hal_tim_ex.o
                0x08005c54                HAL_TIMEx_CommutCallback
 .text.HAL_TIMEx_BreakCallback
                0x08005c68       0x14 ./Drivers/STM32F4xx_HAL_Driver/Src/stm32f4xx_hal_tim_ex.o
                0x08005c68                HAL_TIMEx_BreakCallback
 .text.HAL_UART_Init
                0x08005c7c       0xa0 ./Drivers/STM32F4xx_HAL_Driver/Src/stm32f4xx_hal_uart.o
                0x08005c7c                HAL_UART_Init
 .text.UART_SetConfig
                0x08005d1c      0x4e8 ./Drivers/STM32F4xx_HAL_Driver/Src/stm32f4xx_hal_uart.o
 .text.memset   0x08006204       0x10 C:/ST/STM32CubeIDE_1.14.0/STM32CubeIDE/plugins/com.st.stm32cube.ide.mcu.externaltools.gnu-tools-for-stm32.13.3.rel1.win32_1.0.0.202411081344/tools/bin/../lib/gcc/arm-none-eabi/13.3.1/../../../../arm-none-eabi/lib/thumb/v7e-m+fp/hard\libc_nano.a(libc_a-memset.o)
                0x08006204                memset
 .text.__libc_init_array
                0x08006214       0x48 C:/ST/STM32CubeIDE_1.14.0/STM32CubeIDE/plugins/com.st.stm32cube.ide.mcu.externaltools.gnu-tools-for-stm32.13.3.rel1.win32_1.0.0.202411081344/tools/bin/../lib/gcc/arm-none-eabi/13.3.1/../../../../arm-none-eabi/lib/thumb/v7e-m+fp/hard\libc_nano.a(libc_a-init.o)
                0x08006214                __libc_init_array
 *(.glue_7)
 .glue_7        0x0800625c        0x0 linker stubs
 *(.glue_7t)
 .glue_7t       0x0800625c        0x0 linker stubs
 *(.eh_frame)
 .eh_frame      0x0800625c        0x0 C:/ST/STM32CubeIDE_1.14.0/STM32CubeIDE/plugins/com.st.stm32cube.ide.mcu.externaltools.gnu-tools-for-stm32.13.3.rel1.win32_1.0.0.202411081344/tools/bin/../lib/gcc/arm-none-eabi/13.3.1/thumb/v7e-m+fp/hard/crtbegin.o
 *(.init)
 .init          0x0800625c        0x4 C:/ST/STM32CubeIDE_1.14.0/STM32CubeIDE/plugins/com.st.stm32cube.ide.mcu.externaltools.gnu-tools-for-stm32.13.3.rel1.win32_1.0.0.202411081344/tools/bin/../lib/gcc/arm-none-eabi/13.3.1/thumb/v7e-m+fp/hard/crti.o
                0x0800625c                _init
 .init          0x08006260        0x8 C:/ST/STM32CubeIDE_1.14.0/STM32CubeIDE/plugins/com.st.stm32cube.ide.mcu.externaltools.gnu-tools-for-stm32.13.3.rel1.win32_1.0.0.202411081344/tools/bin/../lib/gcc/arm-none-eabi/13.3.1/thumb/v7e-m+fp/hard/crtn.o
 *(.fini)
 .fini          0x08006268        0x4 C:/ST/STM32CubeIDE_1.14.0/STM32CubeIDE/plugins/com.st.stm32cube.ide.mcu.externaltools.gnu-tools-for-stm32.13.3.rel1.win32_1.0.0.202411081344/tools/bin/../lib/gcc/arm-none-eabi/13.3.1/thumb/v7e-m+fp/hard/crti.o
                0x08006268                _fini
 .fini          0x0800626c        0x8 C:/ST/STM32CubeIDE_1.14.0/STM32CubeIDE/plugins/com.st.stm32cube.ide.mcu.externaltools.gnu-tools-for-stm32.13.3.rel1.win32_1.0.0.202411081344/tools/bin/../lib/gcc/arm-none-eabi/13.3.1/thumb/v7e-m+fp/hard/crtn.o
                0x08006274                        . = ALIGN (0x4)
                0x08006274                        _etext = .

.vfp11_veneer   0x08006274        0x0
 .vfp11_veneer  0x08006274        0x0 linker stubs

.v4_bx          0x08006274        0x0
 .v4_bx         0x08006274        0x0 linker stubs

.iplt           0x08006274        0x0
 .iplt          0x08006274        0x0 C:/ST/STM32CubeIDE_1.14.0/STM32CubeIDE/plugins/com.st.stm32cube.ide.mcu.externaltools.gnu-tools-for-stm32.13.3.rel1.win32_1.0.0.202411081344/tools/bin/../lib/gcc/arm-none-eabi/13.3.1/thumb/v7e-m+fp/hard/crtbegin.o

.rodata         0x08006274       0x20
                0x08006274                        . = ALIGN (0x4)
 *(.rodata)
 *(.rodata*)
 .rodata.AHBPrescTable
                0x08006274       0x10 ./Core/Src/system_stm32f4xx.o
                0x08006274                AHBPrescTable
 .rodata.APBPrescTable
                0x08006284        0x8 ./Core/Src/system_stm32f4xx.o
                0x08006284                APBPrescTable
 .rodata.flagBitshiftOffset.0
                0x0800628c        0x8 ./Drivers/STM32F4xx_HAL_Driver/Src/stm32f4xx_hal_dma.o
                0x08006294                        . = ALIGN (0x4)

.ARM.extab      0x08006294        0x0
                0x08006294                        . = ALIGN (0x4)
 *(.ARM.extab* .gnu.linkonce.armextab.*)
                0x08006294                        . = ALIGN (0x4)

.ARM            0x08006294        0x8
                0x08006294                        . = ALIGN (0x4)
                0x08006294                        __exidx_start = .
 *(.ARM.exidx*)
 .ARM.exidx     0x08006294        0x8 C:/ST/STM32CubeIDE_1.14.0/STM32CubeIDE/plugins/com.st.stm32cube.ide.mcu.externaltools.gnu-tools-for-stm32.13.3.rel1.win32_1.0.0.202411081344/tools/bin/../lib/gcc/arm-none-eabi/13.3.1/thumb/v7e-m+fp/hard\libgcc.a(_udivmoddi4.o)
                0x0800629c                        __exidx_end = .
                0x0800629c                        . = ALIGN (0x4)

.preinit_array  0x0800629c        0x0
                0x0800629c                        . = ALIGN (0x4)
                0x0800629c                        PROVIDE (__preinit_array_start = .)
 *(.preinit_array*)
                0x0800629c                        PROVIDE (__preinit_array_end = .)
                0x0800629c                        . = ALIGN (0x4)

.init_array     0x0800629c        0x4
                0x0800629c                        . = ALIGN (0x4)
                0x0800629c                        PROVIDE (__init_array_start = .)
 *(SORT_BY_NAME(.init_array.*))
 *(.init_array*)
 .init_array    0x0800629c        0x4 C:/ST/STM32CubeIDE_1.14.0/STM32CubeIDE/plugins/com.st.stm32cube.ide.mcu.externaltools.gnu-tools-for-stm32.13.3.rel1.win32_1.0.0.202411081344/tools/bin/../lib/gcc/arm-none-eabi/13.3.1/thumb/v7e-m+fp/hard/crtbegin.o
                0x080062a0                        PROVIDE (__init_array_end = .)
                0x080062a0                        . = ALIGN (0x4)

.fini_array     0x080062a0        0x4
                0x080062a0                        . = ALIGN (0x4)
                [!provide]                        PROVIDE (__fini_array_start = .)
 *(SORT_BY_NAME(.fini_array.*))
 *(.fini_array*)
 .fini_array    0x080062a0        0x4 C:/ST/STM32CubeIDE_1.14.0/STM32CubeIDE/plugins/com.st.stm32cube.ide.mcu.externaltools.gnu-tools-for-stm32.13.3.rel1.win32_1.0.0.202411081344/tools/bin/../lib/gcc/arm-none-eabi/13.3.1/thumb/v7e-m+fp/hard/crtbegin.o
                [!provide]                        PROVIDE (__fini_array_end = .)
                0x080062a4                        . = ALIGN (0x4)
                0x080062a4                        _sidata = LOADADDR (.data)

.rel.dyn        0x080062a4        0x0
 .rel.iplt      0x080062a4        0x0 C:/ST/STM32CubeIDE_1.14.0/STM32CubeIDE/plugins/com.st.stm32cube.ide.mcu.externaltools.gnu-tools-for-stm32.13.3.rel1.win32_1.0.0.202411081344/tools/bin/../lib/gcc/arm-none-eabi/13.3.1/thumb/v7e-m+fp/hard/crtbegin.o

.data           0x20000000        0xc load address 0x080062a4
                0x20000000                        . = ALIGN (0x4)
                0x20000000                        _sdata = .
 *(.data)
 *(.data*)
 .data.SystemCoreClock
                0x20000000        0x4 ./Core/Src/system_stm32f4xx.o
                0x20000000                SystemCoreClock
 .data.uwTickPrio
                0x20000004        0x4 ./Drivers/STM32F4xx_HAL_Driver/Src/stm32f4xx_hal.o
                0x20000004                uwTickPrio
 .data.uwTickFreq
                0x20000008        0x1 ./Drivers/STM32F4xx_HAL_Driver/Src/stm32f4xx_hal.o
                0x20000008                uwTickFreq
 *(.RamFunc)
 *(.RamFunc*)
                0x2000000c                        . = ALIGN (0x4)
 *fill*         0x20000009        0x3 
                0x2000000c                        _edata = .
                0x080062b0                        _siccmram = LOADADDR (.ccmram)

.igot.plt       0x2000000c        0x0 load address 0x080062b0
 .igot.plt      0x2000000c        0x0 C:/ST/STM32CubeIDE_1.14.0/STM32CubeIDE/plugins/com.st.stm32cube.ide.mcu.externaltools.gnu-tools-for-stm32.13.3.rel1.win32_1.0.0.202411081344/tools/bin/../lib/gcc/arm-none-eabi/13.3.1/thumb/v7e-m+fp/hard/crtbegin.o

.ccmram         0x10000000        0x0 load address 0x080062b0
                0x10000000                        . = ALIGN (0x4)
                0x10000000                        _sccmram = .
 *(.ccmram)
 *(.ccmram*)
                0x10000000                        . = ALIGN (0x4)
                0x10000000                        _eccmram = .
                0x10000000                        . = ALIGN (0x4)

.bss            0x2000000c      0x3f0
                0x2000000c                        _sbss = .
                0x2000000c                        __bss_start__ = _sbss
 *(.bss)
 .bss           0x2000000c       0x1c C:/ST/STM32CubeIDE_1.14.0/STM32CubeIDE/plugins/com.st.stm32cube.ide.mcu.externaltools.gnu-tools-for-stm32.13.3.rel1.win32_1.0.0.202411081344/tools/bin/../lib/gcc/arm-none-eabi/13.3.1/thumb/v7e-m+fp/hard/crtbegin.o
 *(.bss*)
 .bss.enc_l_cnt
                0x20000028        0x2 ./Core/Src/Encoder.o
 .bss.enc_r_cnt
                0x2000002a        0x2 ./Core/Src/Encoder.o
 .bss.enc_l_total
                0x2000002c        0x2 ./Core/Src/Encoder.o
 .bss.enc_r_total
                0x2000002e        0x2 ./Core/Src/Encoder.o
 .bss.distance_1ms
                0x20000030        0x4 ./Core/Src/Encoder.o
 .bss.distance_10mm
                0x20000034        0x4 ./Core/Src/Encoder.o
 .bss.sab_distance_10mm
                0x20000038        0x4 ./Core/Src/Encoder.o
 .bss.total_distance
                0x2000003c        0x4 ./Core/Src/Encoder.o
 .bss.goal_judge_distance
                0x20000040        0x4 ./Core/Src/Encoder.o
 .bss.side_line_judge_distance
                0x20000044        0x4 ./Core/Src/Encoder.o
 .bss.distance_cross_line_ignore
                0x20000048        0x4 ./Core/Src/Encoder.o
 .bss.distance_side_line_ignore
                0x2000004c        0x4 ./Core/Src/Encoder.o
 .bss.speed_cnt
                0x20000050        0x4 ./Core/Src/Encoder.o
 .bss.line_trace_enable_flag
                0x20000054        0x1 ./Core/Src/LineChase.o
 .bss.i_clear_flag
                0x20000055        0x1 ./Core/Src/LineChase.o
 *fill*         0x20000056        0x2 
 .bss.line_following_term
                0x20000058        0x4 ./Core/Src/LineChase.o
 .bss.pre_diff  0x2000005c        0x4 ./Core/Src/LineChase.o
 .bss.mon_velo_term
                0x20000060        0x4 ./Core/Src/LineChase.o
                0x20000060                mon_velo_term
 .bss.i.1       0x20000064        0x4 ./Core/Src/LineChase.o
 .bss.velocity_control_enable_flag
                0x20000068        0x1 ./Core/Src/VelocityCtrl.o
 .bss.i_clear_flag
                0x20000069        0x1 ./Core/Src/VelocityCtrl.o
 .bss.mode      0x2000006a        0x2 ./Core/Src/VelocityCtrl.o
                0x2000006a                mode
 .bss.velocity_control_term
                0x2000006c        0x4 ./Core/Src/VelocityCtrl.o
 .bss.target_velocity
                0x20000070        0x4 ./Core/Src/VelocityCtrl.o
 .bss.target_acceleration
                0x20000074        0x4 ./Core/Src/VelocityCtrl.o
 .bss.variable_speed
                0x20000078        0x4 ./Core/Src/VelocityCtrl.o
 .bss.pid_plus  0x2000007c        0x4 ./Core/Src/VelocityCtrl.o
 .bss.mon_p     0x20000080        0x4 ./Core/Src/VelocityCtrl.o
                0x20000080                mon_p
 .bss.mon_i     0x20000084        0x4 ./Core/Src/VelocityCtrl.o
                0x20000084                mon_i
 .bss.mon_current_velocity
                0x20000088        0x4 ./Core/Src/VelocityCtrl.o
                0x20000088                mon_current_velocity
 .bss.i.1       0x2000008c        0x4 ./Core/Src/VelocityCtrl.o
 .bss.pre_diff.0
                0x20000090        0x4 ./Core/Src/VelocityCtrl.o
 .bss.hadc1     0x20000094       0x48 ./Core/Src/main.o
                0x20000094                hadc1
 .bss.hdma_adc1
                0x200000dc       0x60 ./Core/Src/main.o
                0x200000dc                hdma_adc1
 .bss.htim3     0x2000013c       0x48 ./Core/Src/main.o
                0x2000013c                htim3
 .bss.htim4     0x20000184       0x48 ./Core/Src/main.o
                0x20000184                htim4
 .bss.htim6     0x200001cc       0x48 ./Core/Src/main.o
                0x200001cc                htim6
 .bss.htim8     0x20000214       0x48 ./Core/Src/main.o
                0x20000214                htim8
 .bss.huart1    0x2000025c       0x48 ./Core/Src/main.o
                0x2000025c                huart1
 .bss.running   0x200002a4        0x1 ./Core/Src/main.o
                0x200002a4                running
 *fill*         0x200002a5        0x3 
 .bss.systemTime
                0x200002a8        0x4 ./Core/Src/main.o
                0x200002a8                systemTime
 .bss.runningTime
                0x200002ac        0x4 ./Core/Src/main.o
                0x200002ac                runningTime
 .bss.analog    0x200002b0       0x20 ./Core/Src/main.o
                0x200002b0                analog
 .bss.max_values
                0x200002d0       0x40 ./Core/Src/main.o
                0x200002d0                max_values
 .bss.min_values
                0x20000310       0x40 ./Core/Src/main.o
                0x20000310                min_values
 .bss.sensor_coefficient
                0x20000350       0x40 ./Core/Src/main.o
                0x20000350                sensor_coefficient
 .bss.black_values
                0x20000390       0x40 ./Core/Src/main.o
                0x20000390                black_values
 .bss.Linesensor
                0x200003d0       0x20 ./Core/Src/main.o
                0x200003d0                Linesensor
 .bss.motor_l   0x200003f0        0x2 ./Core/Src/motor.o
 .bss.motor_r   0x200003f2        0x2 ./Core/Src/motor.o
 .bss.mon_rev_l
                0x200003f4        0x2 ./Core/Src/motor.o
                0x200003f4                mon_rev_l
 .bss.mon_rev_r
                0x200003f6        0x2 ./Core/Src/motor.o
                0x200003f6                mon_rev_r
 .bss.uwTick    0x200003f8        0x4 ./Drivers/STM32F4xx_HAL_Driver/Src/stm32f4xx_hal.o
                0x200003f8                uwTick
 *(COMMON)
                0x200003fc                        . = ALIGN (0x4)
                0x200003fc                        _ebss = .
                0x200003fc                        __bss_end__ = _ebss

._user_heap_stack
                0x200003fc      0x604
                0x20000400                        . = ALIGN (0x8)
 *fill*         0x200003fc        0x4 
                [!provide]                        PROVIDE (end = .)
                0x20000400                        PROVIDE (_end = .)
                0x20000600                        . = (. + _Min_Heap_Size)
 *fill*         0x20000400      0x200 
                0x20000a00                        . = (. + _Min_Stack_Size)
 *fill*         0x20000600      0x400 
                0x20000a00                        . = ALIGN (0x8)

/DISCARD/
 libc.a(*)
 libm.a(*)
 libgcc.a(*)

.ARM.attributes
                0x00000000       0x30
 *(.ARM.attributes)
 .ARM.attributes
                0x00000000       0x22 C:/ST/STM32CubeIDE_1.14.0/STM32CubeIDE/plugins/com.st.stm32cube.ide.mcu.externaltools.gnu-tools-for-stm32.13.3.rel1.win32_1.0.0.202411081344/tools/bin/../lib/gcc/arm-none-eabi/13.3.1/thumb/v7e-m+fp/hard/crti.o
 .ARM.attributes
                0x00000022       0x34 C:/ST/STM32CubeIDE_1.14.0/STM32CubeIDE/plugins/com.st.stm32cube.ide.mcu.externaltools.gnu-tools-for-stm32.13.3.rel1.win32_1.0.0.202411081344/tools/bin/../lib/gcc/arm-none-eabi/13.3.1/thumb/v7e-m+fp/hard/crtbegin.o
 .ARM.attributes
                0x00000056       0x34 ./Core/Src/Encoder.o
 .ARM.attributes
                0x0000008a       0x34 ./Core/Src/LED.o
 .ARM.attributes
                0x000000be       0x34 ./Core/Src/LineChase.o
 .ARM.attributes
                0x000000f2       0x34 ./Core/Src/VelocityCtrl.o
 .ARM.attributes
                0x00000126       0x34 ./Core/Src/main.o
 .ARM.attributes
                0x0000015a       0x34 ./Core/Src/motor.o
 .ARM.attributes
                0x0000018e       0x34 ./Core/Src/stm32f4xx_hal_msp.o
 .ARM.attributes
                0x000001c2       0x34 ./Core/Src/stm32f4xx_it.o
 .ARM.attributes
                0x000001f6       0x34 ./Core/Src/switch.o
 .ARM.attributes
                0x0000022a       0x34 ./Core/Src/system_stm32f4xx.o
 .ARM.attributes
                0x0000025e       0x21 ./Core/Startup/startup_stm32f405rgtx.o
 .ARM.attributes
                0x0000027f       0x34 ./Drivers/STM32F4xx_HAL_Driver/Src/stm32f4xx_hal.o
 .ARM.attributes
                0x000002b3       0x34 ./Drivers/STM32F4xx_HAL_Driver/Src/stm32f4xx_hal_adc.o
 .ARM.attributes
                0x000002e7       0x34 ./Drivers/STM32F4xx_HAL_Driver/Src/stm32f4xx_hal_cortex.o
 .ARM.attributes
                0x0000031b       0x34 ./Drivers/STM32F4xx_HAL_Driver/Src/stm32f4xx_hal_dma.o
 .ARM.attributes
                0x0000034f       0x34 ./Drivers/STM32F4xx_HAL_Driver/Src/stm32f4xx_hal_gpio.o
 .ARM.attributes
                0x00000383       0x34 ./Drivers/STM32F4xx_HAL_Driver/Src/stm32f4xx_hal_rcc.o
 .ARM.attributes
                0x000003b7       0x34 ./Drivers/STM32F4xx_HAL_Driver/Src/stm32f4xx_hal_tim.o
 .ARM.attributes
                0x000003eb       0x34 ./Drivers/STM32F4xx_HAL_Driver/Src/stm32f4xx_hal_tim_ex.o
 .ARM.attributes
                0x0000041f       0x34 ./Drivers/STM32F4xx_HAL_Driver/Src/stm32f4xx_hal_uart.o
 .ARM.attributes
                0x00000453       0x34 C:/ST/STM32CubeIDE_1.14.0/STM32CubeIDE/plugins/com.st.stm32cube.ide.mcu.externaltools.gnu-tools-for-stm32.13.3.rel1.win32_1.0.0.202411081344/tools/bin/../lib/gcc/arm-none-eabi/13.3.1/../../../../arm-none-eabi/lib/thumb/v7e-m+fp/hard\libc_nano.a(libc_a-memset.o)
 .ARM.attributes
                0x00000487       0x34 C:/ST/STM32CubeIDE_1.14.0/STM32CubeIDE/plugins/com.st.stm32cube.ide.mcu.externaltools.gnu-tools-for-stm32.13.3.rel1.win32_1.0.0.202411081344/tools/bin/../lib/gcc/arm-none-eabi/13.3.1/../../../../arm-none-eabi/lib/thumb/v7e-m+fp/hard\libc_nano.a(libc_a-init.o)
 .ARM.attributes
                0x000004bb       0x22 C:/ST/STM32CubeIDE_1.14.0/STM32CubeIDE/plugins/com.st.stm32cube.ide.mcu.externaltools.gnu-tools-for-stm32.13.3.rel1.win32_1.0.0.202411081344/tools/bin/../lib/gcc/arm-none-eabi/13.3.1/thumb/v7e-m+fp/hard\libgcc.a(_arm_addsubdf3.o)
 .ARM.attributes
                0x000004dd       0x22 C:/ST/STM32CubeIDE_1.14.0/STM32CubeIDE/plugins/com.st.stm32cube.ide.mcu.externaltools.gnu-tools-for-stm32.13.3.rel1.win32_1.0.0.202411081344/tools/bin/../lib/gcc/arm-none-eabi/13.3.1/thumb/v7e-m+fp/hard\libgcc.a(_arm_muldivdf3.o)
 .ARM.attributes
                0x000004ff       0x22 C:/ST/STM32CubeIDE_1.14.0/STM32CubeIDE/plugins/com.st.stm32cube.ide.mcu.externaltools.gnu-tools-for-stm32.13.3.rel1.win32_1.0.0.202411081344/tools/bin/../lib/gcc/arm-none-eabi/13.3.1/thumb/v7e-m+fp/hard\libgcc.a(_arm_truncdfsf2.o)
 .ARM.attributes
                0x00000521       0x22 C:/ST/STM32CubeIDE_1.14.0/STM32CubeIDE/plugins/com.st.stm32cube.ide.mcu.externaltools.gnu-tools-for-stm32.13.3.rel1.win32_1.0.0.202411081344/tools/bin/../lib/gcc/arm-none-eabi/13.3.1/thumb/v7e-m+fp/hard\libgcc.a(_aeabi_uldivmod.o)
 .ARM.attributes
                0x00000543       0x34 C:/ST/STM32CubeIDE_1.14.0/STM32CubeIDE/plugins/com.st.stm32cube.ide.mcu.externaltools.gnu-tools-for-stm32.13.3.rel1.win32_1.0.0.202411081344/tools/bin/../lib/gcc/arm-none-eabi/13.3.1/thumb/v7e-m+fp/hard\libgcc.a(_udivmoddi4.o)
 .ARM.attributes
                0x00000577       0x22 C:/ST/STM32CubeIDE_1.14.0/STM32CubeIDE/plugins/com.st.stm32cube.ide.mcu.externaltools.gnu-tools-for-stm32.13.3.rel1.win32_1.0.0.202411081344/tools/bin/../lib/gcc/arm-none-eabi/13.3.1/thumb/v7e-m+fp/hard\libgcc.a(_dvmd_tls.o)
 .ARM.attributes
                0x00000599       0x22 C:/ST/STM32CubeIDE_1.14.0/STM32CubeIDE/plugins/com.st.stm32cube.ide.mcu.externaltools.gnu-tools-for-stm32.13.3.rel1.win32_1.0.0.202411081344/tools/bin/../lib/gcc/arm-none-eabi/13.3.1/thumb/v7e-m+fp/hard/crtn.o
OUTPUT(Lily.elf elf32-littlearm)
LOAD linker stubs
LOAD C:/ST/STM32CubeIDE_1.14.0/STM32CubeIDE/plugins/com.st.stm32cube.ide.mcu.externaltools.gnu-tools-for-stm32.13.3.rel1.win32_1.0.0.202411081344/tools/bin/../lib/gcc/arm-none-eabi/13.3.1/../../../../arm-none-eabi/lib/thumb/v7e-m+fp/hard\libc.a
LOAD C:/ST/STM32CubeIDE_1.14.0/STM32CubeIDE/plugins/com.st.stm32cube.ide.mcu.externaltools.gnu-tools-for-stm32.13.3.rel1.win32_1.0.0.202411081344/tools/bin/../lib/gcc/arm-none-eabi/13.3.1/../../../../arm-none-eabi/lib/thumb/v7e-m+fp/hard\libm.a
LOAD C:/ST/STM32CubeIDE_1.14.0/STM32CubeIDE/plugins/com.st.stm32cube.ide.mcu.externaltools.gnu-tools-for-stm32.13.3.rel1.win32_1.0.0.202411081344/tools/bin/../lib/gcc/arm-none-eabi/13.3.1/thumb/v7e-m+fp/hard\libgcc.a

.debug_info     0x00000000    0x1028f
 .debug_info    0x00000000      0x8fd ./Core/Src/Encoder.o
 .debug_info    0x000008fd      0x1c9 ./Core/Src/LED.o
 .debug_info    0x00000ac6      0x31c ./Core/Src/LineChase.o
 .debug_info    0x00000de2      0x3b4 ./Core/Src/VelocityCtrl.o
 .debug_info    0x00001196     0x1c71 ./Core/Src/main.o
 .debug_info    0x00002e07      0x874 ./Core/Src/motor.o
 .debug_info    0x0000367b     0x1428 ./Core/Src/stm32f4xx_hal_msp.o
 .debug_info    0x00004aa3      0x70c ./Core/Src/stm32f4xx_it.o
 .debug_info    0x000051af      0x1db ./Core/Src/switch.o
 .debug_info    0x0000538a      0x512 ./Core/Src/system_stm32f4xx.o
 .debug_info    0x0000589c       0x30 ./Core/Startup/startup_stm32f405rgtx.o
 .debug_info    0x000058cc      0x932 ./Drivers/STM32F4xx_HAL_Driver/Src/stm32f4xx_hal.o
 .debug_info    0x000061fe      0xce3 ./Drivers/STM32F4xx_HAL_Driver/Src/stm32f4xx_hal_adc.o
 .debug_info    0x00006ee1      0xd7a ./Drivers/STM32F4xx_HAL_Driver/Src/stm32f4xx_hal_cortex.o
 .debug_info    0x00007c5b      0x8e7 ./Drivers/STM32F4xx_HAL_Driver/Src/stm32f4xx_hal_dma.o
 .debug_info    0x00008542      0x6c3 ./Drivers/STM32F4xx_HAL_Driver/Src/stm32f4xx_hal_gpio.o
 .debug_info    0x00008c05      0x8c3 ./Drivers/STM32F4xx_HAL_Driver/Src/stm32f4xx_hal_rcc.o
 .debug_info    0x000094c8     0x299d ./Drivers/STM32F4xx_HAL_Driver/Src/stm32f4xx_hal_tim.o
 .debug_info    0x0000be65     0x14db ./Drivers/STM32F4xx_HAL_Driver/Src/stm32f4xx_hal_tim_ex.o
 .debug_info    0x0000d340     0x2f4f ./Drivers/STM32F4xx_HAL_Driver/Src/stm32f4xx_hal_uart.o

.debug_abbrev   0x00000000     0x28bf
 .debug_abbrev  0x00000000      0x230 ./Core/Src/Encoder.o
 .debug_abbrev  0x00000230      0x103 ./Core/Src/LED.o
 .debug_abbrev  0x00000333      0x16f ./Core/Src/LineChase.o
 .debug_abbrev  0x000004a2      0x17b ./Core/Src/VelocityCtrl.o
 .debug_abbrev  0x0000061d      0x3da ./Core/Src/main.o
 .debug_abbrev  0x000009f7      0x1e8 ./Core/Src/motor.o
 .debug_abbrev  0x00000bdf      0x27b ./Core/Src/stm32f4xx_hal_msp.o
 .debug_abbrev  0x00000e5a      0x194 ./Core/Src/stm32f4xx_it.o
 .debug_abbrev  0x00000fee      0x118 ./Core/Src/switch.o
 .debug_abbrev  0x00001106      0x11a ./Core/Src/system_stm32f4xx.o
 .debug_abbrev  0x00001220       0x24 ./Core/Startup/startup_stm32f405rgtx.o
 .debug_abbrev  0x00001244      0x214 ./Drivers/STM32F4xx_HAL_Driver/Src/stm32f4xx_hal.o
 .debug_abbrev  0x00001458      0x252 ./Drivers/STM32F4xx_HAL_Driver/Src/stm32f4xx_hal_adc.o
 .debug_abbrev  0x000016aa      0x31d ./Drivers/STM32F4xx_HAL_Driver/Src/stm32f4xx_hal_cortex.o
 .debug_abbrev  0x000019c7      0x264 ./Drivers/STM32F4xx_HAL_Driver/Src/stm32f4xx_hal_dma.o
 .debug_abbrev  0x00001c2b      0x1d4 ./Drivers/STM32F4xx_HAL_Driver/Src/stm32f4xx_hal_gpio.o
 .debug_abbrev  0x00001dff      0x2b7 ./Drivers/STM32F4xx_HAL_Driver/Src/stm32f4xx_hal_rcc.o
 .debug_abbrev  0x000020b6      0x278 ./Drivers/STM32F4xx_HAL_Driver/Src/stm32f4xx_hal_tim.o
 .debug_abbrev  0x0000232e      0x283 ./Drivers/STM32F4xx_HAL_Driver/Src/stm32f4xx_hal_tim_ex.o
 .debug_abbrev  0x000025b1      0x30e ./Drivers/STM32F4xx_HAL_Driver/Src/stm32f4xx_hal_uart.o

.debug_aranges  0x00000000      0xf78
 .debug_aranges
                0x00000000       0xb0 ./Core/Src/Encoder.o
 .debug_aranges
                0x000000b0       0x20 ./Core/Src/LED.o
 .debug_aranges
                0x000000d0       0x50 ./Core/Src/LineChase.o
 .debug_aranges
                0x00000120       0x80 ./Core/Src/VelocityCtrl.o
 .debug_aranges
                0x000001a0       0x98 ./Core/Src/main.o
 .debug_aranges
                0x00000238       0x30 ./Core/Src/motor.o
 .debug_aranges
                0x00000268       0x78 ./Core/Src/stm32f4xx_hal_msp.o
 .debug_aranges
                0x000002e0       0x70 ./Core/Src/stm32f4xx_it.o
 .debug_aranges
                0x00000350       0x20 ./Core/Src/switch.o
 .debug_aranges
                0x00000370       0x28 ./Core/Src/system_stm32f4xx.o
 .debug_aranges
                0x00000398       0x28 ./Core/Startup/startup_stm32f405rgtx.o
 .debug_aranges
                0x000003c0       0xf0 ./Drivers/STM32F4xx_HAL_Driver/Src/stm32f4xx_hal.o
 .debug_aranges
                0x000004b0       0xe8 ./Drivers/STM32F4xx_HAL_Driver/Src/stm32f4xx_hal_adc.o
 .debug_aranges
                0x00000598      0x130 ./Drivers/STM32F4xx_HAL_Driver/Src/stm32f4xx_hal_cortex.o
 .debug_aranges
                0x000006c8       0x90 ./Drivers/STM32F4xx_HAL_Driver/Src/stm32f4xx_hal_dma.o
 .debug_aranges
                0x00000758       0x58 ./Drivers/STM32F4xx_HAL_Driver/Src/stm32f4xx_hal_gpio.o
 .debug_aranges
                0x000007b0       0x88 ./Drivers/STM32F4xx_HAL_Driver/Src/stm32f4xx_hal_rcc.o
 .debug_aranges
                0x00000838      0x3d0 ./Drivers/STM32F4xx_HAL_Driver/Src/stm32f4xx_hal_tim.o
 .debug_aranges
                0x00000c08      0x168 ./Drivers/STM32F4xx_HAL_Driver/Src/stm32f4xx_hal_tim_ex.o
 .debug_aranges
                0x00000d70      0x208 ./Drivers/STM32F4xx_HAL_Driver/Src/stm32f4xx_hal_uart.o

.debug_rnglists
                0x00000000      0xc0c
 .debug_rnglists
                0x00000000       0x80 ./Core/Src/Encoder.o
 .debug_rnglists
                0x00000080       0x14 ./Core/Src/LED.o
 .debug_rnglists
                0x00000094       0x3a ./Core/Src/LineChase.o
 .debug_rnglists
                0x000000ce       0x5c ./Core/Src/VelocityCtrl.o
 .debug_rnglists
                0x0000012a       0x81 ./Core/Src/main.o
 .debug_rnglists
                0x000001ab       0x20 ./Core/Src/motor.o
 .debug_rnglists
                0x000001cb       0x58 ./Core/Src/stm32f4xx_hal_msp.o
 .debug_rnglists
                0x00000223       0x4f ./Core/Src/stm32f4xx_it.o
 .debug_rnglists
                0x00000272       0x13 ./Core/Src/switch.o
 .debug_rnglists
                0x00000285       0x1a ./Core/Src/system_stm32f4xx.o
 .debug_rnglists
                0x0000029f       0x19 ./Core/Startup/startup_stm32f405rgtx.o
 .debug_rnglists
                0x000002b8       0xaf ./Drivers/STM32F4xx_HAL_Driver/Src/stm32f4xx_hal.o
 .debug_rnglists
                0x00000367       0xb5 ./Drivers/STM32F4xx_HAL_Driver/Src/stm32f4xx_hal_adc.o
 .debug_rnglists
                0x0000041c       0xe0 ./Drivers/STM32F4xx_HAL_Driver/Src/stm32f4xx_hal_cortex.o
 .debug_rnglists
                0x000004fc       0x70 ./Drivers/STM32F4xx_HAL_Driver/Src/stm32f4xx_hal_dma.o
 .debug_rnglists
                0x0000056c       0x3f ./Drivers/STM32F4xx_HAL_Driver/Src/stm32f4xx_hal_gpio.o
 .debug_rnglists
                0x000005ab       0x66 ./Drivers/STM32F4xx_HAL_Driver/Src/stm32f4xx_hal_rcc.o
 .debug_rnglists
                0x00000611      0x31a ./Drivers/STM32F4xx_HAL_Driver/Src/stm32f4xx_hal_tim.o
 .debug_rnglists
                0x0000092b      0x125 ./Drivers/STM32F4xx_HAL_Driver/Src/stm32f4xx_hal_tim_ex.o
 .debug_rnglists
                0x00000a50      0x1bc ./Drivers/STM32F4xx_HAL_Driver/Src/stm32f4xx_hal_uart.o

.debug_macro    0x00000000    0x20c0b
 .debug_macro   0x00000000      0x22a ./Core/Src/Encoder.o
 .debug_macro   0x0000022a      0xad8 ./Core/Src/Encoder.o
 .debug_macro   0x00000d02      0x2a1 ./Core/Src/Encoder.o
 .debug_macro   0x00000fa3       0x2e ./Core/Src/Encoder.o
 .debug_macro   0x00000fd1       0x2f ./Core/Src/Encoder.o
 .debug_macro   0x00001000       0x22 ./Core/Src/Encoder.o
 .debug_macro   0x00001022       0x8e ./Core/Src/Encoder.o
 .debug_macro   0x000010b0       0x51 ./Core/Src/Encoder.o
 .debug_macro   0x00001101      0x103 ./Core/Src/Encoder.o
 .debug_macro   0x00001204       0x6a ./Core/Src/Encoder.o
 .debug_macro   0x0000126e      0x1df ./Core/Src/Encoder.o
 .debug_macro   0x0000144d       0x1c ./Core/Src/Encoder.o
 .debug_macro   0x00001469       0x22 ./Core/Src/Encoder.o
 .debug_macro   0x0000148b       0xfb ./Core/Src/Encoder.o
 .debug_macro   0x00001586     0x1011 ./Core/Src/Encoder.o
 .debug_macro   0x00002597      0x11f ./Core/Src/Encoder.o
 .debug_macro   0x000026b6    0x1427b ./Core/Src/Encoder.o
 .debug_macro   0x00016931       0x6d ./Core/Src/Encoder.o
 .debug_macro   0x0001699e     0x3693 ./Core/Src/Encoder.o
 .debug_macro   0x0001a031      0x190 ./Core/Src/Encoder.o
 .debug_macro   0x0001a1c1       0x5c ./Core/Src/Encoder.o
 .debug_macro   0x0001a21d      0x8bc ./Core/Src/Encoder.o
 .debug_macro   0x0001aad9      0x9e9 ./Core/Src/Encoder.o
 .debug_macro   0x0001b4c2      0x115 ./Core/Src/Encoder.o
 .debug_macro   0x0001b5d7      0x130 ./Core/Src/Encoder.o
 .debug_macro   0x0001b707       0xa5 ./Core/Src/Encoder.o
 .debug_macro   0x0001b7ac      0x174 ./Core/Src/Encoder.o
 .debug_macro   0x0001b920      0x287 ./Core/Src/Encoder.o
 .debug_macro   0x0001bba7       0x5f ./Core/Src/Encoder.o
 .debug_macro   0x0001bc06      0x236 ./Core/Src/Encoder.o
 .debug_macro   0x0001be3c      0xb5b ./Core/Src/Encoder.o
 .debug_macro   0x0001c997      0x38b ./Core/Src/Encoder.o
 .debug_macro   0x0001cd22      0x176 ./Core/Src/Encoder.o
 .debug_macro   0x0001ce98       0xf9 ./Core/Src/Encoder.o
 .debug_macro   0x0001cf91      0x12c ./Core/Src/Encoder.o
 .debug_macro   0x0001d0bd      0x21e ./Core/Src/Encoder.o
 .debug_macro   0x0001d2db       0x2e ./Core/Src/Encoder.o
 .debug_macro   0x0001d309      0x127 ./Core/Src/Encoder.o
 .debug_macro   0x0001d430       0x7e ./Core/Src/Encoder.o
 .debug_macro   0x0001d4ae       0x89 ./Core/Src/Encoder.o
 .debug_macro   0x0001d537      0x8ed ./Core/Src/Encoder.o
 .debug_macro   0x0001de24       0x4d ./Core/Src/Encoder.o
 .debug_macro   0x0001de71      0x2aa ./Core/Src/Encoder.o
 .debug_macro   0x0001e11b      0x12d ./Core/Src/Encoder.o
 .debug_macro   0x0001e248      0x200 ./Core/Src/LED.o
 .debug_macro   0x0001e448      0x230 ./Core/Src/LineChase.o
 .debug_macro   0x0001e678       0x10 ./Core/Src/LineChase.o
 .debug_macro   0x0001e688       0x22 ./Core/Src/LineChase.o
 .debug_macro   0x0001e6aa      0x214 ./Core/Src/LineChase.o
 .debug_macro   0x0001e8be       0x22 ./Core/Src/LineChase.o
 .debug_macro   0x0001e8e0      0x237 ./Core/Src/VelocityCtrl.o
 .debug_macro   0x0001eb17      0x260 ./Core/Src/main.o
 .debug_macro   0x0001ed77      0x20e ./Core/Src/main.o
 .debug_macro   0x0001ef85       0x22 ./Core/Src/main.o
 .debug_macro   0x0001efa7      0x205 ./Core/Src/motor.o
 .debug_macro   0x0001f1ac       0x1c ./Core/Src/motor.o
 .debug_macro   0x0001f1c8      0x205 ./Core/Src/stm32f4xx_hal_msp.o
 .debug_macro   0x0001f3cd      0x20f ./Core/Src/stm32f4xx_it.o
 .debug_macro   0x0001f5dc      0x200 ./Core/Src/switch.o
 .debug_macro   0x0001f7dc      0x1f6 ./Core/Src/system_stm32f4xx.o
 .debug_macro   0x0001f9d2      0x256 ./Drivers/STM32F4xx_HAL_Driver/Src/stm32f4xx_hal.o
 .debug_macro   0x0001fc28      0x1f7 ./Drivers/STM32F4xx_HAL_Driver/Src/stm32f4xx_hal_adc.o
 .debug_macro   0x0001fe1f      0x1f6 ./Drivers/STM32F4xx_HAL_Driver/Src/stm32f4xx_hal_cortex.o
 .debug_macro   0x00020015      0x1fc ./Drivers/STM32F4xx_HAL_Driver/Src/stm32f4xx_hal_dma.o
 .debug_macro   0x00020211      0x1fc ./Drivers/STM32F4xx_HAL_Driver/Src/stm32f4xx_hal_gpio.o
 .debug_macro   0x0002040d      0x21a ./Drivers/STM32F4xx_HAL_Driver/Src/stm32f4xx_hal_rcc.o
 .debug_macro   0x00020627      0x1f7 ./Drivers/STM32F4xx_HAL_Driver/Src/stm32f4xx_hal_tim.o
 .debug_macro   0x0002081e      0x1f6 ./Drivers/STM32F4xx_HAL_Driver/Src/stm32f4xx_hal_tim_ex.o
 .debug_macro   0x00020a14      0x1f7 ./Drivers/STM32F4xx_HAL_Driver/Src/stm32f4xx_hal_uart.o

.debug_line     0x00000000    0x12b50
 .debug_line    0x00000000      0x9c9 ./Core/Src/Encoder.o
 .debug_line    0x000009c9      0x7f3 ./Core/Src/LED.o
 .debug_line    0x000011bc      0x9e9 ./Core/Src/LineChase.o
 .debug_line    0x00001ba5      0x99d ./Core/Src/VelocityCtrl.o
 .debug_line    0x00002542      0xf9e ./Core/Src/main.o
 .debug_line    0x000034e0      0x803 ./Core/Src/motor.o
 .debug_line    0x00003ce3      0x98a ./Core/Src/stm32f4xx_hal_msp.o
 .debug_line    0x0000466d      0x86c ./Core/Src/stm32f4xx_it.o
 .debug_line    0x00004ed9      0x7ae ./Core/Src/switch.o
 .debug_line    0x00005687      0x803 ./Core/Src/system_stm32f4xx.o
 .debug_line    0x00005e8a       0x7a ./Core/Startup/startup_stm32f405rgtx.o
 .debug_line    0x00005f04      0xa7f ./Drivers/STM32F4xx_HAL_Driver/Src/stm32f4xx_hal.o
 .debug_line    0x00006983     0x1296 ./Drivers/STM32F4xx_HAL_Driver/Src/stm32f4xx_hal_adc.o
 .debug_line    0x00007c19      0xd4f ./Drivers/STM32F4xx_HAL_Driver/Src/stm32f4xx_hal_cortex.o
 .debug_line    0x00008968      0xfeb ./Drivers/STM32F4xx_HAL_Driver/Src/stm32f4xx_hal_dma.o
 .debug_line    0x00009953      0xbd7 ./Drivers/STM32F4xx_HAL_Driver/Src/stm32f4xx_hal_gpio.o
 .debug_line    0x0000a52a      0xe8c ./Drivers/STM32F4xx_HAL_Driver/Src/stm32f4xx_hal_rcc.o
 .debug_line    0x0000b3b6     0x37f4 ./Drivers/STM32F4xx_HAL_Driver/Src/stm32f4xx_hal_tim.o
 .debug_line    0x0000ebaa     0x19df ./Drivers/STM32F4xx_HAL_Driver/Src/stm32f4xx_hal_tim_ex.o
 .debug_line    0x00010589     0x25c7 ./Drivers/STM32F4xx_HAL_Driver/Src/stm32f4xx_hal_uart.o

.debug_str      0x00000000    0xca64b
 .debug_str     0x00000000    0xca64b ./Core/Src/Encoder.o
                              0xc5f0f (size before relaxing)
 .debug_str     0x000ca64b    0xc56df ./Core/Src/LED.o
 .debug_str     0x000ca64b    0xc6164 ./Core/Src/LineChase.o
 .debug_str     0x000ca64b    0xc59ca ./Core/Src/VelocityCtrl.o
 .debug_str     0x000ca64b    0xc7710 ./Core/Src/main.o
 .debug_str     0x000ca64b    0xc5d24 ./Core/Src/motor.o
 .debug_str     0x000ca64b    0xc6f9b ./Core/Src/stm32f4xx_hal_msp.o
 .debug_str     0x000ca64b    0xc64d7 ./Core/Src/stm32f4xx_it.o
 .debug_str     0x000ca64b    0xc56f0 ./Core/Src/switch.o
 .debug_str     0x000ca64b    0xc5809 ./Core/Src/system_stm32f4xx.o
 .debug_str     0x000ca64b       0x7c ./Core/Startup/startup_stm32f405rgtx.o
 .debug_str     0x000ca64b    0xc636c ./Drivers/STM32F4xx_HAL_Driver/Src/stm32f4xx_hal.o
 .debug_str     0x000ca64b    0xc5df6 ./Drivers/STM32F4xx_HAL_Driver/Src/stm32f4xx_hal_adc.o
 .debug_str     0x000ca64b    0xc60e8 ./Drivers/STM32F4xx_HAL_Driver/Src/stm32f4xx_hal_cortex.o
 .debug_str     0x000ca64b    0xc5c23 ./Drivers/STM32F4xx_HAL_Driver/Src/stm32f4xx_hal_dma.o
 .debug_str     0x000ca64b    0xc5984 ./Drivers/STM32F4xx_HAL_Driver/Src/stm32f4xx_hal_gpio.o
 .debug_str     0x000ca64b    0xc5c3d ./Drivers/STM32F4xx_HAL_Driver/Src/stm32f4xx_hal_rcc.o
 .debug_str     0x000ca64b    0xc6b93 ./Drivers/STM32F4xx_HAL_Driver/Src/stm32f4xx_hal_tim.o
 .debug_str     0x000ca64b    0xc639f ./Drivers/STM32F4xx_HAL_Driver/Src/stm32f4xx_hal_tim_ex.o
 .debug_str     0x000ca64b    0xc621e ./Drivers/STM32F4xx_HAL_Driver/Src/stm32f4xx_hal_uart.o

.comment        0x00000000       0x43
 .comment       0x00000000       0x43 ./Core/Src/Encoder.o
                                 0x44 (size before relaxing)
 .comment       0x00000043       0x44 ./Core/Src/LED.o
 .comment       0x00000043       0x44 ./Core/Src/LineChase.o
 .comment       0x00000043       0x44 ./Core/Src/VelocityCtrl.o
 .comment       0x00000043       0x44 ./Core/Src/main.o
 .comment       0x00000043       0x44 ./Core/Src/motor.o
 .comment       0x00000043       0x44 ./Core/Src/stm32f4xx_hal_msp.o
 .comment       0x00000043       0x44 ./Core/Src/stm32f4xx_it.o
 .comment       0x00000043       0x44 ./Core/Src/switch.o
 .comment       0x00000043       0x44 ./Core/Src/system_stm32f4xx.o
 .comment       0x00000043       0x44 ./Drivers/STM32F4xx_HAL_Driver/Src/stm32f4xx_hal.o
 .comment       0x00000043       0x44 ./Drivers/STM32F4xx_HAL_Driver/Src/stm32f4xx_hal_adc.o
 .comment       0x00000043       0x44 ./Drivers/STM32F4xx_HAL_Driver/Src/stm32f4xx_hal_cortex.o
 .comment       0x00000043       0x44 ./Drivers/STM32F4xx_HAL_Driver/Src/stm32f4xx_hal_dma.o
 .comment       0x00000043       0x44 ./Drivers/STM32F4xx_HAL_Driver/Src/stm32f4xx_hal_gpio.o
 .comment       0x00000043       0x44 ./Drivers/STM32F4xx_HAL_Driver/Src/stm32f4xx_hal_rcc.o
 .comment       0x00000043       0x44 ./Drivers/STM32F4xx_HAL_Driver/Src/stm32f4xx_hal_tim.o
 .comment       0x00000043       0x44 ./Drivers/STM32F4xx_HAL_Driver/Src/stm32f4xx_hal_tim_ex.o
 .comment       0x00000043       0x44 ./Drivers/STM32F4xx_HAL_Driver/Src/stm32f4xx_hal_uart.o

.debug_frame    0x00000000     0x40e0
 .debug_frame   0x00000000      0x274 ./Core/Src/Encoder.o
 .debug_frame   0x00000274       0x34 ./Core/Src/LED.o
 .debug_frame   0x000002a8      0x108 ./Core/Src/LineChase.o
 .debug_frame   0x000003b0      0x1d0 ./Core/Src/VelocityCtrl.o
 .debug_frame   0x00000580      0x234 ./Core/Src/main.o
 .debug_frame   0x000007b4       0x78 ./Core/Src/motor.o
 .debug_frame   0x0000082c      0x1cc ./Core/Src/stm32f4xx_hal_msp.o
 .debug_frame   0x000009f8      0x13c ./Core/Src/stm32f4xx_it.o
 .debug_frame   0x00000b34       0x34 ./Core/Src/switch.o
 .debug_frame   0x00000b68       0x58 ./Core/Src/system_stm32f4xx.o
 .debug_frame   0x00000bc0      0x374 ./Drivers/STM32F4xx_HAL_Driver/Src/stm32f4xx_hal.o
 .debug_frame   0x00000f34      0x3fc ./Drivers/STM32F4xx_HAL_Driver/Src/stm32f4xx_hal_adc.o
 .debug_frame   0x00001330      0x508 ./Drivers/STM32F4xx_HAL_Driver/Src/stm32f4xx_hal_cortex.o
 .debug_frame   0x00001838      0x250 ./Drivers/STM32F4xx_HAL_Driver/Src/stm32f4xx_hal_dma.o
 .debug_frame   0x00001a88      0x14c ./Drivers/STM32F4xx_HAL_Driver/Src/stm32f4xx_hal_gpio.o
 .debug_frame   0x00001bd4      0x1f4 ./Drivers/STM32F4xx_HAL_Driver/Src/stm32f4xx_hal_rcc.o
 .debug_frame   0x00001dc8     0x11c0 ./Drivers/STM32F4xx_HAL_Driver/Src/stm32f4xx_hal_tim.o
 .debug_frame   0x00002f88      0x638 ./Drivers/STM32F4xx_HAL_Driver/Src/stm32f4xx_hal_tim_ex.o
 .debug_frame   0x000035c0      0x954 ./Drivers/STM32F4xx_HAL_Driver/Src/stm32f4xx_hal_uart.o
 .debug_frame   0x00003f14       0x20 C:/ST/STM32CubeIDE_1.14.0/STM32CubeIDE/plugins/com.st.stm32cube.ide.mcu.externaltools.gnu-tools-for-stm32.13.3.rel1.win32_1.0.0.202411081344/tools/bin/../lib/gcc/arm-none-eabi/13.3.1/../../../../arm-none-eabi/lib/thumb/v7e-m+fp/hard\libc_nano.a(libc_a-memset.o)
 .debug_frame   0x00003f34       0x2c C:/ST/STM32CubeIDE_1.14.0/STM32CubeIDE/plugins/com.st.stm32cube.ide.mcu.externaltools.gnu-tools-for-stm32.13.3.rel1.win32_1.0.0.202411081344/tools/bin/../lib/gcc/arm-none-eabi/13.3.1/../../../../arm-none-eabi/lib/thumb/v7e-m+fp/hard\libc_nano.a(libc_a-init.o)
 .debug_frame   0x00003f60       0xac C:/ST/STM32CubeIDE_1.14.0/STM32CubeIDE/plugins/com.st.stm32cube.ide.mcu.externaltools.gnu-tools-for-stm32.13.3.rel1.win32_1.0.0.202411081344/tools/bin/../lib/gcc/arm-none-eabi/13.3.1/thumb/v7e-m+fp/hard\libgcc.a(_arm_addsubdf3.o)
 .debug_frame   0x0000400c       0x50 C:/ST/STM32CubeIDE_1.14.0/STM32CubeIDE/plugins/com.st.stm32cube.ide.mcu.externaltools.gnu-tools-for-stm32.13.3.rel1.win32_1.0.0.202411081344/tools/bin/../lib/gcc/arm-none-eabi/13.3.1/thumb/v7e-m+fp/hard\libgcc.a(_arm_muldivdf3.o)
 .debug_frame   0x0000405c       0x24 C:/ST/STM32CubeIDE_1.14.0/STM32CubeIDE/plugins/com.st.stm32cube.ide.mcu.externaltools.gnu-tools-for-stm32.13.3.rel1.win32_1.0.0.202411081344/tools/bin/../lib/gcc/arm-none-eabi/13.3.1/thumb/v7e-m+fp/hard\libgcc.a(_arm_truncdfsf2.o)
 .debug_frame   0x00004080       0x2c C:/ST/STM32CubeIDE_1.14.0/STM32CubeIDE/plugins/com.st.stm32cube.ide.mcu.externaltools.gnu-tools-for-stm32.13.3.rel1.win32_1.0.0.202411081344/tools/bin/../lib/gcc/arm-none-eabi/13.3.1/thumb/v7e-m+fp/hard\libgcc.a(_aeabi_uldivmod.o)
 .debug_frame   0x000040ac       0x34 C:/ST/STM32CubeIDE_1.14.0/STM32CubeIDE/plugins/com.st.stm32cube.ide.mcu.externaltools.gnu-tools-for-stm32.13.3.rel1.win32_1.0.0.202411081344/tools/bin/../lib/gcc/arm-none-eabi/13.3.1/thumb/v7e-m+fp/hard\libgcc.a(_udivmoddi4.o)

.debug_line_str
                0x00000000       0x60
 .debug_line_str
                0x00000000       0x60 ./Core/Startup/startup_stm32f405rgtx.o
