../Core/Src/Encoder.c:36:6:initEncoder	8	static
../Core/Src/Encoder.c:44:6:updateEncoderCnt	8	static
../Core/Src/Encoder.c:66:6:getEncoderCnt	16	static
../Core/Src/Encoder.c:72:7:getTotalDistance	4	static
../Core/Src/Encoder.c:76:7:getGoalJudgeDistance	4	static
../Core/Src/Encoder.c:80:7:getSideLineJudgeDistance	4	static
../Core/Src/Encoder.c:84:6:setTotalDistance	16	static
../Core/Src/Encoder.c:89:7:getCrossLineIgnoreDistance	4	static
../Core/Src/Encoder.c:94:7:getSideLineIgnoreDistance	4	static
../Core/Src/Encoder.c:99:6:clearTotalDistance	4	static
../Core/Src/Encoder.c:103:6:clearGoalJudgeDistance	4	static
../Core/Src/Encoder.c:107:6:clearSideLineJudgeDistance	4	static
../Core/Src/Encoder.c:111:6:clearCrossLineIgnoreDistance	4	static
../Core/Src/Encoder.c:116:6:clearSideLineIgnoreDistance	4	static
../Core/Src/Encoder.c:121:6:resetEncoderCnt	4	static
../Core/Src/Encoder.c:127:7:getDistance10mm	4	static
../Core/Src/Encoder.c:131:6:clearDistance10mm	4	static
../Core/Src/Encoder.c:135:7:getspeedcount	8	static
../Core/Src/Encoder.c:143:6:clearspeedcount	4	static
