../Core/Src/main.c:131:6:sensorCalibration	144	static
../Core/Src/main.c:166:6:updateLineSensor	16	static
../Core/Src/main.c:213:6:updateLinesensorCnt	4	static
../Core/Src/main.c:217:6:HAL_TIM_PeriodElapsedCallback	16	static
../Core/Src/main.c:269:6:init	8	static
../Core/Src/main.c:301:5:main	8	static
../Core/Src/main.c:426:6:SystemClock_Config	88	static
../Core/Src/main.c:469:13:MX_ADC1_Init	24	static
../Core/Src/main.c:640:13:MX_TIM3_Init	56	static
../Core/Src/main.c:687:13:MX_TIM4_Init	56	static
../Core/Src/main.c:734:13:MX_TIM6_Init	16	static
../Core/Src/main.c:770:13:MX_TIM8_Init	80	static
../Core/Src/main.c:841:13:MX_USART1_UART_Init	8	static
../Core/Src/main.c:870:13:MX_DMA_Init	16	static
../Core/Src/main.c:887:13:MX_GPIO_Init	48	static
../Core/Src/main.c:998:6:Error_Handler	4	static,ignoring_inline_asm
