../Core/Src/VelocityCtrl.c:31:6:calculateVelocityControlFlip	48	static
../Core/Src/VelocityCtrl.c:79:7:getVelocityControlTerm	4	static
../Core/Src/VelocityCtrl.c:84:7:getpidplus	4	static
../Core/Src/VelocityCtrl.c:89:7:getTargetAcceleration	4	static
../Core/Src/VelocityCtrl.c:94:6:setTargetVelocity	16	static
../Core/Src/VelocityCtrl.c:99:6:setTargetAcceleration	16	static
../Core/Src/VelocityCtrl.c:104:7:setvariablespeed	8	static
../Core/Src/VelocityCtrl.c:116:7:getCurrentVelocity	24	static
../Core/Src/VelocityCtrl.c:128:7:getTargetVelocity	4	static
../Core/Src/VelocityCtrl.c:133:6:startVelocityControl	4	static
../Core/Src/VelocityCtrl.c:139:6:stopVelocityControl	4	static
../Core/Src/VelocityCtrl.c:144:6:setClearFlagOfVelocityControlI	4	static
../Core/Src/VelocityCtrl.c:149:6:setrunmode	16	static
