../Core/Src/VelocityCtrl.c:31:6:calculateVelocityControlFlip	48	static
../Core/Src/VelocityCtrl.c:80:7:getVelocityControlTerm	4	static
../Core/Src/VelocityCtrl.c:85:7:getpidplus	4	static
../Core/Src/VelocityCtrl.c:90:7:getTargetAcceleration	4	static
../Core/Src/VelocityCtrl.c:95:6:setTargetVelocity	16	static
../Core/Src/VelocityCtrl.c:100:6:setTargetAcceleration	16	static
../Core/Src/VelocityCtrl.c:105:7:setvariablespeed	8	static
../Core/Src/VelocityCtrl.c:117:7:getCurrentVelocity	24	static
../Core/Src/VelocityCtrl.c:129:7:getTargetVelocity	4	static
../Core/Src/VelocityCtrl.c:134:6:startVelocityControl	4	static
../Core/Src/VelocityCtrl.c:140:6:stopVelocityControl	4	static
../Core/Src/VelocityCtrl.c:145:6:setClearFlagOfVelocityControlI	4	static
../Core/Src/VelocityCtrl.c:150:6:setrunmode	16	static
